Archive member included to satisfy reference by file (symbol)

/home/zuidec/Programs/st/stm32cubeide_1.17.0/plugins/com.st.stm32cube.ide.mcu.externaltools.gnu-tools-for-stm32.13.3.rel1.linux64_1.0.0.202410170706/tools/bin/../lib/gcc/arm-none-eabi/13.3.1/../../../../arm-none-eabi/lib/thumb/v7e-m+fp/hard/libc_nano.a(libc_a-exit.o)
                              /home/zuidec/Programs/st/stm32cubeide_1.17.0/plugins/com.st.stm32cube.ide.mcu.externaltools.gnu-tools-for-stm32.13.3.rel1.linux64_1.0.0.202410170706/tools/bin/../lib/gcc/arm-none-eabi/13.3.1/../../../../arm-none-eabi/lib/thumb/v7e-m+fp/hard/crt0.o (exit)
/home/zuidec/Programs/st/stm32cubeide_1.17.0/plugins/com.st.stm32cube.ide.mcu.externaltools.gnu-tools-for-stm32.13.3.rel1.linux64_1.0.0.202410170706/tools/bin/../lib/gcc/arm-none-eabi/13.3.1/../../../../arm-none-eabi/lib/thumb/v7e-m+fp/hard/libc_nano.a(libc_a-findfp.o)
                              /home/zuidec/Programs/st/stm32cubeide_1.17.0/plugins/com.st.stm32cube.ide.mcu.externaltools.gnu-tools-for-stm32.13.3.rel1.linux64_1.0.0.202410170706/tools/bin/../lib/gcc/arm-none-eabi/13.3.1/../../../../arm-none-eabi/lib/thumb/v7e-m+fp/hard/libc_nano.a(libc_a-exit.o) (__stdio_exit_handler)
/home/zuidec/Programs/st/stm32cubeide_1.17.0/plugins/com.st.stm32cube.ide.mcu.externaltools.gnu-tools-for-stm32.13.3.rel1.linux64_1.0.0.202410170706/tools/bin/../lib/gcc/arm-none-eabi/13.3.1/../../../../arm-none-eabi/lib/thumb/v7e-m+fp/hard/libc_nano.a(libc_a-fwalk.o)
                              /home/zuidec/Programs/st/stm32cubeide_1.17.0/plugins/com.st.stm32cube.ide.mcu.externaltools.gnu-tools-for-stm32.13.3.rel1.linux64_1.0.0.202410170706/tools/bin/../lib/gcc/arm-none-eabi/13.3.1/../../../../arm-none-eabi/lib/thumb/v7e-m+fp/hard/libc_nano.a(libc_a-findfp.o) (_fwalk_sglue)
/home/zuidec/Programs/st/stm32cubeide_1.17.0/plugins/com.st.stm32cube.ide.mcu.externaltools.gnu-tools-for-stm32.13.3.rel1.linux64_1.0.0.202410170706/tools/bin/../lib/gcc/arm-none-eabi/13.3.1/../../../../arm-none-eabi/lib/thumb/v7e-m+fp/hard/libc_nano.a(libc_a-snprintf.o)
                              ./Core/Src/main.o (snprintf)
/home/zuidec/Programs/st/stm32cubeide_1.17.0/plugins/com.st.stm32cube.ide.mcu.externaltools.gnu-tools-for-stm32.13.3.rel1.linux64_1.0.0.202410170706/tools/bin/../lib/gcc/arm-none-eabi/13.3.1/../../../../arm-none-eabi/lib/thumb/v7e-m+fp/hard/libc_nano.a(libc_a-stdio.o)
                              /home/zuidec/Programs/st/stm32cubeide_1.17.0/plugins/com.st.stm32cube.ide.mcu.externaltools.gnu-tools-for-stm32.13.3.rel1.linux64_1.0.0.202410170706/tools/bin/../lib/gcc/arm-none-eabi/13.3.1/../../../../arm-none-eabi/lib/thumb/v7e-m+fp/hard/libc_nano.a(libc_a-findfp.o) (__sread)
/home/zuidec/Programs/st/stm32cubeide_1.17.0/plugins/com.st.stm32cube.ide.mcu.externaltools.gnu-tools-for-stm32.13.3.rel1.linux64_1.0.0.202410170706/tools/bin/../lib/gcc/arm-none-eabi/13.3.1/../../../../arm-none-eabi/lib/thumb/v7e-m+fp/hard/libc_nano.a(libc_a-memset.o)
                              /home/zuidec/Programs/st/stm32cubeide_1.17.0/plugins/com.st.stm32cube.ide.mcu.externaltools.gnu-tools-for-stm32.13.3.rel1.linux64_1.0.0.202410170706/tools/bin/../lib/gcc/arm-none-eabi/13.3.1/../../../../arm-none-eabi/lib/thumb/v7e-m+fp/hard/crt0.o (memset)
/home/zuidec/Programs/st/stm32cubeide_1.17.0/plugins/com.st.stm32cube.ide.mcu.externaltools.gnu-tools-for-stm32.13.3.rel1.linux64_1.0.0.202410170706/tools/bin/../lib/gcc/arm-none-eabi/13.3.1/../../../../arm-none-eabi/lib/thumb/v7e-m+fp/hard/libc_nano.a(libc_a-closer.o)
                              /home/zuidec/Programs/st/stm32cubeide_1.17.0/plugins/com.st.stm32cube.ide.mcu.externaltools.gnu-tools-for-stm32.13.3.rel1.linux64_1.0.0.202410170706/tools/bin/../lib/gcc/arm-none-eabi/13.3.1/../../../../arm-none-eabi/lib/thumb/v7e-m+fp/hard/libc_nano.a(libc_a-stdio.o) (_close_r)
/home/zuidec/Programs/st/stm32cubeide_1.17.0/plugins/com.st.stm32cube.ide.mcu.externaltools.gnu-tools-for-stm32.13.3.rel1.linux64_1.0.0.202410170706/tools/bin/../lib/gcc/arm-none-eabi/13.3.1/../../../../arm-none-eabi/lib/thumb/v7e-m+fp/hard/libc_nano.a(libc_a-reent.o)
                              /home/zuidec/Programs/st/stm32cubeide_1.17.0/plugins/com.st.stm32cube.ide.mcu.externaltools.gnu-tools-for-stm32.13.3.rel1.linux64_1.0.0.202410170706/tools/bin/../lib/gcc/arm-none-eabi/13.3.1/../../../../arm-none-eabi/lib/thumb/v7e-m+fp/hard/libc_nano.a(libc_a-closer.o) (errno)
/home/zuidec/Programs/st/stm32cubeide_1.17.0/plugins/com.st.stm32cube.ide.mcu.externaltools.gnu-tools-for-stm32.13.3.rel1.linux64_1.0.0.202410170706/tools/bin/../lib/gcc/arm-none-eabi/13.3.1/../../../../arm-none-eabi/lib/thumb/v7e-m+fp/hard/libc_nano.a(libc_a-impure.o)
[...]
Memory Configuration

Name             Origin             Length             Attributes
CCMRAM           0x10000000         0x00010000         xrw
RAM              0x20000000         0x00020000         xrw
FLASH            0x08000000         0x00080000         xr
*default*        0x00000000         0xffffffff

Linker script and memory map

LOAD /home/zuidec/Programs/st/stm32cubeide_1.17.0/plugins/com.st.stm32cube.ide.mcu.externaltools.gnu-tools-for-stm32.13.3.rel1.linux64_1.0.0.202410170706/tools/bin/../lib/gcc/arm-none-eabi/13.3.1/thumb/v7e-m+fp/hard/crti.o
LOAD /home/zuidec/Programs/st/stm32cubeide_1.17.0/plugins/com.st.stm32cube.ide.mcu.externaltools.gnu-tools-for-stm32.13.3.rel1.linux64_1.0.0.202410170706/tools/bin/../lib/gcc/arm-none-eabi/13.3.1/thumb/v7e-m+fp/hard/crtbegin.o
LOAD /home/zuidec/Programs/st/stm32cubeide_1.17.0/plugins/com.st.stm32cube.ide.mcu.externaltools.gnu-tools-for-stm32.13.3.rel1.linux64_1.0.0.202410170706/tools/bin/../lib/gcc/arm-none-eabi/13.3.1/../../../../arm-none-eabi/lib/thumb/v7e-m+fp/hard/crt0.o
LOAD ./Core/HID_Backup/backup_usbd_hid.o
LOAD ./Core/Src/adc.o
LOAD ./Core/Src/bitutils.o
LOAD ./Core/Src/calibration.o
LOAD ./Core/Src/com_packet.o
LOAD ./Core/Src/crc.o
LOAD ./Core/Src/dma.o
LOAD ./Core/Src/fifo.o
LOAD ./Core/Src/gpio.o
LOAD ./Core/Src/input_filter.o
LOAD ./Core/Src/main.o
LOAD ./Core/Src/spi.o
LOAD ./Core/Src/stepper.o
LOAD ./Core/Src/stm32f4xx_hal_msp.o
LOAD ./Core/Src/stm32f4xx_it.o
LOAD ./Core/Src/syscalls.o
LOAD ./Core/Src/sysmem.o
LOAD ./Core/Src/system_stm32f4xx.o
LOAD ./Core/Src/tim.o
LOAD ./Core/Src/uart.o
LOAD ./Core/Src/usart.o
LOAD ./Core/Src/usb_otg.o
LOAD ./Core/Src/w25q16jv.o
LOAD ./Core/Startup/startup_stm32f407vetx.o
LOAD ./Drivers/STM32F4xx_HAL_Driver/Src/stm32f4xx_hal.o
LOAD ./Drivers/STM32F4xx_HAL_Driver/Src/stm32f4xx_hal_adc.o
LOAD ./Drivers/STM32F4xx_HAL_Driver/Src/stm32f4xx_hal_adc_ex.o
LOAD ./Drivers/STM32F4xx_HAL_Driver/Src/stm32f4xx_hal_cortex.o
LOAD ./Drivers/STM32F4xx_HAL_Driver/Src/stm32f4xx_hal_crc.o
LOAD ./Drivers/STM32F4xx_HAL_Driver/Src/stm32f4xx_hal_dma.o
LOAD ./Drivers/STM32F4xx_HAL_Driver/Src/stm32f4xx_hal_dma_ex.o
LOAD ./Drivers/STM32F4xx_HAL_Driver/Src/stm32f4xx_hal_exti.o
LOAD ./Drivers/STM32F4xx_HAL_Driver/Src/stm32f4xx_hal_flash.o
LOAD ./Drivers/STM32F4xx_HAL_Driver/Src/stm32f4xx_hal_flash_ex.o
LOAD ./Drivers/STM32F4xx_HAL_Driver/Src/stm32f4xx_hal_flash_ramfunc.o
LOAD ./Drivers/STM32F4xx_HAL_Driver/Src/stm32f4xx_hal_gpio.o
LOAD ./Drivers/STM32F4xx_HAL_Driver/Src/stm32f4xx_hal_pcd.o
LOAD ./Drivers/STM32F4xx_HAL_Driver/Src/stm32f4xx_hal_pcd_ex.o
LOAD ./Drivers/STM32F4xx_HAL_Driver/Src/stm32f4xx_hal_pwr.o
LOAD ./Drivers/STM32F4xx_HAL_Driver/Src/stm32f4xx_hal_pwr_ex.o
LOAD ./Drivers/STM32F4xx_HAL_Driver/Src/stm32f4xx_hal_rcc.o
LOAD ./Drivers/STM32F4xx_HAL_Driver/Src/stm32f4xx_hal_rcc_ex.o
LOAD ./Drivers/STM32F4xx_HAL_Driver/Src/stm32f4xx_hal_spi.o
LOAD ./Drivers/STM32F4xx_HAL_Driver/Src/stm32f4xx_hal_tim.o
LOAD ./Drivers/STM32F4xx_HAL_Driver/Src/stm32f4xx_hal_tim_ex.o
LOAD ./Drivers/STM32F4xx_HAL_Driver/Src/stm32f4xx_hal_uart.o
LOAD ./Drivers/STM32F4xx_HAL_Driver/Src/stm32f4xx_ll_adc.o
LOAD ./Drivers/STM32F4xx_HAL_Driver/Src/stm32f4xx_ll_usb.o
LOAD ./Middlewares/Third_Party/AL94_USB_Composite/COMPOSITE/App/usb_device.o
LOAD ./Middlewares/Third_Party/AL94_USB_Composite/COMPOSITE/App/usbd_desc.o
LOAD ./Middlewares/Third_Party/AL94_USB_Composite/COMPOSITE/App/usbd_hid_custom_if.o
LOAD ./Middlewares/Third_Party/AL94_USB_Composite/COMPOSITE/Class/COMPOSITE/Src/usbd_composite.o
LOAD ./Middlewares/Third_Party/AL94_USB_Composite/COMPOSITE/Class/HID_CUSTOM/Src/usbd_hid_custom.o
LOAD ./Middlewares/Third_Party/AL94_USB_Composite/COMPOSITE/Core/Src/usbd_core.o
LOAD ./Middlewares/Third_Party/AL94_USB_Composite/COMPOSITE/Core/Src/usbd_ctlreq.o
LOAD ./Middlewares/Third_Party/AL94_USB_Composite/COMPOSITE/Core/Src/usbd_ioreq.o
LOAD ./Middlewares/Third_Party/AL94_USB_Composite/COMPOSITE/Target/usbd_conf.o
START GROUP
LOAD /home/zuidec/Programs/st/stm32cubeide_1.17.0/plugins/com.st.stm32cube.ide.mcu.externaltools.gnu-tools-for-stm32.13.3.rel1.linux64_1.0.0.202410170706/tools/bin/../lib/gcc/arm-none-eabi/13.3.1/../../../../arm-none-eabi/lib/thumb/v7e-m+fp/hard/libc_nano.a
LOAD /home/zuidec/Programs/st/stm32cubeide_1.17.0/plugins/com.st.stm32cube.ide.mcu.externaltools.gnu-tools-for-stm32.13.3.rel1.linux64_1.0.0.202410170706/tools/bin/../lib/gcc/arm-none-eabi/13.3.1/../../../../arm-none-eabi/lib/thumb/v7e-m+fp/hard/libm.a
END GROUP
START GROUP
LOAD /home/zuidec/Programs/st/stm32cubeide_1.17.0/plugins/com.st.stm32cube.ide.mcu.externaltools.gnu-tools-for-stm32.13.3.rel1.linux64_1.0.0.202410170706/tools/bin/../lib/gcc/arm-none-eabi/13.3.1/thumb/v7e-m+fp/hard/libgcc.a
LOAD /home/zuidec/Programs/st/stm32cubeide_1.17.0/plugins/com.st.stm32cube.ide.mcu.externaltools.gnu-tools-for-stm32.13.3.rel1.linux64_1.0.0.202410170706/tools/bin/../lib/gcc/arm-none-eabi/13.3.1/../../../../arm-none-eabi/lib/thumb/v7e-m+fp/hard/libc_nano.a
END GROUP
START GROUP
LOAD /home/zuidec/Programs/st/stm32cubeide_1.17.0/plugins/com.st.stm32cube.ide.mcu.externaltools.gnu-tools-for-stm32.13.3.rel1.linux64_1.0.0.202410170706/tools/bin/../lib/gcc/arm-none-eabi/13.3.1/thumb/v7e-m+fp/hard/libgcc.a
LOAD /home/zuidec/Programs/st/stm32cubeide_1.17.0/plugins/com.st.stm32cube.ide.mcu.externaltools.gnu-tools-for-stm32.13.3.rel1.linux64_1.0.0.202410170706/tools/bin/../lib/gcc/arm-none-eabi/13.3.1/../../../../arm-none-eabi/lib/thumb/v7e-m+fp/hard/libc_nano.a
LOAD /home/zuidec/Programs/st/stm32cubeide_1.17.0/plugins/com.st.stm32cube.ide.mcu.externaltools.gnu-tools-for-stm32.13.3.rel1.linux64_1.0.0.202410170706/tools/bin/../lib/gcc/arm-none-eabi/13.3.1/../../../../arm-none-eabi/lib/thumb/v7e-m+fp/hard/libnosys.a
END GROUP
START GROUP
LOAD /home/zuidec/Programs/st/stm32cubeide_1.17.0/plugins/com.st.stm32cube.ide.mcu.externaltools.gnu-tools-for-stm32.13.3.rel1.linux64_1.0.0.202410170706/tools/bin/../lib/gcc/arm-none-eabi/13.3.1/thumb/v7e-m+fp/hard/libgcc.a
LOAD /home/zuidec/Programs/st/stm32cubeide_1.17.0/plugins/com.st.stm32cube.ide.mcu.externaltools.gnu-tools-for-stm32.13.3.rel1.linux64_1.0.0.202410170706/tools/bin/../lib/gcc/arm-none-eabi/13.3.1/../../../../arm-none-eabi/lib/thumb/v7e-m+fp/hard/libc_nano.a
LOAD /home/zuidec/Programs/st/stm32cubeide_1.17.0/plugins/com.st.stm32cube.ide.mcu.externaltools.gnu-tools-for-stm32.13.3.rel1.linux64_1.0.0.202410170706/tools/bin/../lib/gcc/arm-none-eabi/13.3.1/../../../../arm-none-eabi/lib/thumb/v7e-m+fp/hard/libnosys.a
END GROUP
LOAD /home/zuidec/Programs/st/stm32cubeide_1.17.0/plugins/com.st.stm32cube.ide.mcu.externaltools.gnu-tools-for-stm32.13.3.rel1.linux64_1.0.0.202410170706/tools/bin/../lib/gcc/arm-none-eabi/13.3.1/thumb/v7e-m+fp/hard/crtend.o
LOAD /home/zuidec/Programs/st/stm32cubeide_1.17.0/plugins/com.st.stm32cube.ide.mcu.externaltools.gnu-tools-for-stm32.13.3.rel1.linux64_1.0.0.202410170706/tools/bin/../lib/gcc/arm-none-eabi/13.3.1/thumb/v7e-m+fp/hard/crtn.o
                0x20020000                        _estack = (ORIGIN (RAM) + LENGTH (RAM))
                0x00000200                        _Min_Heap_Size = 0x200
                0x00000400                        _Min_Stack_Size = 0x400

.isr_vector     0x08000000      0x188
                0x08000000                        . = ALIGN (0x4)
 *(.isr_vector)
 .isr_vector    0x08000000      0x188 ./Core/Startup/startup_stm32f407vetx.o
                0x08000000                g_pfnVectors
                0x08000188                        . = ALIGN (0x4)

.text           0x08000190     0xe540
                0x08000190                        . = ALIGN (0x4)
 *(.text)
 .text          0x08000190       0x40 /home/zuidec/Programs/st/stm32cubeide_1.17.0/plugins/com.st.stm32cube.ide.mcu.externaltools.gnu-tools-for-stm32.13.3.rel1.linux64_1.0.0.202410170706/tools/bin/../lib/gcc/arm-none-eabi/13.3.1/thumb/v7e-m+fp/hard/crtbegin.o
 .text          0x080001d0       0xa0 /home/zuidec/Programs/st/stm32cubeide_1.17.0/plugins/com.st.stm32cube.ide.mcu.externaltools.gnu-tools-for-stm32.13.3.rel1.linux64_1.0.0.202410170706/tools/bin/../lib/gcc/arm-none-eabi/13.3.1/../../../../arm-none-eabi/lib/thumb/v7e-m+fp/hard/libc_nano.a(libc_a-memchr.o)
                0x080001d0                memchr
 .text          0x08000270       0x30 /home/zuidec/Programs/st/stm32cubeide_1.17.0/plugins/com.st.stm32cube.ide.mcu.externaltools.gnu-tools-for-stm32.13.3.rel1.linux64_1.0.0.202410170706/tools/bin/../lib/gcc/arm-none-eabi/13.3.1/thumb/v7e-m+fp/hard/libgcc.a(_aeabi_uldivmod.o)
                0x08000270                __aeabi_uldivmod
 .text          0x080002a0      0x2f8 /home/zuidec/Programs/st/stm32cubeide_1.17.0/plugins/com.st.stm32cube.ide.mcu.externaltools.gnu-tools-for-stm32.13.3.rel1.linux64_1.0.0.202410170706/tools/bin/../lib/gcc/arm-none-eabi/13.3.1/thumb/v7e-m+fp/hard/libgcc.a(_udivmoddi4.o)
                0x080002a0                __udivmoddi4
 .text          0x08000598        0x4 /home/zuidec/Programs/st/stm32cubeide_1.17.0/plugins/com.st.stm32cube.ide.mcu.externaltools.gnu-tools-for-stm32.13.3.rel1.linux64_1.0.0.202410170706/tools/bin/../lib/gcc/arm-none-eabi/13.3.1/thumb/v7e-m+fp/hard/libgcc.a(_dvmd_tls.o)
                0x08000598                __aeabi_ldiv0
                0x08000598                __aeabi_idiv0
 *(.text*)
 .text.MX_ADC1_Init
                0x0800059c       0xc0 ./Core/Src/adc.o
                0x0800059c                MX_ADC1_Init
 .text.HAL_ADC_MspInit
                0x0800065c      0x100 ./Core/Src/adc.o
                0x0800065c                HAL_ADC_MspInit
 .text.u8_to_i16
                0x0800075c       0x2c ./Core/Src/bitutils.o
                0x0800075c                u8_to_i16
 .text.u8_to_u32
                0x08000788       0x3a ./Core/Src/bitutils.o
                0x08000788                u8_to_u32
 .text.u8_to_float
                0x080007c2       0x34 ./Core/Src/bitutils.o
                0x080007c2                u8_to_float
 .text.i16_high_to_u8
                0x080007f6       0x1e ./Core/Src/bitutils.o
                0x080007f6                i16_high_to_u8
 .text.i16_low_to_u8
                0x08000814       0x1a ./Core/Src/bitutils.o
                0x08000814                i16_low_to_u8
 .text.i16_to_u8
                0x0800082e       0x38 ./Core/Src/bitutils.o
                0x0800082e                i16_to_u8
 .text.float_to_u8
                0x08000866       0x3a ./Core/Src/bitutils.o
                0x08000866                float_to_u8
 .text.apply_calibration
                0x080008a0       0x8e ./Core/Src/calibration.o
                0x080008a0                apply_calibration
 .text.set_calibration
                0x0800092e       0xd2 ./Core/Src/calibration.o
                0x0800092e                set_calibration
 .text.get_calibration
                0x08000a00       0xb4 ./Core/Src/calibration.o
                0x08000a00                get_calibration
 .text.clear_calibration
                0x08000ab4       0x3a ./Core/Src/calibration.o
                0x08000ab4                clear_calibration
 .text.recalculate_calibration
                0x08000aee       0xd2 ./Core/Src/calibration.o
                0x08000aee                recalculate_calibration
 .text.com_packet_init
                0x08000bc0       0x50 ./Core/Src/com_packet.o
                0x08000bc0                com_packet_init
 .text.com_packet_clear_payload
                0x08000c10       0x42 ./Core/Src/com_packet.o
                0x08000c10                com_packet_clear_payload
 *fill*         0x08000c52        0x2 
 .text.com_packet_create
                0x08000c54       0xe0 ./Core/Src/com_packet.o
                0x08000c54                com_packet_create
 .text.com_packet_parse
                0x08000d34      0x20c ./Core/Src/com_packet.o
                0x08000d34                com_packet_parse
 .text.MX_CRC_Init
                0x08000f40       0x28 ./Core/Src/crc.o
                0x08000f40                MX_CRC_Init
 .text.HAL_CRC_MspInit
                0x08000f68       0x44 ./Core/Src/crc.o
                0x08000f68                HAL_CRC_MspInit
 .text.MX_DMA_Init
                0x08000fac       0x9c ./Core/Src/dma.o
                0x08000fac                MX_DMA_Init
 .text.fifo_init
                0x08001048       0x38 ./Core/Src/fifo.o
                0x08001048                fifo_init
 .text.fifo_bytes_available
                0x08001080       0x3c ./Core/Src/fifo.o
                0x08001080                fifo_bytes_available
 .text.fifo_write
                0x080010bc       0x80 ./Core/Src/fifo.o
                0x080010bc                fifo_write
 .text.fifo_peek_continuous
                0x0800113c       0x6c ./Core/Src/fifo.o
                0x0800113c                fifo_peek_continuous
 .text.fifo_push_read_index
                0x080011a8       0x5e ./Core/Src/fifo.o
                0x080011a8                fifo_push_read_index
 *fill*         0x08001206        0x2 
 .text.MX_GPIO_Init
                0x08001208      0x334 ./Core/Src/gpio.o
                0x08001208                MX_GPIO_Init
 .text.input_filter_init
                0x0800153c       0x26 ./Core/Src/input_filter.o
                0x0800153c                input_filter_init
 .text.input_filter_set_alpha
                0x08001562       0x4c ./Core/Src/input_filter.o
                0x08001562                input_filter_set_alpha
 .text.input_filter_update
                0x080015ae       0x52 ./Core/Src/input_filter.o
                0x080015ae                input_filter_update
 .text.main     0x08001600      0x46c ./Core/Src/main.o
                0x08001600                main
 .text.SystemClock_Config
                0x08001a6c       0xd4 ./Core/Src/main.o
                0x08001a6c                SystemClock_Config
 .text.init_steppers
                0x08001b40       0x90 ./Core/Src/main.o
                0x08001b40                init_steppers
 .text.init_flash
                0x08001bd0        0xe ./Core/Src/main.o
                0x08001bd0                init_flash
 *fill*         0x08001bde        0x2 
 .text.init_cyclic_input
                0x08001be0       0x60 ./Core/Src/main.o
                0x08001be0                init_cyclic_input
 .text.update_cyclic_input
                0x08001c40       0xd4 ./Core/Src/main.o
                0x08001c40                update_cyclic_input
 .text.HAL_ADC_ConvCpltCallback
                0x08001d14       0x94 ./Core/Src/main.o
                0x08001d14                HAL_ADC_ConvCpltCallback
 .text.calibration_routine
                0x08001da8      0x184 ./Core/Src/main.o
                0x08001da8                calibration_routine
 .text.calibrate_axis
                0x08001f2c      0x2d8 ./Core/Src/main.o
                0x08001f2c                calibrate_axis
 .text.load_calibrations
                0x08002204       0xd8 ./Core/Src/main.o
                0x08002204                load_calibrations
 .text.save_calibrations
                0x080022dc      0x170 ./Core/Src/main.o
                0x080022dc                save_calibrations
 .text.HAL_GPIO_EXTI_Callback
                0x0800244c       0x20 ./Core/Src/main.o
                0x0800244c                HAL_GPIO_EXTI_Callback
 .text.Error_Handler
                0x0800246c        0xc ./Core/Src/main.o
                0x0800246c                Error_Handler
 .text.MX_SPI1_Init
                0x08002478       0x6c ./Core/Src/spi.o
                0x08002478                MX_SPI1_Init
 .text.HAL_SPI_MspInit
                0x080024e4       0xa0 ./Core/Src/spi.o
                0x080024e4                HAL_SPI_MspInit
 .text.stepper_enable
                0x08002584       0x22 ./Core/Src/stepper.o
                0x08002584                stepper_enable
 .text.stepper_disable
                0x080025a6       0x22 ./Core/Src/stepper.o
                0x080025a6                stepper_disable
 .text.HAL_MspInit
                0x080025c8       0x50 ./Core/Src/stm32f4xx_hal_msp.o
                0x080025c8                HAL_MspInit
 .text.NMI_Handler
                0x08002618        0x8 ./Core/Src/stm32f4xx_it.o
                0x08002618                NMI_Handler
 .text.HardFault_Handler
                0x08002620        0x8 ./Core/Src/stm32f4xx_it.o
                0x08002620                HardFault_Handler
 .text.MemManage_Handler
                0x08002628        0x8 ./Core/Src/stm32f4xx_it.o
                0x08002628                MemManage_Handler
 .text.BusFault_Handler
                0x08002630        0x8 ./Core/Src/stm32f4xx_it.o
                0x08002630                BusFault_Handler
 .text.UsageFault_Handler
                0x08002638        0x8 ./Core/Src/stm32f4xx_it.o
                0x08002638                UsageFault_Handler
 .text.SVC_Handler
                0x08002640        0xe ./Core/Src/stm32f4xx_it.o
                0x08002640                SVC_Handler
 .text.DebugMon_Handler
                0x0800264e        0xe ./Core/Src/stm32f4xx_it.o
                0x0800264e                DebugMon_Handler
 .text.PendSV_Handler
                0x0800265c        0xe ./Core/Src/stm32f4xx_it.o
                0x0800265c                PendSV_Handler
 .text.SysTick_Handler
                0x0800266a        0xc ./Core/Src/stm32f4xx_it.o
                0x0800266a                SysTick_Handler
 .text.EXTI3_IRQHandler
                0x08002676        0xe ./Core/Src/stm32f4xx_it.o
                0x08002676                EXTI3_IRQHandler
 .text.DMA1_Stream1_IRQHandler
                0x08002684       0x14 ./Core/Src/stm32f4xx_it.o
                0x08002684                DMA1_Stream1_IRQHandler
 .text.DMA1_Stream2_IRQHandler
                0x08002698       0x14 ./Core/Src/stm32f4xx_it.o
                0x08002698                DMA1_Stream2_IRQHandler
 .text.DMA1_Stream3_IRQHandler
                0x080026ac       0x14 ./Core/Src/stm32f4xx_it.o
                0x080026ac                DMA1_Stream3_IRQHandler
 .text.DMA1_Stream4_IRQHandler
                0x080026c0       0x14 ./Core/Src/stm32f4xx_it.o
                0x080026c0                DMA1_Stream4_IRQHandler
 .text.ADC_IRQHandler
                0x080026d4       0x14 ./Core/Src/stm32f4xx_it.o
                0x080026d4                ADC_IRQHandler
 .text.SPI1_IRQHandler
                0x080026e8       0x14 ./Core/Src/stm32f4xx_it.o
                0x080026e8                SPI1_IRQHandler
 .text.USART3_IRQHandler
                0x080026fc       0x14 ./Core/Src/stm32f4xx_it.o
                0x080026fc                USART3_IRQHandler
 .text.UART4_IRQHandler
                0x08002710       0x14 ./Core/Src/stm32f4xx_it.o
                0x08002710                UART4_IRQHandler
 .text.DMA2_Stream0_IRQHandler
                0x08002724       0x14 ./Core/Src/stm32f4xx_it.o
                0x08002724                DMA2_Stream0_IRQHandler
 .text.OTG_FS_IRQHandler
                0x08002738       0x14 ./Core/Src/stm32f4xx_it.o
                0x08002738                OTG_FS_IRQHandler
 .text._sbrk    0x0800274c       0x6c ./Core/Src/sysmem.o
                0x0800274c                _sbrk
 .text.SystemInit
                0x080027b8       0x24 ./Core/Src/system_stm32f4xx.o
                0x080027b8                SystemInit
 .text.MX_TIM3_Init
                0x080027dc       0x9c ./Core/Src/tim.o
                0x080027dc                MX_TIM3_Init
 .text.MX_TIM4_Init
                0x08002878      0x118 ./Core/Src/tim.o
                0x08002878                MX_TIM4_Init
 .text.MX_TIM8_Init
                0x08002990       0xb4 ./Core/Src/tim.o
                0x08002990                MX_TIM8_Init
 .text.HAL_TIM_Base_MspInit
                0x08002a44      0x14c ./Core/Src/tim.o
                0x08002a44                HAL_TIM_Base_MspInit
 .text.HAL_TIM_MspPostInit
                0x08002b90       0x74 ./Core/Src/tim.o
                0x08002b90                HAL_TIM_MspPostInit
 .text.uart_init
                0x08002c04       0xd4 ./Core/Src/uart.o
                0x08002c04                uart_init
 .text.uart_register_instance
                0x08002cd8       0x6c ./Core/Src/uart.o
                0x08002cd8                uart_register_instance
 .text.uart_update
                0x08002d44       0x3e ./Core/Src/uart.o
                0x08002d44                uart_update
 .text.uart_write_packet
                0x08002d82       0xaa ./Core/Src/uart.o
                0x08002d82                uart_write_packet
 .text.get_uart_handle
                0x08002e2c       0x48 ./Core/Src/uart.o
                0x08002e2c                get_uart_handle
 .text.HAL_UARTEx_RxEventCallback
                0x08002e74      0x182 ./Core/Src/uart.o
                0x08002e74                HAL_UARTEx_RxEventCallback
 .text.HAL_UART_TxCpltCallback
                0x08002ff6       0xc8 ./Core/Src/uart.o
                0x08002ff6                HAL_UART_TxCpltCallback
 *fill*         0x080030be        0x2 
 .text.MX_UART4_Init
                0x080030c0       0x54 ./Core/Src/usart.o
                0x080030c0                MX_UART4_Init
 .text.MX_USART3_UART_Init
                0x08003114       0x54 ./Core/Src/usart.o
                0x08003114                MX_USART3_UART_Init
 .text.HAL_UART_MspInit
                0x08003168      0x2b4 ./Core/Src/usart.o
                0x08003168                HAL_UART_MspInit
 .text.MX_USB_OTG_FS_PCD_Init
                0x0800341c       0x5c ./Core/Src/usb_otg.o
                0x0800341c                MX_USB_OTG_FS_PCD_Init
 .text.HAL_PCD_MspInit
                0x08003478       0xa8 ./Core/Src/usb_otg.o
                0x08003478                HAL_PCD_MspInit
 .text.cs_enable
                0x08003520       0x22 ./Core/Src/w25q16jv.o
 .text.cs_release
                0x08003542       0x22 ./Core/Src/w25q16jv.o
 .text.w25q16_read
                0x08003564       0x60 ./Core/Src/w25q16jv.o
                0x08003564                w25q16_read
 .text.w25q16_write
                0x080035c4       0x66 ./Core/Src/w25q16jv.o
                0x080035c4                w25q16_write
 .text.w25q16_enable_write
                0x0800362a       0x32 ./Core/Src/w25q16jv.o
                0x0800362a                w25q16_enable_write
 .text.w25q16_sector_erase_4k
                0x0800365c       0x50 ./Core/Src/w25q16jv.o
                0x0800365c                w25q16_sector_erase_4k
 .text.w25q16_read_SR1
                0x080036ac       0x4a ./Core/Src/w25q16jv.o
                0x080036ac                w25q16_read_SR1
 *fill*         0x080036f6        0x2 
 .text.Reset_Handler
                0x080036f8       0x50 ./Core/Startup/startup_stm32f407vetx.o
                0x080036f8                Reset_Handler
 .text.Default_Handler
                0x08003748        0x2 ./Core/Startup/startup_stm32f407vetx.o
                0x08003748                RTC_Alarm_IRQHandler
                0x08003748                HASH_RNG_IRQHandler
                0x08003748                EXTI2_IRQHandler
                0x08003748                TIM8_CC_IRQHandler
                0x08003748                TIM1_CC_IRQHandler
                0x08003748                DMA2_Stream5_IRQHandler
                0x08003748                DMA1_Stream5_IRQHandler
                0x08003748                PVD_IRQHandler
                0x08003748                SDIO_IRQHandler
                0x08003748                TAMP_STAMP_IRQHandler
                0x08003748                CAN2_RX1_IRQHandler
                0x08003748                TIM8_TRG_COM_TIM14_IRQHandler
                0x08003748                TIM1_UP_TIM10_IRQHandler
                0x08003748                TIM8_UP_TIM13_IRQHandler
                0x08003748                I2C3_ER_IRQHandler
                0x08003748                EXTI0_IRQHandler
                0x08003748                I2C2_EV_IRQHandler
                0x08003748                CAN1_RX0_IRQHandler
                0x08003748                FPU_IRQHandler
                0x08003748                OTG_HS_WKUP_IRQHandler
                0x08003748                CAN2_SCE_IRQHandler
                0x08003748                DMA2_Stream2_IRQHandler
                0x08003748                TIM6_DAC_IRQHandler
                0x08003748                TIM1_BRK_TIM9_IRQHandler
                0x08003748                DCMI_IRQHandler
                0x08003748                CAN2_RX0_IRQHandler
                0x08003748                DMA2_Stream3_IRQHandler
                0x08003748                USART6_IRQHandler
                0x08003748                CAN1_RX1_IRQHandler
                0x08003748                UART5_IRQHandler
                0x08003748                TIM4_IRQHandler
                0x08003748                I2C1_EV_IRQHandler
                0x08003748                DMA1_Stream6_IRQHandler
                0x08003748                TIM3_IRQHandler
                0x08003748                RCC_IRQHandler
                0x08003748                TIM8_BRK_TIM12_IRQHandler
                0x08003748                Default_Handler
                0x08003748                EXTI15_10_IRQHandler
                0x08003748                DMA1_Stream7_IRQHandler
                0x08003748                TIM7_IRQHandler
                0x08003748                CAN2_TX_IRQHandler
                0x08003748                TIM5_IRQHandler
                0x08003748                DMA2_Stream7_IRQHandler
                0x08003748                I2C3_EV_IRQHandler
                0x08003748                EXTI9_5_IRQHandler
                0x08003748                RTC_WKUP_IRQHandler
                0x08003748                ETH_WKUP_IRQHandler
                0x08003748                SPI2_IRQHandler
                0x08003748                OTG_HS_EP1_IN_IRQHandler
                0x08003748                DMA1_Stream0_IRQHandler
                0x08003748                CAN1_TX_IRQHandler
                0x08003748                EXTI4_IRQHandler
                0x08003748                FSMC_IRQHandler
                0x08003748                ETH_IRQHandler
                0x08003748                OTG_HS_EP1_OUT_IRQHandler
                0x08003748                WWDG_IRQHandler
                0x08003748                TIM2_IRQHandler
                0x08003748                OTG_FS_WKUP_IRQHandler
                0x08003748                TIM1_TRG_COM_TIM11_IRQHandler
                0x08003748                OTG_HS_IRQHandler
                0x08003748                EXTI1_IRQHandler
                0x08003748                USART2_IRQHandler
                0x08003748                I2C2_ER_IRQHandler
                0x08003748                DMA2_Stream1_IRQHandler
                0x08003748                CAN1_SCE_IRQHandler
                0x08003748                FLASH_IRQHandler
                0x08003748                DMA2_Stream4_IRQHandler
                0x08003748                USART1_IRQHandler
                0x08003748                SPI3_IRQHandler
                0x08003748                I2C1_ER_IRQHandler
                0x08003748                DMA2_Stream6_IRQHandler
 *fill*         0x0800374a        0x2 
 .text.HAL_Init
                0x0800374c       0x44 ./Drivers/STM32F4xx_HAL_Driver/Src/stm32f4xx_hal.o
                0x0800374c                HAL_Init
 .text.HAL_InitTick
                0x08003790       0x60 ./Drivers/STM32F4xx_HAL_Driver/Src/stm32f4xx_hal.o
                0x08003790                HAL_InitTick
 .text.HAL_IncTick
                0x080037f0       0x28 ./Drivers/STM32F4xx_HAL_Driver/Src/stm32f4xx_hal.o
                0x080037f0                HAL_IncTick
 .text.HAL_GetTick
                0x08003818       0x18 ./Drivers/STM32F4xx_HAL_Driver/Src/stm32f4xx_hal.o
                0x08003818                HAL_GetTick
 .text.HAL_Delay
                0x08003830       0x48 ./Drivers/STM32F4xx_HAL_Driver/Src/stm32f4xx_hal.o
                0x08003830                HAL_Delay
 .text.HAL_ADC_Init
                0x08003878       0x86 ./Drivers/STM32F4xx_HAL_Driver/Src/stm32f4xx_hal_adc.o
                0x08003878                HAL_ADC_Init
 .text.HAL_ADC_IRQHandler
                0x080038fe      0x220 ./Drivers/STM32F4xx_HAL_Driver/Src/stm32f4xx_hal_adc.o
                0x080038fe                HAL_ADC_IRQHandler
 *fill*         0x08003b1e        0x2 
 .text.HAL_ADC_Start_DMA
                0x08003b20      0x228 ./Drivers/STM32F4xx_HAL_Driver/Src/stm32f4xx_hal_adc.o
                0x08003b20                HAL_ADC_Start_DMA
 .text.HAL_ADC_ConvHalfCpltCallback
                0x08003d48       0x14 ./Drivers/STM32F4xx_HAL_Driver/Src/stm32f4xx_hal_adc.o
                0x08003d48                HAL_ADC_ConvHalfCpltCallback
 .text.HAL_ADC_LevelOutOfWindowCallback
                0x08003d5c       0x14 ./Drivers/STM32F4xx_HAL_Driver/Src/stm32f4xx_hal_adc.o
                0x08003d5c                HAL_ADC_LevelOutOfWindowCallback
 .text.HAL_ADC_ErrorCallback
                0x08003d70       0x14 ./Drivers/STM32F4xx_HAL_Driver/Src/stm32f4xx_hal_adc.o
                0x08003d70                HAL_ADC_ErrorCallback
 .text.HAL_ADC_ConfigChannel
                0x08003d84      0x244 ./Drivers/STM32F4xx_HAL_Driver/Src/stm32f4xx_hal_adc.o
                0x08003d84                HAL_ADC_ConfigChannel
 .text.ADC_Init
                0x08003fc8      0x1f8 ./Drivers/STM32F4xx_HAL_Driver/Src/stm32f4xx_hal_adc.o
 .text.ADC_DMAConvCplt
                0x080041c0       0xba ./Drivers/STM32F4xx_HAL_Driver/Src/stm32f4xx_hal_adc.o
 .text.ADC_DMAHalfConvCplt
                0x0800427a       0x1c ./Drivers/STM32F4xx_HAL_Driver/Src/stm32f4xx_hal_adc.o
 .text.ADC_DMAError
                0x08004296       0x2e ./Drivers/STM32F4xx_HAL_Driver/Src/stm32f4xx_hal_adc.o
 .text.HAL_ADCEx_InjectedConvCpltCallback
                0x080042c4       0x14 ./Drivers/STM32F4xx_HAL_Driver/Src/stm32f4xx_hal_adc_ex.o
                0x080042c4                HAL_ADCEx_InjectedConvCpltCallback
 .text.__NVIC_SetPriorityGrouping
                0x080042d8       0x48 ./Drivers/STM32F4xx_HAL_Driver/Src/stm32f4xx_hal_cortex.o
 .text.__NVIC_GetPriorityGrouping
                0x08004320       0x1c ./Drivers/STM32F4xx_HAL_Driver/Src/stm32f4xx_hal_cortex.o
 .text.__NVIC_EnableIRQ
                0x0800433c       0x3c ./Drivers/STM32F4xx_HAL_Driver/Src/stm32f4xx_hal_cortex.o
 .text.__NVIC_SetPriority
                0x08004378       0x54 ./Drivers/STM32F4xx_HAL_Driver/Src/stm32f4xx_hal_cortex.o
 .text.NVIC_EncodePriority
                0x080043cc       0x66 ./Drivers/STM32F4xx_HAL_Driver/Src/stm32f4xx_hal_cortex.o
 *fill*         0x08004432        0x2 
 .text.SysTick_Config
                0x08004434       0x44 ./Drivers/STM32F4xx_HAL_Driver/Src/stm32f4xx_hal_cortex.o
 .text.HAL_NVIC_SetPriorityGrouping
                0x08004478       0x16 ./Drivers/STM32F4xx_HAL_Driver/Src/stm32f4xx_hal_cortex.o
                0x08004478                HAL_NVIC_SetPriorityGrouping
 .text.HAL_NVIC_SetPriority
                0x0800448e       0x38 ./Drivers/STM32F4xx_HAL_Driver/Src/stm32f4xx_hal_cortex.o
                0x0800448e                HAL_NVIC_SetPriority
 .text.HAL_NVIC_EnableIRQ
                0x080044c6       0x1c ./Drivers/STM32F4xx_HAL_Driver/Src/stm32f4xx_hal_cortex.o
                0x080044c6                HAL_NVIC_EnableIRQ
 .text.HAL_SYSTICK_Config
                0x080044e2       0x18 ./Drivers/STM32F4xx_HAL_Driver/Src/stm32f4xx_hal_cortex.o
                0x080044e2                HAL_SYSTICK_Config
 .text.HAL_CRC_Init
                0x080044fa       0x38 ./Drivers/STM32F4xx_HAL_Driver/Src/stm32f4xx_hal_crc.o
                0x080044fa                HAL_CRC_Init
 .text.HAL_CRC_Calculate
                0x08004532       0x66 ./Drivers/STM32F4xx_HAL_Driver/Src/stm32f4xx_hal_crc.o
                0x08004532                HAL_CRC_Calculate
 .text.HAL_DMA_Init
                0x08004598      0x15c ./Drivers/STM32F4xx_HAL_Driver/Src/stm32f4xx_hal_dma.o
                0x08004598                HAL_DMA_Init
 .text.HAL_DMA_Start_IT
                0x080046f4       0xb0 ./Drivers/STM32F4xx_HAL_Driver/Src/stm32f4xx_hal_dma.o
                0x080046f4                HAL_DMA_Start_IT
 .text.HAL_DMA_Abort
                0x080047a4       0xe0 ./Drivers/STM32F4xx_HAL_Driver/Src/stm32f4xx_hal_dma.o
                0x080047a4                HAL_DMA_Abort
 .text.HAL_DMA_Abort_IT
                0x08004884       0x44 ./Drivers/STM32F4xx_HAL_Driver/Src/stm32f4xx_hal_dma.o
                0x08004884                HAL_DMA_Abort_IT
 .text.HAL_DMA_IRQHandler
                0x080048c8      0x314 ./Drivers/STM32F4xx_HAL_Driver/Src/stm32f4xx_hal_dma.o
                0x080048c8                HAL_DMA_IRQHandler
 .text.DMA_SetConfig
                0x08004bdc       0x5c ./Drivers/STM32F4xx_HAL_Driver/Src/stm32f4xx_hal_dma.o
 .text.DMA_CalcBaseAndBitshift
                0x08004c38       0x6c ./Drivers/STM32F4xx_HAL_Driver/Src/stm32f4xx_hal_dma.o
 .text.DMA_CheckFifoParam
                0x08004ca4       0xf8 ./Drivers/STM32F4xx_HAL_Driver/Src/stm32f4xx_hal_dma.o
 .text.HAL_GPIO_Init
                0x08004d9c      0x338 ./Drivers/STM32F4xx_HAL_Driver/Src/stm32f4xx_hal_gpio.o
                0x08004d9c                HAL_GPIO_Init
 .text.HAL_GPIO_ReadPin
                0x080050d4       0x30 ./Drivers/STM32F4xx_HAL_Driver/Src/stm32f4xx_hal_gpio.o
                0x080050d4                HAL_GPIO_ReadPin
 .text.HAL_GPIO_WritePin
                0x08005104       0x32 ./Drivers/STM32F4xx_HAL_Driver/Src/stm32f4xx_hal_gpio.o
                0x08005104                HAL_GPIO_WritePin
 .text.HAL_GPIO_TogglePin
                0x08005136       0x34 ./Drivers/STM32F4xx_HAL_Driver/Src/stm32f4xx_hal_gpio.o
                0x08005136                HAL_GPIO_TogglePin
 *fill*         0x0800516a        0x2 
 .text.HAL_GPIO_EXTI_IRQHandler
                0x0800516c       0x30 ./Drivers/STM32F4xx_HAL_Driver/Src/stm32f4xx_hal_gpio.o
                0x0800516c                HAL_GPIO_EXTI_IRQHandler
 .text.HAL_PCD_Init
                0x0800519c      0x21e ./Drivers/STM32F4xx_HAL_Driver/Src/stm32f4xx_hal_pcd.o
                0x0800519c                HAL_PCD_Init
 .text.HAL_PCD_Start
                0x080053ba       0x6a ./Drivers/STM32F4xx_HAL_Driver/Src/stm32f4xx_hal_pcd.o
                0x080053ba                HAL_PCD_Start
 .text.HAL_PCD_IRQHandler
                0x08005424      0x942 ./Drivers/STM32F4xx_HAL_Driver/Src/stm32f4xx_hal_pcd.o
                0x08005424                HAL_PCD_IRQHandler
 .text.HAL_PCD_SetAddress
                0x08005d66       0x48 ./Drivers/STM32F4xx_HAL_Driver/Src/stm32f4xx_hal_pcd.o
                0x08005d66                HAL_PCD_SetAddress
 .text.HAL_PCD_EP_Open
                0x08005dae       0xd4 ./Drivers/STM32F4xx_HAL_Driver/Src/stm32f4xx_hal_pcd.o
                0x08005dae                HAL_PCD_EP_Open
 .text.HAL_PCD_EP_Close
                0x08005e82       0x94 ./Drivers/STM32F4xx_HAL_Driver/Src/stm32f4xx_hal_pcd.o
                0x08005e82                HAL_PCD_EP_Close
 .text.HAL_PCD_EP_Receive
                0x08005f16       0x76 ./Drivers/STM32F4xx_HAL_Driver/Src/stm32f4xx_hal_pcd.o
                0x08005f16                HAL_PCD_EP_Receive
 .text.HAL_PCD_EP_Transmit
                0x08005f8c       0x74 ./Drivers/STM32F4xx_HAL_Driver/Src/stm32f4xx_hal_pcd.o
                0x08005f8c                HAL_PCD_EP_Transmit
 .text.HAL_PCD_EP_SetStall
                0x08006000       0xc6 ./Drivers/STM32F4xx_HAL_Driver/Src/stm32f4xx_hal_pcd.o
                0x08006000                HAL_PCD_EP_SetStall
 .text.HAL_PCD_EP_ClrStall
                0x080060c6       0xac ./Drivers/STM32F4xx_HAL_Driver/Src/stm32f4xx_hal_pcd.o
                0x080060c6                HAL_PCD_EP_ClrStall
 .text.HAL_PCD_EP_Abort
                0x08006172       0x62 ./Drivers/STM32F4xx_HAL_Driver/Src/stm32f4xx_hal_pcd.o
                0x08006172                HAL_PCD_EP_Abort
 .text.PCD_WriteEmptyTxFifo
                0x080061d4      0x118 ./Drivers/STM32F4xx_HAL_Driver/Src/stm32f4xx_hal_pcd.o
 .text.PCD_EP_OutXfrComplete_int
                0x080062ec      0x1d0 ./Drivers/STM32F4xx_HAL_Driver/Src/stm32f4xx_hal_pcd.o
 .text.PCD_EP_OutSetupPacket_int
                0x080064bc       0x8c ./Drivers/STM32F4xx_HAL_Driver/Src/stm32f4xx_hal_pcd.o
 .text.HAL_PCDEx_SetTxFiFo
                0x08006548       0x8e ./Drivers/STM32F4xx_HAL_Driver/Src/stm32f4xx_hal_pcd_ex.o
                0x08006548                HAL_PCDEx_SetTxFiFo
 .text.HAL_PCDEx_SetRxFiFo
                0x080065d6       0x22 ./Drivers/STM32F4xx_HAL_Driver/Src/stm32f4xx_hal_pcd_ex.o
                0x080065d6                HAL_PCDEx_SetRxFiFo
 .text.HAL_PCDEx_LPM_Callback
                0x080065f8       0x18 ./Drivers/STM32F4xx_HAL_Driver/Src/stm32f4xx_hal_pcd_ex.o
                0x080065f8                HAL_PCDEx_LPM_Callback
 .text.HAL_RCC_OscConfig
                0x08006610      0x4f0 ./Drivers/STM32F4xx_HAL_Driver/Src/stm32f4xx_hal_rcc.o
                0x08006610                HAL_RCC_OscConfig
 .text.HAL_RCC_ClockConfig
                0x08006b00      0x1cc ./Drivers/STM32F4xx_HAL_Driver/Src/stm32f4xx_hal_rcc.o
                0x08006b00                HAL_RCC_ClockConfig
 .text.HAL_RCC_GetSysClockFreq
                0x08006ccc      0x20c ./Drivers/STM32F4xx_HAL_Driver/Src/stm32f4xx_hal_rcc.o
                0x08006ccc                HAL_RCC_GetSysClockFreq
 .text.HAL_RCC_GetHCLKFreq
                0x08006ed8       0x18 ./Drivers/STM32F4xx_HAL_Driver/Src/stm32f4xx_hal_rcc.o
                0x08006ed8                HAL_RCC_GetHCLKFreq
 .text.HAL_RCC_GetPCLK1Freq
                0x08006ef0       0x28 ./Drivers/STM32F4xx_HAL_Driver/Src/stm32f4xx_hal_rcc.o
                0x08006ef0                HAL_RCC_GetPCLK1Freq
 .text.HAL_RCC_GetPCLK2Freq
                0x08006f18       0x28 ./Drivers/STM32F4xx_HAL_Driver/Src/stm32f4xx_hal_rcc.o
                0x08006f18                HAL_RCC_GetPCLK2Freq
 .text.HAL_SPI_Init
                0x08006f40      0x112 ./Drivers/STM32F4xx_HAL_Driver/Src/stm32f4xx_hal_spi.o
                0x08006f40                HAL_SPI_Init
 .text.HAL_SPI_Transmit
                0x08007052      0x288 ./Drivers/STM32F4xx_HAL_Driver/Src/stm32f4xx_hal_spi.o
                0x08007052                HAL_SPI_Transmit
 .text.HAL_SPI_Receive
                0x080072da      0x232 ./Drivers/STM32F4xx_HAL_Driver/Src/stm32f4xx_hal_spi.o
                0x080072da                HAL_SPI_Receive
 .text.HAL_SPI_TransmitReceive
                0x0800750c      0x352 ./Drivers/STM32F4xx_HAL_Driver/Src/stm32f4xx_hal_spi.o
                0x0800750c                HAL_SPI_TransmitReceive
 *fill*         0x0800785e        0x2 
 .text.HAL_SPI_IRQHandler
                0x08007860      0x200 ./Drivers/STM32F4xx_HAL_Driver/Src/stm32f4xx_hal_spi.o
                0x08007860                HAL_SPI_IRQHandler
 .text.HAL_SPI_ErrorCallback
                0x08007a60       0x14 ./Drivers/STM32F4xx_HAL_Driver/Src/stm32f4xx_hal_spi.o
                0x08007a60                HAL_SPI_ErrorCallback
 .text.SPI_DMAAbortOnError
                0x08007a74       0x28 ./Drivers/STM32F4xx_HAL_Driver/Src/stm32f4xx_hal_spi.o
 .text.SPI_WaitFlagStateUntilTimeout
                0x08007a9c      0x110 ./Drivers/STM32F4xx_HAL_Driver/Src/stm32f4xx_hal_spi.o
 .text.SPI_EndRxTransaction
                0x08007bac       0xca ./Drivers/STM32F4xx_HAL_Driver/Src/stm32f4xx_hal_spi.o
 *fill*         0x08007c76        0x2 
 .text.SPI_EndRxTxTransaction
                0x08007c78       0xa8 ./Drivers/STM32F4xx_HAL_Driver/Src/stm32f4xx_hal_spi.o
 .text.HAL_TIM_Base_Init
                0x08007d20       0x9e ./Drivers/STM32F4xx_HAL_Driver/Src/stm32f4xx_hal_tim.o
                0x08007d20                HAL_TIM_Base_Init
 *fill*         0x08007dbe        0x2 
 .text.HAL_TIM_Base_Start
                0x08007dc0       0xd0 ./Drivers/STM32F4xx_HAL_Driver/Src/stm32f4xx_hal_tim.o
                0x08007dc0                HAL_TIM_Base_Start
 .text.HAL_TIM_PWM_Init
                0x08007e90       0x9e ./Drivers/STM32F4xx_HAL_Driver/Src/stm32f4xx_hal_tim.o
                0x08007e90                HAL_TIM_PWM_Init
 .text.HAL_TIM_PWM_MspInit
                0x08007f2e       0x14 ./Drivers/STM32F4xx_HAL_Driver/Src/stm32f4xx_hal_tim.o
                0x08007f2e                HAL_TIM_PWM_MspInit
 *fill*         0x08007f42        0x2 
 .text.HAL_TIM_PWM_Start
                0x08007f44      0x190 ./Drivers/STM32F4xx_HAL_Driver/Src/stm32f4xx_hal_tim.o
                0x08007f44                HAL_TIM_PWM_Start
 .text.HAL_TIM_OnePulse_Init
                0x080080d4       0xa0 ./Drivers/STM32F4xx_HAL_Driver/Src/stm32f4xx_hal_tim.o
                0x080080d4                HAL_TIM_OnePulse_Init
 .text.HAL_TIM_OnePulse_MspInit
                0x08008174       0x14 ./Drivers/STM32F4xx_HAL_Driver/Src/stm32f4xx_hal_tim.o
                0x08008174                HAL_TIM_OnePulse_MspInit
 .text.HAL_TIM_PWM_ConfigChannel
                0x08008188      0x184 ./Drivers/STM32F4xx_HAL_Driver/Src/stm32f4xx_hal_tim.o
                0x08008188                HAL_TIM_PWM_ConfigChannel
 .text.HAL_TIM_ConfigClockSource
                0x0800830c      0x18e ./Drivers/STM32F4xx_HAL_Driver/Src/stm32f4xx_hal_tim.o
                0x0800830c                HAL_TIM_ConfigClockSource
 .text.HAL_TIM_SlaveConfigSynchro
                0x0800849a       0x84 ./Drivers/STM32F4xx_HAL_Driver/Src/stm32f4xx_hal_tim.o
                0x0800849a                HAL_TIM_SlaveConfigSynchro
 *fill*         0x0800851e        0x2 
 .text.TIM_Base_SetConfig
                0x08008520      0x14c ./Drivers/STM32F4xx_HAL_Driver/Src/stm32f4xx_hal_tim.o
                0x08008520                TIM_Base_SetConfig
 .text.TIM_OC1_SetConfig
                0x0800866c       0xe0 ./Drivers/STM32F4xx_HAL_Driver/Src/stm32f4xx_hal_tim.o
 .text.TIM_OC2_SetConfig
                0x0800874c       0xec ./Drivers/STM32F4xx_HAL_Driver/Src/stm32f4xx_hal_tim.o
                0x0800874c                TIM_OC2_SetConfig
 .text.TIM_OC3_SetConfig
                0x08008838       0xe8 ./Drivers/STM32F4xx_HAL_Driver/Src/stm32f4xx_hal_tim.o
 .text.TIM_OC4_SetConfig
                0x08008920       0xac ./Drivers/STM32F4xx_HAL_Driver/Src/stm32f4xx_hal_tim.o
 .text.TIM_SlaveTimer_SetConfig
                0x080089cc      0x122 ./Drivers/STM32F4xx_HAL_Driver/Src/stm32f4xx_hal_tim.o
 .text.TIM_TI1_ConfigInputStage
                0x08008aee       0x5e ./Drivers/STM32F4xx_HAL_Driver/Src/stm32f4xx_hal_tim.o
 .text.TIM_TI2_ConfigInputStage
                0x08008b4c       0x60 ./Drivers/STM32F4xx_HAL_Driver/Src/stm32f4xx_hal_tim.o
 .text.TIM_ITRx_SetConfig
                0x08008bac       0x36 ./Drivers/STM32F4xx_HAL_Driver/Src/stm32f4xx_hal_tim.o
 .text.TIM_ETR_SetConfig
                0x08008be2       0x40 ./Drivers/STM32F4xx_HAL_Driver/Src/stm32f4xx_hal_tim.o
                0x08008be2                TIM_ETR_SetConfig
 .text.TIM_CCxChannelCmd
                0x08008c22       0x4a ./Drivers/STM32F4xx_HAL_Driver/Src/stm32f4xx_hal_tim.o
                0x08008c22                TIM_CCxChannelCmd
 .text.HAL_TIMEx_MasterConfigSynchronization
                0x08008c6c       0xf8 ./Drivers/STM32F4xx_HAL_Driver/Src/stm32f4xx_hal_tim_ex.o
                0x08008c6c                HAL_TIMEx_MasterConfigSynchronization
 .text.HAL_UART_Init
                0x08008d64       0xa0 ./Drivers/STM32F4xx_HAL_Driver/Src/stm32f4xx_hal_uart.o
                0x08008d64                HAL_UART_Init
 .text.HAL_UART_Transmit_DMA
                0x08008e04       0xf8 ./Drivers/STM32F4xx_HAL_Driver/Src/stm32f4xx_hal_uart.o
                0x08008e04                HAL_UART_Transmit_DMA
 .text.HAL_UARTEx_ReceiveToIdle_DMA
                0x08008efc       0xb2 ./Drivers/STM32F4xx_HAL_Driver/Src/stm32f4xx_hal_uart.o
                0x08008efc                HAL_UARTEx_ReceiveToIdle_DMA
 *fill*         0x08008fae        0x2 
 .text.HAL_UART_IRQHandler
                0x08008fb0      0x554 ./Drivers/STM32F4xx_HAL_Driver/Src/stm32f4xx_hal_uart.o
                0x08008fb0                HAL_UART_IRQHandler
 .text.HAL_UART_TxHalfCpltCallback
                0x08009504       0x14 ./Drivers/STM32F4xx_HAL_Driver/Src/stm32f4xx_hal_uart.o
                0x08009504                HAL_UART_TxHalfCpltCallback
 .text.HAL_UART_RxCpltCallback
                0x08009518       0x14 ./Drivers/STM32F4xx_HAL_Driver/Src/stm32f4xx_hal_uart.o
                0x08009518                HAL_UART_RxCpltCallback
 .text.HAL_UART_RxHalfCpltCallback
                0x0800952c       0x14 ./Drivers/STM32F4xx_HAL_Driver/Src/stm32f4xx_hal_uart.o
                0x0800952c                HAL_UART_RxHalfCpltCallback
 .text.HAL_UART_ErrorCallback
                0x08009540       0x14 ./Drivers/STM32F4xx_HAL_Driver/Src/stm32f4xx_hal_uart.o
                0x08009540                HAL_UART_ErrorCallback
 .text.UART_DMATransmitCplt
                0x08009554       0x9a ./Drivers/STM32F4xx_HAL_Driver/Src/stm32f4xx_hal_uart.o
 .text.UART_DMATxHalfCplt
                0x080095ee       0x1c ./Drivers/STM32F4xx_HAL_Driver/Src/stm32f4xx_hal_uart.o
 .text.UART_DMAReceiveCplt
                0x0800960a      0x12c ./Drivers/STM32F4xx_HAL_Driver/Src/stm32f4xx_hal_uart.o
 .text.UART_DMARxHalfCplt
                0x08009736       0x3c ./Drivers/STM32F4xx_HAL_Driver/Src/stm32f4xx_hal_uart.o
 .text.UART_DMAError
                0x08009772       0x94 ./Drivers/STM32F4xx_HAL_Driver/Src/stm32f4xx_hal_uart.o
 *fill*         0x08009806        0x2 
 .text.UART_Start_Receive_DMA
                0x08009808      0x14c ./Drivers/STM32F4xx_HAL_Driver/Src/stm32f4xx_hal_uart.o
                0x08009808                UART_Start_Receive_DMA
 .text.UART_EndTxTransfer
                0x08009954       0x50 ./Drivers/STM32F4xx_HAL_Driver/Src/stm32f4xx_hal_uart.o
 .text.UART_EndRxTransfer
                0x080099a4       0xc6 ./Drivers/STM32F4xx_HAL_Driver/Src/stm32f4xx_hal_uart.o
 .text.UART_DMAAbortOnError
                0x08009a6a       0x22 ./Drivers/STM32F4xx_HAL_Driver/Src/stm32f4xx_hal_uart.o
 .text.UART_Transmit_IT
                0x08009a8c       0xa0 ./Drivers/STM32F4xx_HAL_Driver/Src/stm32f4xx_hal_uart.o
 .text.UART_EndTransmit_IT
                0x08009b2c       0x30 ./Drivers/STM32F4xx_HAL_Driver/Src/stm32f4xx_hal_uart.o
 .text.UART_Receive_IT
                0x08009b5c      0x17c ./Drivers/STM32F4xx_HAL_Driver/Src/stm32f4xx_hal_uart.o
 .text.UART_SetConfig
                0x08009cd8      0x4e8 ./Drivers/STM32F4xx_HAL_Driver/Src/stm32f4xx_hal_uart.o
 .text.USB_CoreInit
                0x0800a1c0       0xc8 ./Drivers/STM32F4xx_HAL_Driver/Src/stm32f4xx_ll_usb.o
                0x0800a1c0                USB_CoreInit
 .text.USB_SetTurnaroundTime
                0x0800a288      0x144 ./Drivers/STM32F4xx_HAL_Driver/Src/stm32f4xx_ll_usb.o
                0x0800a288                USB_SetTurnaroundTime
 .text.USB_EnableGlobalInt
                0x0800a3cc       0x22 ./Drivers/STM32F4xx_HAL_Driver/Src/stm32f4xx_ll_usb.o
                0x0800a3cc                USB_EnableGlobalInt
 .text.USB_DisableGlobalInt
                0x0800a3ee       0x22 ./Drivers/STM32F4xx_HAL_Driver/Src/stm32f4xx_ll_usb.o
                0x0800a3ee                USB_DisableGlobalInt
 .text.USB_SetCurrentMode
                0x0800a410       0x98 ./Drivers/STM32F4xx_HAL_Driver/Src/stm32f4xx_ll_usb.o
                0x0800a410                USB_SetCurrentMode
 .text.USB_DevInit
                0x0800a4a8      0x2c8 ./Drivers/STM32F4xx_HAL_Driver/Src/stm32f4xx_ll_usb.o
                0x0800a4a8                USB_DevInit
 .text.USB_FlushTxFifo
                0x0800a770       0x64 ./Drivers/STM32F4xx_HAL_Driver/Src/stm32f4xx_ll_usb.o
                0x0800a770                USB_FlushTxFifo
 .text.USB_FlushRxFifo
                0x0800a7d4       0x5c ./Drivers/STM32F4xx_HAL_Driver/Src/stm32f4xx_ll_usb.o
                0x0800a7d4                USB_FlushRxFifo
 .text.USB_SetDevSpeed
                0x0800a830       0x32 ./Drivers/STM32F4xx_HAL_Driver/Src/stm32f4xx_ll_usb.o
                0x0800a830                USB_SetDevSpeed
 .text.USB_GetDevSpeed
                0x0800a862       0x4a ./Drivers/STM32F4xx_HAL_Driver/Src/stm32f4xx_ll_usb.o
                0x0800a862                USB_GetDevSpeed
 .text.USB_ActivateEndpoint
                0x0800a8ac      0x10e ./Drivers/STM32F4xx_HAL_Driver/Src/stm32f4xx_ll_usb.o
                0x0800a8ac                USB_ActivateEndpoint
 *fill*         0x0800a9ba        0x2 
 .text.USB_DeactivateEndpoint
                0x0800a9bc      0x1b8 ./Drivers/STM32F4xx_HAL_Driver/Src/stm32f4xx_ll_usb.o
                0x0800a9bc                USB_DeactivateEndpoint
 .text.USB_EPStartXfer
                0x0800ab74      0x53c ./Drivers/STM32F4xx_HAL_Driver/Src/stm32f4xx_ll_usb.o
                0x0800ab74                USB_EPStartXfer
 .text.USB_EPStopXfer
                0x0800b0b0      0x154 ./Drivers/STM32F4xx_HAL_Driver/Src/stm32f4xx_ll_usb.o
                0x0800b0b0                USB_EPStopXfer
 .text.USB_WritePacket
                0x0800b204       0x7c ./Drivers/STM32F4xx_HAL_Driver/Src/stm32f4xx_ll_usb.o
                0x0800b204                USB_WritePacket
 .text.USB_ReadPacket
                0x0800b280       0xb0 ./Drivers/STM32F4xx_HAL_Driver/Src/stm32f4xx_ll_usb.o
                0x0800b280                USB_ReadPacket
 .text.USB_EPSetStall
                0x0800b330       0xdc ./Drivers/STM32F4xx_HAL_Driver/Src/stm32f4xx_ll_usb.o
                0x0800b330                USB_EPSetStall
 .text.USB_EPClearStall
                0x0800b40c       0xcc ./Drivers/STM32F4xx_HAL_Driver/Src/stm32f4xx_ll_usb.o
                0x0800b40c                USB_EPClearStall
 .text.USB_SetDevAddress
                0x0800b4d8       0x4c ./Drivers/STM32F4xx_HAL_Driver/Src/stm32f4xx_ll_usb.o
                0x0800b4d8                USB_SetDevAddress
 .text.USB_DevConnect
                0x0800b524       0x42 ./Drivers/STM32F4xx_HAL_Driver/Src/stm32f4xx_ll_usb.o
                0x0800b524                USB_DevConnect
 .text.USB_DevDisconnect
                0x0800b566       0x42 ./Drivers/STM32F4xx_HAL_Driver/Src/stm32f4xx_ll_usb.o
                0x0800b566                USB_DevDisconnect
 .text.USB_ReadInterrupts
                0x0800b5a8       0x26 ./Drivers/STM32F4xx_HAL_Driver/Src/stm32f4xx_ll_usb.o
                0x0800b5a8                USB_ReadInterrupts
 .text.USB_ReadDevAllOutEpInterrupt
                0x0800b5ce       0x34 ./Drivers/STM32F4xx_HAL_Driver/Src/stm32f4xx_ll_usb.o
                0x0800b5ce                USB_ReadDevAllOutEpInterrupt
 .text.USB_ReadDevAllInEpInterrupt
                0x0800b602       0x34 ./Drivers/STM32F4xx_HAL_Driver/Src/stm32f4xx_ll_usb.o
                0x0800b602                USB_ReadDevAllInEpInterrupt
 .text.USB_ReadDevOutEPInterrupt
                0x0800b636       0x3c ./Drivers/STM32F4xx_HAL_Driver/Src/stm32f4xx_ll_usb.o
                0x0800b636                USB_ReadDevOutEPInterrupt
 .text.USB_ReadDevInEPInterrupt
                0x0800b672       0x5c ./Drivers/STM32F4xx_HAL_Driver/Src/stm32f4xx_ll_usb.o
                0x0800b672                USB_ReadDevInEPInterrupt
 .text.USB_GetMode
                0x0800b6ce       0x1c ./Drivers/STM32F4xx_HAL_Driver/Src/stm32f4xx_ll_usb.o
                0x0800b6ce                USB_GetMode
 .text.USB_ActivateSetup
                0x0800b6ea       0x46 ./Drivers/STM32F4xx_HAL_Driver/Src/stm32f4xx_ll_usb.o
                0x0800b6ea                USB_ActivateSetup
 .text.USB_EP0_OutStart
                0x0800b730       0xbc ./Drivers/STM32F4xx_HAL_Driver/Src/stm32f4xx_ll_usb.o
                0x0800b730                USB_EP0_OutStart
 .text.USB_CoreReset
                0x0800b7ec       0x70 ./Drivers/STM32F4xx_HAL_Driver/Src/stm32f4xx_ll_usb.o
 .text.MX_USB_DEVICE_Init
                0x0800b85c       0x64 ./Middlewares/Third_Party/AL94_USB_Composite/COMPOSITE/App/usb_device.o
                0x0800b85c                MX_USB_DEVICE_Init
 .text.USBD_DeviceDescriptor
                0x0800b8c0       0x24 ./Middlewares/Third_Party/AL94_USB_Composite/COMPOSITE/App/usbd_desc.o
                0x0800b8c0                USBD_DeviceDescriptor
 .text.USBD_LangIDStrDescriptor
                0x0800b8e4       0x24 ./Middlewares/Third_Party/AL94_USB_Composite/COMPOSITE/App/usbd_desc.o
                0x0800b8e4                USBD_LangIDStrDescriptor
 .text.USBD_ProductStrDescriptor
                0x0800b908       0x3c ./Middlewares/Third_Party/AL94_USB_Composite/COMPOSITE/App/usbd_desc.o
                0x0800b908                USBD_ProductStrDescriptor
 .text.USBD_ManufacturerStrDescriptor
                0x0800b944       0x28 ./Middlewares/Third_Party/AL94_USB_Composite/COMPOSITE/App/usbd_desc.o
                0x0800b944                USBD_ManufacturerStrDescriptor
 .text.USBD_SerialStrDescriptor
                0x0800b96c       0x24 ./Middlewares/Third_Party/AL94_USB_Composite/COMPOSITE/App/usbd_desc.o
                0x0800b96c                USBD_SerialStrDescriptor
 .text.USBD_ConfigStrDescriptor
                0x0800b990       0x3c ./Middlewares/Third_Party/AL94_USB_Composite/COMPOSITE/App/usbd_desc.o
                0x0800b990                USBD_ConfigStrDescriptor
 .text.USBD_InterfaceStrDescriptor
                0x0800b9cc       0x3c ./Middlewares/Third_Party/AL94_USB_Composite/COMPOSITE/App/usbd_desc.o
                0x0800b9cc                USBD_InterfaceStrDescriptor
 .text.Get_SerialNum
                0x0800ba08       0x58 ./Middlewares/Third_Party/AL94_USB_Composite/COMPOSITE/App/usbd_desc.o
 .text.IntToUnicode
                0x0800ba60       0x7e ./Middlewares/Third_Party/AL94_USB_Composite/COMPOSITE/App/usbd_desc.o
 .text.CUSTOM_HID_Init
                0x0800bade       0x10 ./Middlewares/Third_Party/AL94_USB_Composite/COMPOSITE/App/usbd_hid_custom_if.o
 .text.CUSTOM_HID_DeInit
                0x0800baee       0x10 ./Middlewares/Third_Party/AL94_USB_Composite/COMPOSITE/App/usbd_hid_custom_if.o
 .text.CUSTOM_HID_OutEvent
                0x0800bafe       0x1e ./Middlewares/Third_Party/AL94_USB_Composite/COMPOSITE/App/usbd_hid_custom_if.o
 .text.USBD_COMPOSITE_Init
                0x0800bb1c       0x28 ./Middlewares/Third_Party/AL94_USB_Composite/COMPOSITE/Class/COMPOSITE/Src/usbd_composite.o
 .text.USBD_COMPOSITE_DeInit
                0x0800bb44       0x28 ./Middlewares/Third_Party/AL94_USB_Composite/COMPOSITE/Class/COMPOSITE/Src/usbd_composite.o
 .text.USBD_COMPOSITE_Setup
                0x0800bb6c       0x38 ./Middlewares/Third_Party/AL94_USB_Composite/COMPOSITE/Class/COMPOSITE/Src/usbd_composite.o
 .text.USBD_COMPOSITE_DataIn
                0x0800bba4       0x3c ./Middlewares/Third_Party/AL94_USB_Composite/COMPOSITE/Class/COMPOSITE/Src/usbd_composite.o
 .text.USBD_COMPOSITE_EP0_RxReady
                0x0800bbe0       0x20 ./Middlewares/Third_Party/AL94_USB_Composite/COMPOSITE/Class/COMPOSITE/Src/usbd_composite.o
 .text.USBD_COMPOSITE_EP0_TxReady
                0x0800bc00       0x16 ./Middlewares/Third_Party/AL94_USB_Composite/COMPOSITE/Class/COMPOSITE/Src/usbd_composite.o
 .text.USBD_COMPOSITE_SOF
                0x0800bc16       0x16 ./Middlewares/Third_Party/AL94_USB_Composite/COMPOSITE/Class/COMPOSITE/Src/usbd_composite.o
 .text.USBD_COMPOSITE_IsoINIncomplete
                0x0800bc2c       0x1a ./Middlewares/Third_Party/AL94_USB_Composite/COMPOSITE/Class/COMPOSITE/Src/usbd_composite.o
 .text.USBD_COMPOSITE_IsoOutIncomplete
                0x0800bc46       0x1a ./Middlewares/Third_Party/AL94_USB_Composite/COMPOSITE/Class/COMPOSITE/Src/usbd_composite.o
 .text.USBD_COMPOSITE_DataOut
                0x0800bc60       0x38 ./Middlewares/Third_Party/AL94_USB_Composite/COMPOSITE/Class/COMPOSITE/Src/usbd_composite.o
 .text.USBD_COMPOSITE_GetHSCfgDesc
                0x0800bc98       0x20 ./Middlewares/Third_Party/AL94_USB_Composite/COMPOSITE/Class/COMPOSITE/Src/usbd_composite.o
 .text.USBD_COMPOSITE_GetFSCfgDesc
                0x0800bcb8       0x20 ./Middlewares/Third_Party/AL94_USB_Composite/COMPOSITE/Class/COMPOSITE/Src/usbd_composite.o
 .text.USBD_COMPOSITE_GetOtherSpeedCfgDesc
                0x0800bcd8       0x20 ./Middlewares/Third_Party/AL94_USB_Composite/COMPOSITE/Class/COMPOSITE/Src/usbd_composite.o
 .text.USBD_COMPOSITE_GetDeviceQualifierDesc
                0x0800bcf8       0x20 ./Middlewares/Third_Party/AL94_USB_Composite/COMPOSITE/Class/COMPOSITE/Src/usbd_composite.o
 .text.USBD_COMPOSITE_GetUsrStringDesc
                0x0800bd18       0x4c ./Middlewares/Third_Party/AL94_USB_Composite/COMPOSITE/Class/COMPOSITE/Src/usbd_composite.o
 .text.USBD_COMPOSITE_Mount_Class
                0x0800bd64      0x160 ./Middlewares/Third_Party/AL94_USB_Composite/COMPOSITE/Class/COMPOSITE/Src/usbd_composite.o
                0x0800bd64                USBD_COMPOSITE_Mount_Class
 .text.USBD_CUSTOM_HID_Init
                0x0800bec4      0x128 ./Middlewares/Third_Party/AL94_USB_Composite/COMPOSITE/Class/HID_CUSTOM/Src/usbd_hid_custom.o
 .text.USBD_CUSTOM_HID_DeInit
                0x0800bfec       0xc0 ./Middlewares/Third_Party/AL94_USB_Composite/COMPOSITE/Class/HID_CUSTOM/Src/usbd_hid_custom.o
 .text.USBD_CUSTOM_HID_Setup
                0x0800c0ac      0x214 ./Middlewares/Third_Party/AL94_USB_Composite/COMPOSITE/Class/HID_CUSTOM/Src/usbd_hid_custom.o
 .text.USBD_CUSTOM_HID_SendReport
                0x0800c2c0       0x60 ./Middlewares/Third_Party/AL94_USB_Composite/COMPOSITE/Class/HID_CUSTOM/Src/usbd_hid_custom.o
                0x0800c2c0                USBD_CUSTOM_HID_SendReport
 .text.USBD_CUSTOM_HID_GetFSCfgDesc
                0x0800c320       0x20 ./Middlewares/Third_Party/AL94_USB_Composite/COMPOSITE/Class/HID_CUSTOM/Src/usbd_hid_custom.o
 .text.USBD_CUSTOM_HID_GetHSCfgDesc
                0x0800c340       0x20 ./Middlewares/Third_Party/AL94_USB_Composite/COMPOSITE/Class/HID_CUSTOM/Src/usbd_hid_custom.o
 .text.USBD_CUSTOM_HID_GetOtherSpeedCfgDesc
                0x0800c360       0x20 ./Middlewares/Third_Party/AL94_USB_Composite/COMPOSITE/Class/HID_CUSTOM/Src/usbd_hid_custom.o
 .text.USBD_CUSTOM_HID_DataIn
                0x0800c380       0x24 ./Middlewares/Third_Party/AL94_USB_Composite/COMPOSITE/Class/HID_CUSTOM/Src/usbd_hid_custom.o
 .text.USBD_CUSTOM_HID_DataOut
                0x0800c3a4       0x40 ./Middlewares/Third_Party/AL94_USB_Composite/COMPOSITE/Class/HID_CUSTOM/Src/usbd_hid_custom.o
 .text.USBD_CUSTOM_HID_EP0_RxReady
                0x0800c3e4       0x46 ./Middlewares/Third_Party/AL94_USB_Composite/COMPOSITE/Class/HID_CUSTOM/Src/usbd_hid_custom.o
 *fill*         0x0800c42a        0x2 
 .text.USBD_CUSTOM_HID_GetDeviceQualifierDesc
                0x0800c42c       0x20 ./Middlewares/Third_Party/AL94_USB_Composite/COMPOSITE/Class/HID_CUSTOM/Src/usbd_hid_custom.o
 .text.USBD_CUSTOM_HID_RegisterInterface
                0x0800c44c       0x2a ./Middlewares/Third_Party/AL94_USB_Composite/COMPOSITE/Class/HID_CUSTOM/Src/usbd_hid_custom.o
                0x0800c44c                USBD_CUSTOM_HID_RegisterInterface
 *fill*         0x0800c476        0x2 
 .text.USBD_Update_HID_Custom_DESC
                0x0800c478       0x70 ./Middlewares/Third_Party/AL94_USB_Composite/COMPOSITE/Class/HID_CUSTOM/Src/usbd_hid_custom.o
                0x0800c478                USBD_Update_HID_Custom_DESC
 .text.USBD_Init
                0x0800c4e8       0x58 ./Middlewares/Third_Party/AL94_USB_Composite/COMPOSITE/Core/Src/usbd_core.o
                0x0800c4e8                USBD_Init
 .text.USBD_RegisterClass
                0x0800c540       0x7c ./Middlewares/Third_Party/AL94_USB_Composite/COMPOSITE/Core/Src/usbd_core.o
                0x0800c540                USBD_RegisterClass
 .text.USBD_Start
                0x0800c5bc       0x18 ./Middlewares/Third_Party/AL94_USB_Composite/COMPOSITE/Core/Src/usbd_core.o
                0x0800c5bc                USBD_Start
 .text.USBD_RunTestMode
                0x0800c5d4       0x16 ./Middlewares/Third_Party/AL94_USB_Composite/COMPOSITE/Core/Src/usbd_core.o
                0x0800c5d4                USBD_RunTestMode
 .text.USBD_SetClassConfig
                0x0800c5ea       0x38 ./Middlewares/Third_Party/AL94_USB_Composite/COMPOSITE/Core/Src/usbd_core.o
                0x0800c5ea                USBD_SetClassConfig
 .text.USBD_ClrClassConfig
                0x0800c622       0x30 ./Middlewares/Third_Party/AL94_USB_Composite/COMPOSITE/Core/Src/usbd_core.o
                0x0800c622                USBD_ClrClassConfig
 .text.USBD_LL_SetupStage
                0x0800c652       0xaa ./Middlewares/Third_Party/AL94_USB_Composite/COMPOSITE/Core/Src/usbd_core.o
                0x0800c652                USBD_LL_SetupStage
 .text.USBD_LL_DataOutStage
                0x0800c6fc       0xc6 ./Middlewares/Third_Party/AL94_USB_Composite/COMPOSITE/Core/Src/usbd_core.o
                0x0800c6fc                USBD_LL_DataOutStage
 .text.USBD_LL_DataInStage
                0x0800c7c2      0x12c ./Middlewares/Third_Party/AL94_USB_Composite/COMPOSITE/Core/Src/usbd_core.o
                0x0800c7c2                USBD_LL_DataInStage
 .text.USBD_LL_Reset
                0x0800c8ee       0x92 ./Middlewares/Third_Party/AL94_USB_Composite/COMPOSITE/Core/Src/usbd_core.o
                0x0800c8ee                USBD_LL_Reset
 .text.USBD_LL_SetSpeed
                0x0800c980       0x20 ./Middlewares/Third_Party/AL94_USB_Composite/COMPOSITE/Core/Src/usbd_core.o
                0x0800c980                USBD_LL_SetSpeed
 .text.USBD_LL_Suspend
                0x0800c9a0       0x2c ./Middlewares/Third_Party/AL94_USB_Composite/COMPOSITE/Core/Src/usbd_core.o
                0x0800c9a0                USBD_LL_Suspend
 .text.USBD_LL_Resume
                0x0800c9cc       0x30 ./Middlewares/Third_Party/AL94_USB_Composite/COMPOSITE/Core/Src/usbd_core.o
                0x0800c9cc                USBD_LL_Resume
 .text.USBD_LL_SOF
                0x0800c9fc       0x44 ./Middlewares/Third_Party/AL94_USB_Composite/COMPOSITE/Core/Src/usbd_core.o
                0x0800c9fc                USBD_LL_SOF
 .text.USBD_LL_IsoINIncomplete
                0x0800ca40       0x4c ./Middlewares/Third_Party/AL94_USB_Composite/COMPOSITE/Core/Src/usbd_core.o
                0x0800ca40                USBD_LL_IsoINIncomplete
 .text.USBD_LL_IsoOUTIncomplete
                0x0800ca8c       0x4c ./Middlewares/Third_Party/AL94_USB_Composite/COMPOSITE/Core/Src/usbd_core.o
                0x0800ca8c                USBD_LL_IsoOUTIncomplete
 .text.USBD_LL_DevConnected
                0x0800cad8       0x16 ./Middlewares/Third_Party/AL94_USB_Composite/COMPOSITE/Core/Src/usbd_core.o
                0x0800cad8                USBD_LL_DevConnected
 .text.USBD_LL_DevDisconnected
                0x0800caee       0x38 ./Middlewares/Third_Party/AL94_USB_Composite/COMPOSITE/Core/Src/usbd_core.o
                0x0800caee                USBD_LL_DevDisconnected
 .text.SWAPBYTE
                0x0800cb26       0x3e ./Middlewares/Third_Party/AL94_USB_Composite/COMPOSITE/Core/Src/usbd_ctlreq.o
 .text.USBD_StdDevReq
                0x0800cb64       0xdc ./Middlewares/Third_Party/AL94_USB_Composite/COMPOSITE/Core/Src/usbd_ctlreq.o
                0x0800cb64                USBD_StdDevReq
 .text.USBD_StdItfReq
                0x0800cc40       0x92 ./Middlewares/Third_Party/AL94_USB_Composite/COMPOSITE/Core/Src/usbd_ctlreq.o
                0x0800cc40                USBD_StdItfReq
 .text.USBD_StdEPReq
                0x0800ccd2      0x2c4 ./Middlewares/Third_Party/AL94_USB_Composite/COMPOSITE/Core/Src/usbd_ctlreq.o
                0x0800ccd2                USBD_StdEPReq
 *fill*         0x0800cf96        0x2 
 .text.USBD_GetDescriptor
                0x0800cf98      0x2f8 ./Middlewares/Third_Party/AL94_USB_Composite/COMPOSITE/Core/Src/usbd_ctlreq.o
 .text.USBD_SetAddress
                0x0800d290       0x88 ./Middlewares/Third_Party/AL94_USB_Composite/COMPOSITE/Core/Src/usbd_ctlreq.o
 .text.USBD_SetConfig
                0x0800d318      0x14c ./Middlewares/Third_Party/AL94_USB_Composite/COMPOSITE/Core/Src/usbd_ctlreq.o
 .text.USBD_GetConfig
                0x0800d464       0x6c ./Middlewares/Third_Party/AL94_USB_Composite/COMPOSITE/Core/Src/usbd_ctlreq.o
 .text.USBD_GetStatus
                0x0800d4d0       0x68 ./Middlewares/Third_Party/AL94_USB_Composite/COMPOSITE/Core/Src/usbd_ctlreq.o
 .text.USBD_SetFeature
                0x0800d538       0x28 ./Middlewares/Third_Party/AL94_USB_Composite/COMPOSITE/Core/Src/usbd_ctlreq.o
 .text.USBD_ClrFeature
                0x0800d560       0x44 ./Middlewares/Third_Party/AL94_USB_Composite/COMPOSITE/Core/Src/usbd_ctlreq.o
 .text.USBD_ParseSetupRequest
                0x0800d5a4       0x74 ./Middlewares/Third_Party/AL94_USB_Composite/COMPOSITE/Core/Src/usbd_ctlreq.o
                0x0800d5a4                USBD_ParseSetupRequest
 .text.USBD_CtlError
                0x0800d618       0x22 ./Middlewares/Third_Party/AL94_USB_Composite/COMPOSITE/Core/Src/usbd_ctlreq.o
                0x0800d618                USBD_CtlError
 .text.USBD_GetString
                0x0800d63a       0x8c ./Middlewares/Third_Party/AL94_USB_Composite/COMPOSITE/Core/Src/usbd_ctlreq.o
                0x0800d63a                USBD_GetString
 .text.USBD_GetLen
                0x0800d6c6       0x34 ./Middlewares/Third_Party/AL94_USB_Composite/COMPOSITE/Core/Src/usbd_ctlreq.o
 .text.USBD_CtlSendData
                0x0800d6fa       0x36 ./Middlewares/Third_Party/AL94_USB_Composite/COMPOSITE/Core/Src/usbd_ioreq.o
                0x0800d6fa                USBD_CtlSendData
 .text.USBD_CtlContinueSendData
                0x0800d730       0x22 ./Middlewares/Third_Party/AL94_USB_Composite/COMPOSITE/Core/Src/usbd_ioreq.o
                0x0800d730                USBD_CtlContinueSendData
 .text.USBD_CtlPrepareRx
                0x0800d752       0x3a ./Middlewares/Third_Party/AL94_USB_Composite/COMPOSITE/Core/Src/usbd_ioreq.o
                0x0800d752                USBD_CtlPrepareRx
 .text.USBD_CtlContinueRx
                0x0800d78c       0x22 ./Middlewares/Third_Party/AL94_USB_Composite/COMPOSITE/Core/Src/usbd_ioreq.o
                0x0800d78c                USBD_CtlContinueRx
 .text.USBD_CtlSendStatus
                0x0800d7ae       0x26 ./Middlewares/Third_Party/AL94_USB_Composite/COMPOSITE/Core/Src/usbd_ioreq.o
                0x0800d7ae                USBD_CtlSendStatus
 .text.USBD_CtlReceiveStatus
                0x0800d7d4       0x26 ./Middlewares/Third_Party/AL94_USB_Composite/COMPOSITE/Core/Src/usbd_ioreq.o
                0x0800d7d4                USBD_CtlReceiveStatus
 .text.HAL_PCDEx_SetTxFiFoInBytes
                0x0800d7fa       0x2a ./Middlewares/Third_Party/AL94_USB_Composite/COMPOSITE/Target/usbd_conf.o
                0x0800d7fa                HAL_PCDEx_SetTxFiFoInBytes
 .text.HAL_PCDEx_SetRxFiFoInBytes
                0x0800d824       0x24 ./Middlewares/Third_Party/AL94_USB_Composite/COMPOSITE/Target/usbd_conf.o
                0x0800d824                HAL_PCDEx_SetRxFiFoInBytes
 .text.HAL_PCD_SetupStageCallback
                0x0800d848       0x24 ./Middlewares/Third_Party/AL94_USB_Composite/COMPOSITE/Target/usbd_conf.o
                0x0800d848                HAL_PCD_SetupStageCallback
 .text.HAL_PCD_DataOutStageCallback
                0x0800d86c       0x36 ./Middlewares/Third_Party/AL94_USB_Composite/COMPOSITE/Target/usbd_conf.o
                0x0800d86c                HAL_PCD_DataOutStageCallback
 .text.HAL_PCD_DataInStageCallback
                0x0800d8a2       0x34 ./Middlewares/Third_Party/AL94_USB_Composite/COMPOSITE/Target/usbd_conf.o
                0x0800d8a2                HAL_PCD_DataInStageCallback
 .text.HAL_PCD_SOFCallback
                0x0800d8d6       0x1c ./Middlewares/Third_Party/AL94_USB_Composite/COMPOSITE/Target/usbd_conf.o
                0x0800d8d6                HAL_PCD_SOFCallback
 .text.HAL_PCD_ResetCallback
                0x0800d8f2       0x50 ./Middlewares/Third_Party/AL94_USB_Composite/COMPOSITE/Target/usbd_conf.o
                0x0800d8f2                HAL_PCD_ResetCallback
 *fill*         0x0800d942        0x2 
 .text.HAL_PCD_SuspendCallback
                0x0800d944       0x4c ./Middlewares/Third_Party/AL94_USB_Composite/COMPOSITE/Target/usbd_conf.o
                0x0800d944                HAL_PCD_SuspendCallback
 .text.HAL_PCD_ResumeCallback
                0x0800d990       0x1c ./Middlewares/Third_Party/AL94_USB_Composite/COMPOSITE/Target/usbd_conf.o
                0x0800d990                HAL_PCD_ResumeCallback
 .text.HAL_PCD_ISOOUTIncompleteCallback
                0x0800d9ac       0x24 ./Middlewares/Third_Party/AL94_USB_Composite/COMPOSITE/Target/usbd_conf.o
                0x0800d9ac                HAL_PCD_ISOOUTIncompleteCallback
 .text.HAL_PCD_ISOINIncompleteCallback
                0x0800d9d0       0x24 ./Middlewares/Third_Party/AL94_USB_Composite/COMPOSITE/Target/usbd_conf.o
                0x0800d9d0                HAL_PCD_ISOINIncompleteCallback
 .text.HAL_PCD_ConnectCallback
                0x0800d9f4       0x1c ./Middlewares/Third_Party/AL94_USB_Composite/COMPOSITE/Target/usbd_conf.o
                0x0800d9f4                HAL_PCD_ConnectCallback
 .text.HAL_PCD_DisconnectCallback
                0x0800da10       0x1c ./Middlewares/Third_Party/AL94_USB_Composite/COMPOSITE/Target/usbd_conf.o
                0x0800da10                HAL_PCD_DisconnectCallback
 .text.USBD_LL_Init
                0x0800da2c       0x74 ./Middlewares/Third_Party/AL94_USB_Composite/COMPOSITE/Target/usbd_conf.o
                0x0800da2c                USBD_LL_Init
 .text.USBD_LL_Start
                0x0800daa0       0x36 ./Middlewares/Third_Party/AL94_USB_Composite/COMPOSITE/Target/usbd_conf.o
                0x0800daa0                USBD_LL_Start
 .text.USBD_LL_OpenEP
                0x0800dad6       0x4c ./Middlewares/Third_Party/AL94_USB_Composite/COMPOSITE/Target/usbd_conf.o
                0x0800dad6                USBD_LL_OpenEP
 .text.USBD_LL_CloseEP
                0x0800db22       0x3e ./Middlewares/Third_Party/AL94_USB_Composite/COMPOSITE/Target/usbd_conf.o
                0x0800db22                USBD_LL_CloseEP
 .text.USBD_LL_StallEP
                0x0800db60       0x3e ./Middlewares/Third_Party/AL94_USB_Composite/COMPOSITE/Target/usbd_conf.o
                0x0800db60                USBD_LL_StallEP
 .text.USBD_LL_ClearStallEP
                0x0800db9e       0x3e ./Middlewares/Third_Party/AL94_USB_Composite/COMPOSITE/Target/usbd_conf.o
                0x0800db9e                USBD_LL_ClearStallEP
 .text.USBD_LL_IsStallEP
                0x0800dbdc       0x58 ./Middlewares/Third_Party/AL94_USB_Composite/COMPOSITE/Target/usbd_conf.o
                0x0800dbdc                USBD_LL_IsStallEP
 .text.USBD_LL_SetUSBAddress
                0x0800dc34       0x3e ./Middlewares/Third_Party/AL94_USB_Composite/COMPOSITE/Target/usbd_conf.o
                0x0800dc34                USBD_LL_SetUSBAddress
 .text.USBD_LL_Transmit
                0x0800dc72       0x42 ./Middlewares/Third_Party/AL94_USB_Composite/COMPOSITE/Target/usbd_conf.o
                0x0800dc72                USBD_LL_Transmit
 .text.USBD_LL_PrepareReceive
                0x0800dcb4       0x42 ./Middlewares/Third_Party/AL94_USB_Composite/COMPOSITE/Target/usbd_conf.o
                0x0800dcb4                USBD_LL_PrepareReceive
 *fill*         0x0800dcf6        0x2 
 .text.USBD_Get_USB_Status
                0x0800dcf8       0x58 ./Middlewares/Third_Party/AL94_USB_Composite/COMPOSITE/Target/usbd_conf.o
                0x0800dcf8                USBD_Get_USB_Status
 .text.snprintf
                0x0800dd50       0x6c /home/zuidec/Programs/st/stm32cubeide_1.17.0/plugins/com.st.stm32cube.ide.mcu.externaltools.gnu-tools-for-stm32.13.3.rel1.linux64_1.0.0.202410170706/tools/bin/../lib/gcc/arm-none-eabi/13.3.1/../../../../arm-none-eabi/lib/thumb/v7e-m+fp/hard/libc_nano.a(libc_a-snprintf.o)
                0x0800dd50                snprintf
                0x0800dd50                sniprintf
 .text.memset   0x0800ddbc       0x10 /home/zuidec/Programs/st/stm32cubeide_1.17.0/plugins/com.st.stm32cube.ide.mcu.externaltools.gnu-tools-for-stm32.13.3.rel1.linux64_1.0.0.202410170706/tools/bin/../lib/gcc/arm-none-eabi/13.3.1/../../../../arm-none-eabi/lib/thumb/v7e-m+fp/hard/libc_nano.a(libc_a-memset.o)
                0x0800ddbc                memset
 .text.__errno  0x0800ddcc        0xc /home/zuidec/Programs/st/stm32cubeide_1.17.0/plugins/com.st.stm32cube.ide.mcu.externaltools.gnu-tools-for-stm32.13.3.rel1.linux64_1.0.0.202410170706/tools/bin/../lib/gcc/arm-none-eabi/13.3.1/../../../../arm-none-eabi/lib/thumb/v7e-m+fp/hard/libc_nano.a(libc_a-errno.o)
                0x0800ddcc                __errno
 .text.__libc_init_array
                0x0800ddd8       0x48 /home/zuidec/Programs/st/stm32cubeide_1.17.0/plugins/com.st.stm32cube.ide.mcu.externaltools.gnu-tools-for-stm32.13.3.rel1.linux64_1.0.0.202410170706/tools/bin/../lib/gcc/arm-none-eabi/13.3.1/../../../../arm-none-eabi/lib/thumb/v7e-m+fp/hard/libc_nano.a(libc_a-init.o)
                0x0800ddd8                __libc_init_array
 .text.__retarget_lock_acquire_recursive
                0x0800de20        0x2 /home/zuidec/Programs/st/stm32cubeide_1.17.0/plugins/com.st.stm32cube.ide.mcu.externaltools.gnu-tools-for-stm32.13.3.rel1.linux64_1.0.0.202410170706/tools/bin/../lib/gcc/arm-none-eabi/13.3.1/../../../../arm-none-eabi/lib/thumb/v7e-m+fp/hard/libc_nano.a(libc_a-lock.o)
                0x0800de20                __retarget_lock_acquire_recursive
 .text.__retarget_lock_release_recursive
                0x0800de22        0x2 /home/zuidec/Programs/st/stm32cubeide_1.17.0/plugins/com.st.stm32cube.ide.mcu.externaltools.gnu-tools-for-stm32.13.3.rel1.linux64_1.0.0.202410170706/tools/bin/../lib/gcc/arm-none-eabi/13.3.1/../../../../arm-none-eabi/lib/thumb/v7e-m+fp/hard/libc_nano.a(libc_a-lock.o)
                0x0800de22                __retarget_lock_release_recursive
 .text.memcpy   0x0800de24       0x1c /home/zuidec/Programs/st/stm32cubeide_1.17.0/plugins/com.st.stm32cube.ide.mcu.externaltools.gnu-tools-for-stm32.13.3.rel1.linux64_1.0.0.202410170706/tools/bin/../lib/gcc/arm-none-eabi/13.3.1/../../../../arm-none-eabi/lib/thumb/v7e-m+fp/hard/libc_nano.a(libc_a-memcpy-stub.o)
                0x0800de24                memcpy
 .text._free_r  0x0800de40       0x94 /home/zuidec/Programs/st/stm32cubeide_1.17.0/plugins/com.st.stm32cube.ide.mcu.externaltools.gnu-tools-for-stm32.13.3.rel1.linux64_1.0.0.202410170706/tools/bin/../lib/gcc/arm-none-eabi/13.3.1/../../../../arm-none-eabi/lib/thumb/v7e-m+fp/hard/libc_nano.a(libc_a-freer.o)
                0x0800de40                _free_r
 .text.sbrk_aligned
                0x0800ded4       0x44 /home/zuidec/Programs/st/stm32cubeide_1.17.0/plugins/com.st.stm32cube.ide.mcu.externaltools.gnu-tools-for-stm32.13.3.rel1.linux64_1.0.0.202410170706/tools/bin/../lib/gcc/arm-none-eabi/13.3.1/../../../../arm-none-eabi/lib/thumb/v7e-m+fp/hard/libc_nano.a(libc_a-mallocr.o)
 .text._malloc_r
                0x0800df18      0x100 /home/zuidec/Programs/st/stm32cubeide_1.17.0/plugins/com.st.stm32cube.ide.mcu.externaltools.gnu-tools-for-stm32.13.3.rel1.linux64_1.0.0.202410170706/tools/bin/../lib/gcc/arm-none-eabi/13.3.1/../../../../arm-none-eabi/lib/thumb/v7e-m+fp/hard/libc_nano.a(libc_a-mallocr.o)
                0x0800df18                _malloc_r
 .text.__malloc_lock
                0x0800e018        0xc /home/zuidec/Programs/st/stm32cubeide_1.17.0/plugins/com.st.stm32cube.ide.mcu.externaltools.gnu-tools-for-stm32.13.3.rel1.linux64_1.0.0.202410170706/tools/bin/../lib/gcc/arm-none-eabi/13.3.1/../../../../arm-none-eabi/lib/thumb/v7e-m+fp/hard/libc_nano.a(libc_a-mlock.o)
                0x0800e018                __malloc_lock
 .text.__malloc_unlock
                0x0800e024        0xc /home/zuidec/Programs/st/stm32cubeide_1.17.0/plugins/com.st.stm32cube.ide.mcu.externaltools.gnu-tools-for-stm32.13.3.rel1.linux64_1.0.0.202410170706/tools/bin/../lib/gcc/arm-none-eabi/13.3.1/../../../../arm-none-eabi/lib/thumb/v7e-m+fp/hard/libc_nano.a(libc_a-mlock.o)
                0x0800e024                __malloc_unlock
 .text.__ssputs_r
                0x0800e030       0xb6 /home/zuidec/Programs/st/stm32cubeide_1.17.0/plugins/com.st.stm32cube.ide.mcu.externaltools.gnu-tools-for-stm32.13.3.rel1.linux64_1.0.0.202410170706/tools/bin/../lib/gcc/arm-none-eabi/13.3.1/../../../../arm-none-eabi/lib/thumb/v7e-m+fp/hard/libc_nano.a(libc_a-nano-svfprintf.o)
                0x0800e030                __ssputs_r
 *fill*         0x0800e0e6        0x2 
 .text._svfprintf_r
                0x0800e0e8      0x1f8 /home/zuidec/Programs/st/stm32cubeide_1.17.0/plugins/com.st.stm32cube.ide.mcu.externaltools.gnu-tools-for-stm32.13.3.rel1.linux64_1.0.0.202410170706/tools/bin/../lib/gcc/arm-none-eabi/13.3.1/../../../../arm-none-eabi/lib/thumb/v7e-m+fp/hard/libc_nano.a(libc_a-nano-svfprintf.o)
                0x0800e0e8                _svfprintf_r
                0x0800e0e8                _svfiprintf_r
 .text._printf_common
                0x0800e2e0       0xda /home/zuidec/Programs/st/stm32cubeide_1.17.0/plugins/com.st.stm32cube.ide.mcu.externaltools.gnu-tools-for-stm32.13.3.rel1.linux64_1.0.0.202410170706/tools/bin/../lib/gcc/arm-none-eabi/13.3.1/../../../../arm-none-eabi/lib/thumb/v7e-m+fp/hard/libc_nano.a(libc_a-nano-vfprintf_i.o)
                0x0800e2e0                _printf_common
 *fill*         0x0800e3ba        0x2 
 .text._printf_i
                0x0800e3bc      0x23c /home/zuidec/Programs/st/stm32cubeide_1.17.0/plugins/com.st.stm32cube.ide.mcu.externaltools.gnu-tools-for-stm32.13.3.rel1.linux64_1.0.0.202410170706/tools/bin/../lib/gcc/arm-none-eabi/13.3.1/../../../../arm-none-eabi/lib/thumb/v7e-m+fp/hard/libc_nano.a(libc_a-nano-vfprintf_i.o)
                0x0800e3bc                _printf_i
 .text.memmove  0x0800e5f8       0x34 /home/zuidec/Programs/st/stm32cubeide_1.17.0/plugins/com.st.stm32cube.ide.mcu.externaltools.gnu-tools-for-stm32.13.3.rel1.linux64_1.0.0.202410170706/tools/bin/../lib/gcc/arm-none-eabi/13.3.1/../../../../arm-none-eabi/lib/thumb/v7e-m+fp/hard/libc_nano.a(libc_a-memmove.o)
                0x0800e5f8                memmove
 .text._sbrk_r  0x0800e62c       0x20 /home/zuidec/Programs/st/stm32cubeide_1.17.0/plugins/com.st.stm32cube.ide.mcu.externaltools.gnu-tools-for-stm32.13.3.rel1.linux64_1.0.0.202410170706/tools/bin/../lib/gcc/arm-none-eabi/13.3.1/../../../../arm-none-eabi/lib/thumb/v7e-m+fp/hard/libc_nano.a(libc_a-sbrkr.o)
                0x0800e62c                _sbrk_r
 .text._realloc_r
                0x0800e64c       0x5c /home/zuidec/Programs/st/stm32cubeide_1.17.0/plugins/com.st.stm32cube.ide.mcu.externaltools.gnu-tools-for-stm32.13.3.rel1.linux64_1.0.0.202410170706/tools/bin/../lib/gcc/arm-none-eabi/13.3.1/../../../../arm-none-eabi/lib/thumb/v7e-m+fp/hard/libc_nano.a(libc_a-reallocr.o)
                0x0800e64c                _realloc_r
 .text._malloc_usable_size_r
                0x0800e6a8       0x10 /home/zuidec/Programs/st/stm32cubeide_1.17.0/plugins/com.st.stm32cube.ide.mcu.externaltools.gnu-tools-for-stm32.13.3.rel1.linux64_1.0.0.202410170706/tools/bin/../lib/gcc/arm-none-eabi/13.3.1/../../../../arm-none-eabi/lib/thumb/v7e-m+fp/hard/libc_nano.a(libc_a-msizer.o)
                0x0800e6a8                _malloc_usable_size_r
 *(.glue_7)
 .glue_7        0x0800e6b8        0x0 linker stubs
 *(.glue_7t)
 .glue_7t       0x0800e6b8        0x0 linker stubs
 *(.eh_frame)
 .eh_frame      0x0800e6b8        0x0 /home/zuidec/Programs/st/stm32cubeide_1.17.0/plugins/com.st.stm32cube.ide.mcu.externaltools.gnu-tools-for-stm32.13.3.rel1.linux64_1.0.0.202410170706/tools/bin/../lib/gcc/arm-none-eabi/13.3.1/thumb/v7e-m+fp/hard/crtbegin.o
 *(.init)
 .init          0x0800e6b8        0x4 /home/zuidec/Programs/st/stm32cubeide_1.17.0/plugins/com.st.stm32cube.ide.mcu.externaltools.gnu-tools-for-stm32.13.3.rel1.linux64_1.0.0.202410170706/tools/bin/../lib/gcc/arm-none-eabi/13.3.1/thumb/v7e-m+fp/hard/crti.o
                0x0800e6b8                _init
 .init          0x0800e6bc        0x8 /home/zuidec/Programs/st/stm32cubeide_1.17.0/plugins/com.st.stm32cube.ide.mcu.externaltools.gnu-tools-for-stm32.13.3.rel1.linux64_1.0.0.202410170706/tools/bin/../lib/gcc/arm-none-eabi/13.3.1/thumb/v7e-m+fp/hard/crtn.o
 *(.fini)
 .fini          0x0800e6c4        0x4 /home/zuidec/Programs/st/stm32cubeide_1.17.0/plugins/com.st.stm32cube.ide.mcu.externaltools.gnu-tools-for-stm32.13.3.rel1.linux64_1.0.0.202410170706/tools/bin/../lib/gcc/arm-none-eabi/13.3.1/thumb/v7e-m+fp/hard/crti.o
                0x0800e6c4                _fini
 .fini          0x0800e6c8        0x8 /home/zuidec/Programs/st/stm32cubeide_1.17.0/plugins/com.st.stm32cube.ide.mcu.externaltools.gnu-tools-for-stm32.13.3.rel1.linux64_1.0.0.202410170706/tools/bin/../lib/gcc/arm-none-eabi/13.3.1/thumb/v7e-m+fp/hard/crtn.o
                0x0800e6d0                        . = ALIGN (0x4)
                0x0800e6d0                        _etext = .

.vfp11_veneer   0x0800e6d0        0x0
 .vfp11_veneer  0x0800e6d0        0x0 linker stubs

.v4_bx          0x0800e6d0        0x0
 .v4_bx         0x0800e6d0        0x0 linker stubs

.iplt           0x0800e6d0        0x0
 .iplt          0x0800e6d0        0x0 /home/zuidec/Programs/st/stm32cubeide_1.17.0/plugins/com.st.stm32cube.ide.mcu.externaltools.gnu-tools-for-stm32.13.3.rel1.linux64_1.0.0.202410170706/tools/bin/../lib/gcc/arm-none-eabi/13.3.1/thumb/v7e-m+fp/hard/crtbegin.o

.rodata         0x0800e6d0       0xd4
                0x0800e6d0                        . = ALIGN (0x4)
 *(.rodata)
 .rodata        0x0800e6d0       0x1c ./Core/Src/main.o
 .rodata        0x0800e6ec       0x50 ./Middlewares/Third_Party/AL94_USB_Composite/COMPOSITE/App/usbd_desc.o
 .rodata        0x0800e73c       0x11 ./Middlewares/Third_Party/AL94_USB_Composite/COMPOSITE/Class/COMPOSITE/Src/usbd_composite.o
 *(.rodata*)
 *fill*         0x0800e74d        0x3 
 .rodata.AHBPrescTable
                0x0800e750       0x10 ./Core/Src/system_stm32f4xx.o
                0x0800e750                AHBPrescTable
 .rodata.APBPrescTable
                0x0800e760        0x8 ./Core/Src/system_stm32f4xx.o
                0x0800e760                APBPrescTable
 .rodata.flagBitshiftOffset.0
                0x0800e768        0x8 ./Drivers/STM32F4xx_HAL_Driver/Src/stm32f4xx_hal_dma.o
 .rodata._svfprintf_r.str1.1
                0x0800e770       0x33 /home/zuidec/Programs/st/stm32cubeide_1.17.0/plugins/com.st.stm32cube.ide.mcu.externaltools.gnu-tools-for-stm32.13.3.rel1.linux64_1.0.0.202410170706/tools/bin/../lib/gcc/arm-none-eabi/13.3.1/../../../../arm-none-eabi/lib/thumb/v7e-m+fp/hard/libc_nano.a(libc_a-nano-svfprintf.o)
                                 0x11 (size before relaxing)
 .rodata._printf_i.str1.1
                0x0800e7a3       0x22 /home/zuidec/Programs/st/stm32cubeide_1.17.0/plugins/com.st.stm32cube.ide.mcu.externaltools.gnu-tools-for-stm32.13.3.rel1.linux64_1.0.0.202410170706/tools/bin/../lib/gcc/arm-none-eabi/13.3.1/../../../../arm-none-eabi/lib/thumb/v7e-m+fp/hard/libc_nano.a(libc_a-nano-vfprintf_i.o)
                0x0800e7c8                        . = ALIGN (0x4)
 *fill*         0x0800e7a3        0x1 

.ARM.extab      0x0800e7a4        0x0
                0x0800e7a4                        . = ALIGN (0x4)
 *(.ARM.extab* .gnu.linkonce.armextab.*)
                0x0800e7a4                        . = ALIGN (0x4)

.ARM            0x0800e7a4        0x8
                0x0800e7a4                        . = ALIGN (0x4)
                0x0800e7a4                        __exidx_start = .
 *(.ARM.exidx*)
 .ARM.exidx     0x0800e7a4        0x8 /home/zuidec/Programs/st/stm32cubeide_1.17.0/plugins/com.st.stm32cube.ide.mcu.externaltools.gnu-tools-for-stm32.13.3.rel1.linux64_1.0.0.202410170706/tools/bin/../lib/gcc/arm-none-eabi/13.3.1/../../../../arm-none-eabi/lib/thumb/v7e-m+fp/hard/libc_nano.a(libc_a-memchr.o)
 .ARM.exidx     0x0800e7ac        0x0 /home/zuidec/Programs/st/stm32cubeide_1.17.0/plugins/com.st.stm32cube.ide.mcu.externaltools.gnu-tools-for-stm32.13.3.rel1.linux64_1.0.0.202410170706/tools/bin/../lib/gcc/arm-none-eabi/13.3.1/thumb/v7e-m+fp/hard/libgcc.a(_udivmoddi4.o)
                                  0x8 (size before relaxing)
                0x0800e7ac                        __exidx_end = .
                0x0800e7ac                        . = ALIGN (0x4)

.preinit_array  0x0800e7ac        0x0
                0x0800e7ac                        . = ALIGN (0x4)
                0x0800e7ac                        PROVIDE (__preinit_array_start = .)
 *(.preinit_array*)
                0x0800e7ac                        PROVIDE (__preinit_array_end = .)
                0x0800e7ac                        . = ALIGN (0x4)

.init_array     0x0800e7ac        0x4
                0x0800e7ac                        . = ALIGN (0x4)
                0x0800e7ac                        PROVIDE (__init_array_start = .)
 *(SORT_BY_NAME(.init_array.*))
 *(.init_array*)
 .init_array    0x0800e7ac        0x4 /home/zuidec/Programs/st/stm32cubeide_1.17.0/plugins/com.st.stm32cube.ide.mcu.externaltools.gnu-tools-for-stm32.13.3.rel1.linux64_1.0.0.202410170706/tools/bin/../lib/gcc/arm-none-eabi/13.3.1/thumb/v7e-m+fp/hard/crtbegin.o
                0x0800e7b0                        PROVIDE (__init_array_end = .)
                0x0800e7b0                        . = ALIGN (0x4)

.fini_array     0x0800e7b0        0x4
                0x0800e7b0                        . = ALIGN (0x4)
                [!provide]                        PROVIDE (__fini_array_start = .)
 *(SORT_BY_NAME(.fini_array.*))
 *(.fini_array*)
 .fini_array    0x0800e7b0        0x4 /home/zuidec/Programs/st/stm32cubeide_1.17.0/plugins/com.st.stm32cube.ide.mcu.externaltools.gnu-tools-for-stm32.13.3.rel1.linux64_1.0.0.202410170706/tools/bin/../lib/gcc/arm-none-eabi/13.3.1/thumb/v7e-m+fp/hard/crtbegin.o
                [!provide]                        PROVIDE (__fini_array_end = .)
                0x0800e7b4                        . = ALIGN (0x4)
                0x0800e7b4                        _sidata = LOADADDR (.data)

.rel.dyn        0x0800e7b4        0x0
 .rel.iplt      0x0800e7b4        0x0 /home/zuidec/Programs/st/stm32cubeide_1.17.0/plugins/com.st.stm32cube.ide.mcu.externaltools.gnu-tools-for-stm32.13.3.rel1.linux64_1.0.0.202410170706/tools/bin/../lib/gcc/arm-none-eabi/13.3.1/thumb/v7e-m+fp/hard/crtbegin.o

.data           0x20000000      0x210 load address 0x0800e7b4
                0x20000000                        . = ALIGN (0x4)
                0x20000000                        _sdata = .
 *(.data)
 *(.data*)
 .data.flash_handle
                0x20000000        0xc ./Core/Src/main.o
                0x20000000                flash_handle
 .data.SystemCoreClock
                0x2000000c        0x4 ./Core/Src/system_stm32f4xx.o
                0x2000000c                SystemCoreClock
 .data.uwTickPrio
                0x20000010        0x4 ./Drivers/STM32F4xx_HAL_Driver/Src/stm32f4xx_hal.o
                0x20000010                uwTickPrio
 .data.uwTickFreq
                0x20000014        0x1 ./Drivers/STM32F4xx_HAL_Driver/Src/stm32f4xx_hal.o
                0x20000014                uwTickFreq
 *fill*         0x20000015        0x3 
 .data.USBD_Desc
                0x20000018       0x1c ./Middlewares/Third_Party/AL94_USB_Composite/COMPOSITE/App/usbd_desc.o
                0x20000018                USBD_Desc
 .data.USBD_DeviceDesc
                0x20000034       0x12 ./Middlewares/Third_Party/AL94_USB_Composite/COMPOSITE/App/usbd_desc.o
                0x20000034                USBD_DeviceDesc
 *fill*         0x20000046        0x2 
 .data.USBD_LangIDDesc
                0x20000048        0x4 ./Middlewares/Third_Party/AL94_USB_Composite/COMPOSITE/App/usbd_desc.o
                0x20000048                USBD_LangIDDesc
 .data.USBD_StringSerial
                0x2000004c       0x1a ./Middlewares/Third_Party/AL94_USB_Composite/COMPOSITE/App/usbd_desc.o
                0x2000004c                USBD_StringSerial
 *fill*         0x20000066        0x2 
 .data.CUSTOM_HID_ReportDesc
                0x20000068       0x21 ./Middlewares/Third_Party/AL94_USB_Composite/COMPOSITE/App/usbd_hid_custom_if.o
 *fill*         0x20000089        0x3 
 .data.USBD_CustomHID_fops
                0x2000008c       0x10 ./Middlewares/Third_Party/AL94_USB_Composite/COMPOSITE/App/usbd_hid_custom_if.o
                0x2000008c                USBD_CustomHID_fops
 .data.USBD_COMPOSITE
                0x2000009c       0x3c ./Middlewares/Third_Party/AL94_USB_Composite/COMPOSITE/Class/COMPOSITE/Src/usbd_composite.o
                0x2000009c                USBD_COMPOSITE
 .data.USBD_Track_String_Index
                0x200000d8        0x1 ./Middlewares/Third_Party/AL94_USB_Composite/COMPOSITE/Class/COMPOSITE/Src/usbd_composite.o
                0x200000d8                USBD_Track_String_Index
 *fill*         0x200000d9        0x3 
 .data.USBD_COMPOSITE_DeviceQualifierDesc
                0x200000dc        0xa ./Middlewares/Third_Party/AL94_USB_Composite/COMPOSITE/Class/COMPOSITE/Src/usbd_composite.o
 .data.CUSTOM_HID_IN_EP
                0x200000e6        0x1 ./Middlewares/Third_Party/AL94_USB_Composite/COMPOSITE/Class/HID_CUSTOM/Src/usbd_hid_custom.o
                0x200000e6                CUSTOM_HID_IN_EP
 .data.CUSTOM_HID_OUT_EP
                0x200000e7        0x1 ./Middlewares/Third_Party/AL94_USB_Composite/COMPOSITE/Class/HID_CUSTOM/Src/usbd_hid_custom.o
                0x200000e7                CUSTOM_HID_OUT_EP
 .data.USBD_HID_CUSTOM
                0x200000e8       0x3c ./Middlewares/Third_Party/AL94_USB_Composite/COMPOSITE/Class/HID_CUSTOM/Src/usbd_hid_custom.o
                0x200000e8                USBD_HID_CUSTOM
 .data.USBD_CUSTOM_HID_CfgFSDesc
                0x20000124       0x29 ./Middlewares/Third_Party/AL94_USB_Composite/COMPOSITE/Class/HID_CUSTOM/Src/usbd_hid_custom.o
 *fill*         0x2000014d        0x3 
 .data.USBD_CUSTOM_HID_CfgHSDesc
                0x20000150       0x29 ./Middlewares/Third_Party/AL94_USB_Composite/COMPOSITE/Class/HID_CUSTOM/Src/usbd_hid_custom.o
 *fill*         0x20000179        0x3 
 .data.USBD_CUSTOM_HID_OtherSpeedCfgDesc
                0x2000017c       0x29 ./Middlewares/Third_Party/AL94_USB_Composite/COMPOSITE/Class/HID_CUSTOM/Src/usbd_hid_custom.o
 *fill*         0x200001a5        0x3 
 .data.USBD_CUSTOM_HID_Desc
                0x200001a8        0x9 ./Middlewares/Third_Party/AL94_USB_Composite/COMPOSITE/Class/HID_CUSTOM/Src/usbd_hid_custom.o
 *fill*         0x200001b1        0x3 
 .data.USBD_CUSTOM_HID_DeviceQualifierDesc
                0x200001b4        0xa ./Middlewares/Third_Party/AL94_USB_Composite/COMPOSITE/Class/HID_CUSTOM/Src/usbd_hid_custom.o
 *fill*         0x200001be        0x2 
 .data._impure_ptr
                0x200001c0        0x4 /home/zuidec/Programs/st/stm32cubeide_1.17.0/plugins/com.st.stm32cube.ide.mcu.externaltools.gnu-tools-for-stm32.13.3.rel1.linux64_1.0.0.202410170706/tools/bin/../lib/gcc/arm-none-eabi/13.3.1/../../../../arm-none-eabi/lib/thumb/v7e-m+fp/hard/libc_nano.a(libc_a-impure.o)
                0x200001c0                _impure_ptr
 .data._impure_data
                0x200001c4       0x4c /home/zuidec/Programs/st/stm32cubeide_1.17.0/plugins/com.st.stm32cube.ide.mcu.externaltools.gnu-tools-for-stm32.13.3.rel1.linux64_1.0.0.202410170706/tools/bin/../lib/gcc/arm-none-eabi/13.3.1/../../../../arm-none-eabi/lib/thumb/v7e-m+fp/hard/libc_nano.a(libc_a-impure.o)
                0x200001c4                _impure_data
 *(.RamFunc)
 *(.RamFunc*)
                0x20000210                        . = ALIGN (0x4)
                0x20000210                        _edata = .
                0x0800e9c4                        _siccmram = LOADADDR (.ccmram)

.igot.plt       0x20000210        0x0 load address 0x0800e9c4
 .igot.plt      0x20000210        0x0 /home/zuidec/Programs/st/stm32cubeide_1.17.0/plugins/com.st.stm32cube.ide.mcu.externaltools.gnu-tools-for-stm32.13.3.rel1.linux64_1.0.0.202410170706/tools/bin/../lib/gcc/arm-none-eabi/13.3.1/thumb/v7e-m+fp/hard/crtbegin.o

.ccmram         0x10000000        0x0 load address 0x0800e9c4
                0x10000000                        . = ALIGN (0x4)
                0x10000000                        _sccmram = .
 *(.ccmram)
 *(.ccmram*)
                0x10000000                        . = ALIGN (0x4)
                0x10000000                        _eccmram = .
                0x10000000                        . = ALIGN (0x4)

.bss            0x20000210     0x10d0
                0x20000210                        _sbss = .
                0x20000210                        __bss_start__ = _sbss
 *(.bss)
 .bss           0x20000210       0x1c /home/zuidec/Programs/st/stm32cubeide_1.17.0/plugins/com.st.stm32cube.ide.mcu.externaltools.gnu-tools-for-stm32.13.3.rel1.linux64_1.0.0.202410170706/tools/bin/../lib/gcc/arm-none-eabi/13.3.1/thumb/v7e-m+fp/hard/crtbegin.o
 *(.bss*)
 .bss.hadc1     0x2000022c       0x48 ./Core/Src/adc.o
                0x2000022c                hadc1
 .bss.hdma_adc1
                0x20000274       0x60 ./Core/Src/adc.o
                0x20000274                hdma_adc1
 .bss.crc_handle
                0x200002d4        0x4 ./Core/Src/com_packet.o
 .bss.hcrc      0x200002d8        0x8 ./Core/Src/crc.o
                0x200002d8                hcrc
 .bss.adc_buffer
                0x200002e0        0x4 ./Core/Src/main.o
                0x200002e0                adc_buffer
 .bss.IRQ_Calibrate_Flag
                0x200002e4        0x1 ./Core/Src/main.o
                0x200002e4                IRQ_Calibrate_Flag
 *fill*         0x200002e5        0x3 
 .bss.cyclic_report
                0x200002e8        0x8 ./Core/Src/main.o
                0x200002e8                cyclic_report
 .bss.roll_calibrations
                0x200002f0       0x18 ./Core/Src/main.o
                0x200002f0                roll_calibrations
 .bss.pitch_calibrations
                0x20000308       0x18 ./Core/Src/main.o
                0x20000308                pitch_calibrations
 .bss.pitch_motor
                0x20000320       0x20 ./Core/Src/main.o
                0x20000320                pitch_motor
 .bss.roll_motor
                0x20000340       0x20 ./Core/Src/main.o
                0x20000340                roll_motor
 .bss.roll_filter
                0x20000360        0x8 ./Core/Src/main.o
                0x20000360                roll_filter
 .bss.pitch_filter
                0x20000368        0x8 ./Core/Src/main.o