Archive member included to satisfy reference by file (symbol)

/home/zuidec/Programs/st/stm32cubeide_1.17.0/plugins/com.st.stm32cube.ide.mcu.externaltools.gnu-tools-for-stm32.13.3.rel1.linux64_1.0.0.202410170706/tools/bin/../lib/gcc/arm-none-eabi/13.3.1/../../../../arm-none-eabi/lib/thumb/v7e-m+fp/hard/libc_nano.a(libc_a-exit.o)
                              /home/zuidec/Programs/st/stm32cubeide_1.17.0/plugins/com.st.stm32cube.ide.mcu.externaltools.gnu-tools-for-stm32.13.3.rel1.linux64_1.0.0.202410170706/tools/bin/../lib/gcc/arm-none-eabi/13.3.1/../../../../arm-none-eabi/lib/thumb/v7e-m+fp/hard/crt0.o (exit)
/home/zuidec/Programs/st/stm32cubeide_1.17.0/plugins/com.st.stm32cube.ide.mcu.externaltools.gnu-tools-for-stm32.13.3.rel1.linux64_1.0.0.202410170706/tools/bin/../lib/gcc/arm-none-eabi/13.3.1/../../../../arm-none-eabi/lib/thumb/v7e-m+fp/hard/libc_nano.a(libc_a-findfp.o)
                              /home/zuidec/Programs/st/stm32cubeide_1.17.0/plugins/com.st.stm32cube.ide.mcu.externaltools.gnu-tools-for-stm32.13.3.rel1.linux64_1.0.0.202410170706/tools/bin/../lib/gcc/arm-none-eabi/13.3.1/../../../../arm-none-eabi/lib/thumb/v7e-m+fp/hard/libc_nano.a(libc_a-exit.o) (__stdio_exit_handler)
/home/zuidec/Programs/st/stm32cubeide_1.17.0/plugins/com.st.stm32cube.ide.mcu.externaltools.gnu-tools-for-stm32.13.3.rel1.linux64_1.0.0.202410170706/tools/bin/../lib/gcc/arm-none-eabi/13.3.1/../../../../arm-none-eabi/lib/thumb/v7e-m+fp/hard/libc_nano.a(libc_a-fwalk.o)
                              /home/zuidec/Programs/st/stm32cubeide_1.17.0/plugins/com.st.stm32cube.ide.mcu.externaltools.gnu-tools-for-stm32.13.3.rel1.linux64_1.0.0.202410170706/tools/bin/../lib/gcc/arm-none-eabi/13.3.1/../../../../arm-none-eabi/lib/thumb/v7e-m+fp/hard/libc_nano.a(libc_a-findfp.o) (_fwalk_sglue)
/home/zuidec/Programs/st/stm32cubeide_1.17.0/plugins/com.st.stm32cube.ide.mcu.externaltools.gnu-tools-for-stm32.13.3.rel1.linux64_1.0.0.202410170706/tools/bin/../lib/gcc/arm-none-eabi/13.3.1/../../../../arm-none-eabi/lib/thumb/v7e-m+fp/hard/libc_nano.a(libc_a-snprintf.o)
                              ./Core/Src/main.o (snprintf)
/home/zuidec/Programs/st/stm32cubeide_1.17.0/plugins/com.st.stm32cube.ide.mcu.externaltools.gnu-tools-for-stm32.13.3.rel1.linux64_1.0.0.202410170706/tools/bin/../lib/gcc/arm-none-eabi/13.3.1/../../../../arm-none-eabi/lib/thumb/v7e-m+fp/hard/libc_nano.a(libc_a-stdio.o)
                              /home/zuidec/Programs/st/stm32cubeide_1.17.0/plugins/com.st.stm32cube.ide.mcu.externaltools.gnu-tools-for-stm32.13.3.rel1.linux64_1.0.0.202410170706/tools/bin/../lib/gcc/arm-none-eabi/13.3.1/../../../../arm-none-eabi/lib/thumb/v7e-m+fp/hard/libc_nano.a(libc_a-findfp.o) (__sread)
/home/zuidec/Programs/st/stm32cubeide_1.17.0/plugins/com.st.stm32cube.ide.mcu.externaltools.gnu-tools-for-stm32.13.3.rel1.linux64_1.0.0.202410170706/tools/bin/../lib/gcc/arm-none-eabi/13.3.1/../../../../arm-none-eabi/lib/thumb/v7e-m+fp/hard/libc_nano.a(libc_a-memset.o)
                              /home/zuidec/Programs/st/stm32cubeide_1.17.0/plugins/com.st.stm32cube.ide.mcu.externaltools.gnu-tools-for-stm32.13.3.rel1.linux64_1.0.0.202410170706/tools/bin/../lib/gcc/arm-none-eabi/13.3.1/../../../../arm-none-eabi/lib/thumb/v7e-m+fp/hard/crt0.o (memset)
/home/zuidec/Programs/st/stm32cubeide_1.17.0/plugins/com.st.stm32cube.ide.mcu.externaltools.gnu-tools-for-stm32.13.3.rel1.linux64_1.0.0.202410170706/tools/bin/../lib/gcc/arm-none-eabi/13.3.1/../../../../arm-none-eabi/lib/thumb/v7e-m+fp/hard/libc_nano.a(libc_a-closer.o)
                              /home/zuidec/Programs/st/stm32cubeide_1.17.0/plugins/com.st.stm32cube.ide.mcu.externaltools.gnu-tools-for-stm32.13.3.rel1.linux64_1.0.0.202410170706/tools/bin/../lib/gcc/arm-none-eabi/13.3.1/../../../../arm-none-eabi/lib/thumb/v7e-m+fp/hard/libc_nano.a(libc_a-stdio.o) (_close_r)
/home/zuidec/Programs/st/stm32cubeide_1.17.0/plugins/com.st.stm32cube.ide.mcu.externaltools.gnu-tools-for-stm32.13.3.rel1.linux64_1.0.0.202410170706/tools/bin/../lib/gcc/arm-none-eabi/13.3.1/../../../../arm-none-eabi/lib/thumb/v7e-m+fp/hard/libc_nano.a(libc_a-reent.o)
                              /home/zuidec/Programs/st/stm32cubeide_1.17.0/plugins/com.st.stm32cube.ide.mcu.externaltools.gnu-tools-for-stm32.13.3.rel1.linux64_1.0.0.202410170706/tools/bin/../lib/gcc/arm-none-eabi/13.3.1/../../../../arm-none-eabi/lib/thumb/v7e-m+fp/hard/libc_nano.a(libc_a-closer.o) (errno)
/home/zuidec/Programs/st/stm32cubeide_1.17.0/plugins/com.st.stm32cube.ide.mcu.externaltools.gnu-tools-for-stm32.13.3.rel1.linux64_1.0.0.202410170706/tools/bin/../lib/gcc/arm-none-eabi/13.3.1/../../../../arm-none-eabi/lib/thumb/v7e-m+fp/hard/libc_nano.a(libc_a-impure.o)
[...]
Memory Configuration

Name             Origin             Length             Attributes
CCMRAM           0x10000000         0x00010000         xrw
RAM              0x20000000         0x00020000         xrw
FLASH            0x08000000         0x00080000         xr
*default*        0x00000000         0xffffffff

Linker script and memory map

LOAD /home/zuidec/Programs/st/stm32cubeide_1.17.0/plugins/com.st.stm32cube.ide.mcu.externaltools.gnu-tools-for-stm32.13.3.rel1.linux64_1.0.0.202410170706/tools/bin/../lib/gcc/arm-none-eabi/13.3.1/thumb/v7e-m+fp/hard/crti.o
LOAD /home/zuidec/Programs/st/stm32cubeide_1.17.0/plugins/com.st.stm32cube.ide.mcu.externaltools.gnu-tools-for-stm32.13.3.rel1.linux64_1.0.0.202410170706/tools/bin/../lib/gcc/arm-none-eabi/13.3.1/thumb/v7e-m+fp/hard/crtbegin.o
LOAD /home/zuidec/Programs/st/stm32cubeide_1.17.0/plugins/com.st.stm32cube.ide.mcu.externaltools.gnu-tools-for-stm32.13.3.rel1.linux64_1.0.0.202410170706/tools/bin/../lib/gcc/arm-none-eabi/13.3.1/../../../../arm-none-eabi/lib/thumb/v7e-m+fp/hard/crt0.o
LOAD ./Core/HID_Backup/backup_usbd_hid.o
LOAD ./Core/Src/bitutils.o
LOAD ./Core/Src/calibration.o
LOAD ./Core/Src/com_packet.o
LOAD ./Core/Src/fifo.o
LOAD ./Core/Src/input_filter.o
LOAD ./Core/Src/main.o
LOAD ./Core/Src/stepper.o
LOAD ./Core/Src/stm32f4xx_hal_msp.o
LOAD ./Core/Src/stm32f4xx_it.o
LOAD ./Core/Src/syscalls.o
LOAD ./Core/Src/sysmem.o
LOAD ./Core/Src/system_stm32f4xx.o
LOAD ./Core/Src/uart.o
LOAD ./Core/Src/w25q16jv.o
LOAD ./Core/Startup/startup_stm32f407vetx.o
LOAD ./Drivers/STM32F4xx_HAL_Driver/Src/stm32f4xx_hal.o
LOAD ./Drivers/STM32F4xx_HAL_Driver/Src/stm32f4xx_hal_adc.o
LOAD ./Drivers/STM32F4xx_HAL_Driver/Src/stm32f4xx_hal_adc_ex.o
LOAD ./Drivers/STM32F4xx_HAL_Driver/Src/stm32f4xx_hal_cortex.o
LOAD ./Drivers/STM32F4xx_HAL_Driver/Src/stm32f4xx_hal_crc.o
LOAD ./Drivers/STM32F4xx_HAL_Driver/Src/stm32f4xx_hal_dma.o
LOAD ./Drivers/STM32F4xx_HAL_Driver/Src/stm32f4xx_hal_dma_ex.o
LOAD ./Drivers/STM32F4xx_HAL_Driver/Src/stm32f4xx_hal_exti.o
LOAD ./Drivers/STM32F4xx_HAL_Driver/Src/stm32f4xx_hal_flash.o
LOAD ./Drivers/STM32F4xx_HAL_Driver/Src/stm32f4xx_hal_flash_ex.o
LOAD ./Drivers/STM32F4xx_HAL_Driver/Src/stm32f4xx_hal_flash_ramfunc.o
LOAD ./Drivers/STM32F4xx_HAL_Driver/Src/stm32f4xx_hal_gpio.o
LOAD ./Drivers/STM32F4xx_HAL_Driver/Src/stm32f4xx_hal_pcd.o
LOAD ./Drivers/STM32F4xx_HAL_Driver/Src/stm32f4xx_hal_pcd_ex.o
LOAD ./Drivers/STM32F4xx_HAL_Driver/Src/stm32f4xx_hal_pwr.o
LOAD ./Drivers/STM32F4xx_HAL_Driver/Src/stm32f4xx_hal_pwr_ex.o
LOAD ./Drivers/STM32F4xx_HAL_Driver/Src/stm32f4xx_hal_rcc.o
LOAD ./Drivers/STM32F4xx_HAL_Driver/Src/stm32f4xx_hal_rcc_ex.o
LOAD ./Drivers/STM32F4xx_HAL_Driver/Src/stm32f4xx_hal_spi.o
LOAD ./Drivers/STM32F4xx_HAL_Driver/Src/stm32f4xx_hal_tim.o
LOAD ./Drivers/STM32F4xx_HAL_Driver/Src/stm32f4xx_hal_tim_ex.o
LOAD ./Drivers/STM32F4xx_HAL_Driver/Src/stm32f4xx_hal_uart.o
LOAD ./Drivers/STM32F4xx_HAL_Driver/Src/stm32f4xx_ll_adc.o
LOAD ./Drivers/STM32F4xx_HAL_Driver/Src/stm32f4xx_ll_usb.o
LOAD ./Middlewares/ST/STM32_USB_Device_Library/Class/CustomHID/Src/usbd_customhid.o
LOAD ./Middlewares/ST/STM32_USB_Device_Library/Core/Src/usbd_core.o
LOAD ./Middlewares/ST/STM32_USB_Device_Library/Core/Src/usbd_ctlreq.o
LOAD ./Middlewares/ST/STM32_USB_Device_Library/Core/Src/usbd_ioreq.o
LOAD ./USB_DEVICE/App/usb_device.o
LOAD ./USB_DEVICE/App/usbd_custom_hid_if.o
LOAD ./USB_DEVICE/App/usbd_desc.o
LOAD ./USB_DEVICE/Target/usbd_conf.o
START GROUP
LOAD /home/zuidec/Programs/st/stm32cubeide_1.17.0/plugins/com.st.stm32cube.ide.mcu.externaltools.gnu-tools-for-stm32.13.3.rel1.linux64_1.0.0.202410170706/tools/bin/../lib/gcc/arm-none-eabi/13.3.1/../../../../arm-none-eabi/lib/thumb/v7e-m+fp/hard/libc_nano.a
LOAD /home/zuidec/Programs/st/stm32cubeide_1.17.0/plugins/com.st.stm32cube.ide.mcu.externaltools.gnu-tools-for-stm32.13.3.rel1.linux64_1.0.0.202410170706/tools/bin/../lib/gcc/arm-none-eabi/13.3.1/../../../../arm-none-eabi/lib/thumb/v7e-m+fp/hard/libm.a
END GROUP
START GROUP
LOAD /home/zuidec/Programs/st/stm32cubeide_1.17.0/plugins/com.st.stm32cube.ide.mcu.externaltools.gnu-tools-for-stm32.13.3.rel1.linux64_1.0.0.202410170706/tools/bin/../lib/gcc/arm-none-eabi/13.3.1/thumb/v7e-m+fp/hard/libgcc.a
LOAD /home/zuidec/Programs/st/stm32cubeide_1.17.0/plugins/com.st.stm32cube.ide.mcu.externaltools.gnu-tools-for-stm32.13.3.rel1.linux64_1.0.0.202410170706/tools/bin/../lib/gcc/arm-none-eabi/13.3.1/../../../../arm-none-eabi/lib/thumb/v7e-m+fp/hard/libc_nano.a
END GROUP
START GROUP
LOAD /home/zuidec/Programs/st/stm32cubeide_1.17.0/plugins/com.st.stm32cube.ide.mcu.externaltools.gnu-tools-for-stm32.13.3.rel1.linux64_1.0.0.202410170706/tools/bin/../lib/gcc/arm-none-eabi/13.3.1/thumb/v7e-m+fp/hard/libgcc.a
LOAD /home/zuidec/Programs/st/stm32cubeide_1.17.0/plugins/com.st.stm32cube.ide.mcu.externaltools.gnu-tools-for-stm32.13.3.rel1.linux64_1.0.0.202410170706/tools/bin/../lib/gcc/arm-none-eabi/13.3.1/../../../../arm-none-eabi/lib/thumb/v7e-m+fp/hard/libc_nano.a
LOAD /home/zuidec/Programs/st/stm32cubeide_1.17.0/plugins/com.st.stm32cube.ide.mcu.externaltools.gnu-tools-for-stm32.13.3.rel1.linux64_1.0.0.202410170706/tools/bin/../lib/gcc/arm-none-eabi/13.3.1/../../../../arm-none-eabi/lib/thumb/v7e-m+fp/hard/libnosys.a
END GROUP
START GROUP
LOAD /home/zuidec/Programs/st/stm32cubeide_1.17.0/plugins/com.st.stm32cube.ide.mcu.externaltools.gnu-tools-for-stm32.13.3.rel1.linux64_1.0.0.202410170706/tools/bin/../lib/gcc/arm-none-eabi/13.3.1/thumb/v7e-m+fp/hard/libgcc.a
LOAD /home/zuidec/Programs/st/stm32cubeide_1.17.0/plugins/com.st.stm32cube.ide.mcu.externaltools.gnu-tools-for-stm32.13.3.rel1.linux64_1.0.0.202410170706/tools/bin/../lib/gcc/arm-none-eabi/13.3.1/../../../../arm-none-eabi/lib/thumb/v7e-m+fp/hard/libc_nano.a
LOAD /home/zuidec/Programs/st/stm32cubeide_1.17.0/plugins/com.st.stm32cube.ide.mcu.externaltools.gnu-tools-for-stm32.13.3.rel1.linux64_1.0.0.202410170706/tools/bin/../lib/gcc/arm-none-eabi/13.3.1/../../../../arm-none-eabi/lib/thumb/v7e-m+fp/hard/libnosys.a
END GROUP
LOAD /home/zuidec/Programs/st/stm32cubeide_1.17.0/plugins/com.st.stm32cube.ide.mcu.externaltools.gnu-tools-for-stm32.13.3.rel1.linux64_1.0.0.202410170706/tools/bin/../lib/gcc/arm-none-eabi/13.3.1/thumb/v7e-m+fp/hard/crtend.o
LOAD /home/zuidec/Programs/st/stm32cubeide_1.17.0/plugins/com.st.stm32cube.ide.mcu.externaltools.gnu-tools-for-stm32.13.3.rel1.linux64_1.0.0.202410170706/tools/bin/../lib/gcc/arm-none-eabi/13.3.1/thumb/v7e-m+fp/hard/crtn.o
                0x20020000                        _estack = (ORIGIN (RAM) + LENGTH (RAM))
                0x00000200                        _Min_Heap_Size = 0x200
                0x00000400                        _Min_Stack_Size = 0x400

.isr_vector     0x08000000      0x188
                0x08000000                        . = ALIGN (0x4)
 *(.isr_vector)
 .isr_vector    0x08000000      0x188 ./Core/Startup/startup_stm32f407vetx.o
                0x08000000                g_pfnVectors
                0x08000188                        . = ALIGN (0x4)

.text           0x08000190     0xe4c0
                0x08000190                        . = ALIGN (0x4)
 *(.text)
 .text          0x08000190       0x40 /home/zuidec/Programs/st/stm32cubeide_1.17.0/plugins/com.st.stm32cube.ide.mcu.externaltools.gnu-tools-for-stm32.13.3.rel1.linux64_1.0.0.202410170706/tools/bin/../lib/gcc/arm-none-eabi/13.3.1/thumb/v7e-m+fp/hard/crtbegin.o
 .text          0x080001d0       0xa0 /home/zuidec/Programs/st/stm32cubeide_1.17.0/plugins/com.st.stm32cube.ide.mcu.externaltools.gnu-tools-for-stm32.13.3.rel1.linux64_1.0.0.202410170706/tools/bin/../lib/gcc/arm-none-eabi/13.3.1/../../../../arm-none-eabi/lib/thumb/v7e-m+fp/hard/libc_nano.a(libc_a-memchr.o)
                0x080001d0                memchr
 .text          0x08000270       0x30 /home/zuidec/Programs/st/stm32cubeide_1.17.0/plugins/com.st.stm32cube.ide.mcu.externaltools.gnu-tools-for-stm32.13.3.rel1.linux64_1.0.0.202410170706/tools/bin/../lib/gcc/arm-none-eabi/13.3.1/thumb/v7e-m+fp/hard/libgcc.a(_aeabi_uldivmod.o)
                0x08000270                __aeabi_uldivmod
 .text          0x080002a0      0x2f8 /home/zuidec/Programs/st/stm32cubeide_1.17.0/plugins/com.st.stm32cube.ide.mcu.externaltools.gnu-tools-for-stm32.13.3.rel1.linux64_1.0.0.202410170706/tools/bin/../lib/gcc/arm-none-eabi/13.3.1/thumb/v7e-m+fp/hard/libgcc.a(_udivmoddi4.o)
                0x080002a0                __udivmoddi4
 .text          0x08000598        0x4 /home/zuidec/Programs/st/stm32cubeide_1.17.0/plugins/com.st.stm32cube.ide.mcu.externaltools.gnu-tools-for-stm32.13.3.rel1.linux64_1.0.0.202410170706/tools/bin/../lib/gcc/arm-none-eabi/13.3.1/thumb/v7e-m+fp/hard/libgcc.a(_dvmd_tls.o)
                0x08000598                __aeabi_ldiv0
                0x08000598                __aeabi_idiv0
 *(.text*)
 .text.u8_to_i16
                0x0800059c       0x2c ./Core/Src/bitutils.o
                0x0800059c                u8_to_i16
 .text.u8_to_u32
                0x080005c8       0x3a ./Core/Src/bitutils.o
                0x080005c8                u8_to_u32
 .text.u8_to_float
                0x08000602       0x34 ./Core/Src/bitutils.o
                0x08000602                u8_to_float
 .text.i16_high_to_u8
                0x08000636       0x1e ./Core/Src/bitutils.o
                0x08000636                i16_high_to_u8
 .text.i16_low_to_u8
                0x08000654       0x1a ./Core/Src/bitutils.o
                0x08000654                i16_low_to_u8
 .text.i16_to_u8
                0x0800066e       0x38 ./Core/Src/bitutils.o
                0x0800066e                i16_to_u8
 .text.float_to_u8
                0x080006a6       0x3a ./Core/Src/bitutils.o
                0x080006a6                float_to_u8
 .text.apply_calibration
                0x080006e0       0x8e ./Core/Src/calibration.o
                0x080006e0                apply_calibration
 .text.set_calibration
                0x0800076e       0xd2 ./Core/Src/calibration.o
                0x0800076e                set_calibration
 .text.get_calibration
                0x08000840       0xb4 ./Core/Src/calibration.o
                0x08000840                get_calibration
 .text.clear_calibration
                0x080008f4       0x3a ./Core/Src/calibration.o
                0x080008f4                clear_calibration
 .text.recalculate_calibration
                0x0800092e       0xd2 ./Core/Src/calibration.o
                0x0800092e                recalculate_calibration
 .text.com_packet_init
                0x08000a00       0x50 ./Core/Src/com_packet.o
                0x08000a00                com_packet_init
 .text.com_packet_clear_payload
                0x08000a50       0x42 ./Core/Src/com_packet.o
                0x08000a50                com_packet_clear_payload
 *fill*         0x08000a92        0x2 
 .text.com_packet_create
                0x08000a94       0xe0 ./Core/Src/com_packet.o
                0x08000a94                com_packet_create
 .text.com_packet_parse
                0x08000b74      0x20c ./Core/Src/com_packet.o
                0x08000b74                com_packet_parse
 .text.fifo_init
                0x08000d80       0x38 ./Core/Src/fifo.o
                0x08000d80                fifo_init
 .text.fifo_bytes_available
                0x08000db8       0x3c ./Core/Src/fifo.o
                0x08000db8                fifo_bytes_available
 .text.fifo_write
                0x08000df4       0x80 ./Core/Src/fifo.o
                0x08000df4                fifo_write
 .text.fifo_peek_continuous
                0x08000e74       0x6c ./Core/Src/fifo.o
                0x08000e74                fifo_peek_continuous
 .text.fifo_push_read_index
                0x08000ee0       0x5e ./Core/Src/fifo.o
                0x08000ee0                fifo_push_read_index
 .text.input_filter_init
                0x08000f3e       0x26 ./Core/Src/input_filter.o
                0x08000f3e                input_filter_init
 .text.input_filter_set_alpha
                0x08000f64       0x4c ./Core/Src/input_filter.o
                0x08000f64                input_filter_set_alpha
 .text.input_filter_update
                0x08000fb0       0x52 ./Core/Src/input_filter.o
                0x08000fb0                input_filter_update
 *fill*         0x08001002        0x2 
 .text.main     0x08001004      0x448 ./Core/Src/main.o
                0x08001004                main
 .text.SystemClock_Config
                0x0800144c       0xd4 ./Core/Src/main.o
                0x0800144c                SystemClock_Config
 .text.MX_ADC1_Init
                0x08001520       0xc0 ./Core/Src/main.o
 .text.MX_CRC_Init
                0x080015e0       0x28 ./Core/Src/main.o
 .text.MX_SPI1_Init
                0x08001608       0x6c ./Core/Src/main.o
 .text.MX_TIM3_Init
                0x08001674       0x9c ./Core/Src/main.o
 .text.MX_TIM4_Init
                0x08001710      0x118 ./Core/Src/main.o
 .text.MX_TIM8_Init
                0x08001828       0xb4 ./Core/Src/main.o
 .text.MX_UART4_Init
                0x080018dc       0x54 ./Core/Src/main.o
 .text.MX_USART3_UART_Init
                0x08001930       0x54 ./Core/Src/main.o
 .text.MX_DMA_Init
                0x08001984       0x9c ./Core/Src/main.o
 .text.MX_GPIO_Init
                0x08001a20      0x2ac ./Core/Src/main.o
 .text.init_steppers
                0x08001ccc       0x90 ./Core/Src/main.o
                0x08001ccc                init_steppers
 .text.init_flash
                0x08001d5c        0xe ./Core/Src/main.o
                0x08001d5c                init_flash
 *fill*         0x08001d6a        0x2 
 .text.init_cyclic_input
                0x08001d6c       0x60 ./Core/Src/main.o
                0x08001d6c                init_cyclic_input
 .text.update_cyclic_input
                0x08001dcc       0xd4 ./Core/Src/main.o
                0x08001dcc                update_cyclic_input
 .text.HAL_ADC_ConvCpltCallback
                0x08001ea0       0x94 ./Core/Src/main.o
                0x08001ea0                HAL_ADC_ConvCpltCallback
 .text.calibration_routine
                0x08001f34      0x184 ./Core/Src/main.o
                0x08001f34                calibration_routine
 .text.calibrate_axis
                0x080020b8      0x2d8 ./Core/Src/main.o
                0x080020b8                calibrate_axis
 .text.load_calibrations
                0x08002390       0xd8 ./Core/Src/main.o
                0x08002390                load_calibrations
 .text.save_calibrations
                0x08002468      0x170 ./Core/Src/main.o
                0x08002468                save_calibrations
 .text.HAL_GPIO_EXTI_Callback
                0x080025d8       0x20 ./Core/Src/main.o
                0x080025d8                HAL_GPIO_EXTI_Callback
 .text.Error_Handler
                0x080025f8        0xc ./Core/Src/main.o
                0x080025f8                Error_Handler
 .text.stepper_enable
                0x08002604       0x22 ./Core/Src/stepper.o
                0x08002604                stepper_enable
 .text.stepper_disable
                0x08002626       0x22 ./Core/Src/stepper.o
                0x08002626                stepper_disable
 .text.HAL_MspInit
                0x08002648       0x50 ./Core/Src/stm32f4xx_hal_msp.o
                0x08002648                HAL_MspInit
 .text.HAL_ADC_MspInit
                0x08002698      0x100 ./Core/Src/stm32f4xx_hal_msp.o
                0x08002698                HAL_ADC_MspInit
 .text.HAL_CRC_MspInit
                0x08002798       0x44 ./Core/Src/stm32f4xx_hal_msp.o
                0x08002798                HAL_CRC_MspInit
 .text.HAL_SPI_MspInit
                0x080027dc       0xa0 ./Core/Src/stm32f4xx_hal_msp.o
                0x080027dc                HAL_SPI_MspInit
 .text.HAL_TIM_Base_MspInit
                0x0800287c      0x14c ./Core/Src/stm32f4xx_hal_msp.o
                0x0800287c                HAL_TIM_Base_MspInit
 .text.HAL_TIM_MspPostInit
                0x080029c8       0x74 ./Core/Src/stm32f4xx_hal_msp.o
                0x080029c8                HAL_TIM_MspPostInit
 .text.HAL_UART_MspInit
                0x08002a3c      0x2b4 ./Core/Src/stm32f4xx_hal_msp.o
                0x08002a3c                HAL_UART_MspInit
 .text.NMI_Handler
                0x08002cf0        0x8 ./Core/Src/stm32f4xx_it.o
                0x08002cf0                NMI_Handler
 .text.HardFault_Handler
                0x08002cf8        0x8 ./Core/Src/stm32f4xx_it.o
                0x08002cf8                HardFault_Handler
 .text.MemManage_Handler
                0x08002d00        0x8 ./Core/Src/stm32f4xx_it.o
                0x08002d00                MemManage_Handler
 .text.BusFault_Handler
                0x08002d08        0x8 ./Core/Src/stm32f4xx_it.o
                0x08002d08                BusFault_Handler
 .text.UsageFault_Handler
                0x08002d10        0x8 ./Core/Src/stm32f4xx_it.o
                0x08002d10                UsageFault_Handler
 .text.SVC_Handler
                0x08002d18        0xe ./Core/Src/stm32f4xx_it.o
                0x08002d18                SVC_Handler
 .text.DebugMon_Handler
                0x08002d26        0xe ./Core/Src/stm32f4xx_it.o
                0x08002d26                DebugMon_Handler
 .text.PendSV_Handler
                0x08002d34        0xe ./Core/Src/stm32f4xx_it.o
                0x08002d34                PendSV_Handler
 .text.SysTick_Handler
                0x08002d42        0xc ./Core/Src/stm32f4xx_it.o
                0x08002d42                SysTick_Handler
 .text.EXTI3_IRQHandler
                0x08002d4e        0xe ./Core/Src/stm32f4xx_it.o
                0x08002d4e                EXTI3_IRQHandler
 .text.DMA1_Stream1_IRQHandler
                0x08002d5c       0x14 ./Core/Src/stm32f4xx_it.o
                0x08002d5c                DMA1_Stream1_IRQHandler
 .text.DMA1_Stream2_IRQHandler
                0x08002d70       0x14 ./Core/Src/stm32f4xx_it.o
                0x08002d70                DMA1_Stream2_IRQHandler
 .text.DMA1_Stream3_IRQHandler
                0x08002d84       0x14 ./Core/Src/stm32f4xx_it.o
                0x08002d84                DMA1_Stream3_IRQHandler
 .text.DMA1_Stream4_IRQHandler
                0x08002d98       0x14 ./Core/Src/stm32f4xx_it.o
                0x08002d98                DMA1_Stream4_IRQHandler
 .text.ADC_IRQHandler
                0x08002dac       0x14 ./Core/Src/stm32f4xx_it.o
                0x08002dac                ADC_IRQHandler
 .text.SPI1_IRQHandler
                0x08002dc0       0x14 ./Core/Src/stm32f4xx_it.o
                0x08002dc0                SPI1_IRQHandler
 .text.USART3_IRQHandler
                0x08002dd4       0x14 ./Core/Src/stm32f4xx_it.o
                0x08002dd4                USART3_IRQHandler
 .text.UART4_IRQHandler
                0x08002de8       0x14 ./Core/Src/stm32f4xx_it.o
                0x08002de8                UART4_IRQHandler
 .text.DMA2_Stream0_IRQHandler
                0x08002dfc       0x14 ./Core/Src/stm32f4xx_it.o
                0x08002dfc                DMA2_Stream0_IRQHandler
 .text.OTG_FS_IRQHandler
                0x08002e10       0x14 ./Core/Src/stm32f4xx_it.o
                0x08002e10                OTG_FS_IRQHandler
 .text._sbrk    0x08002e24       0x6c ./Core/Src/sysmem.o
                0x08002e24                _sbrk
 .text.SystemInit
                0x08002e90       0x24 ./Core/Src/system_stm32f4xx.o
                0x08002e90                SystemInit
 .text.uart_init
                0x08002eb4       0xd4 ./Core/Src/uart.o
                0x08002eb4                uart_init
 .text.uart_register_instance
                0x08002f88       0x6c ./Core/Src/uart.o
                0x08002f88                uart_register_instance
 .text.uart_update
                0x08002ff4       0x3e ./Core/Src/uart.o
                0x08002ff4                uart_update
 .text.uart_write_packet
                0x08003032       0xaa ./Core/Src/uart.o
                0x08003032                uart_write_packet
 .text.get_uart_handle
                0x080030dc       0x48 ./Core/Src/uart.o
                0x080030dc                get_uart_handle
 .text.HAL_UARTEx_RxEventCallback
                0x08003124      0x182 ./Core/Src/uart.o
                0x08003124                HAL_UARTEx_RxEventCallback
 .text.HAL_UART_TxCpltCallback
                0x080032a6       0xc8 ./Core/Src/uart.o
                0x080032a6                HAL_UART_TxCpltCallback
 .text.cs_enable
                0x0800336e       0x22 ./Core/Src/w25q16jv.o
 .text.cs_release
                0x08003390       0x22 ./Core/Src/w25q16jv.o
 .text.w25q16_read
                0x080033b2       0x60 ./Core/Src/w25q16jv.o
                0x080033b2                w25q16_read
 .text.w25q16_write
                0x08003412       0x66 ./Core/Src/w25q16jv.o
                0x08003412                w25q16_write
 .text.w25q16_enable_write
                0x08003478       0x32 ./Core/Src/w25q16jv.o
                0x08003478                w25q16_enable_write
 .text.w25q16_sector_erase_4k
                0x080034aa       0x50 ./Core/Src/w25q16jv.o
                0x080034aa                w25q16_sector_erase_4k
 .text.w25q16_read_SR1
                0x080034fa       0x4a ./Core/Src/w25q16jv.o
                0x080034fa                w25q16_read_SR1
 .text.Reset_Handler
                0x08003544       0x50 ./Core/Startup/startup_stm32f407vetx.o
                0x08003544                Reset_Handler
 .text.Default_Handler
                0x08003594        0x2 ./Core/Startup/startup_stm32f407vetx.o
                0x08003594                RTC_Alarm_IRQHandler
                0x08003594                HASH_RNG_IRQHandler
                0x08003594                EXTI2_IRQHandler
                0x08003594                TIM8_CC_IRQHandler
                0x08003594                TIM1_CC_IRQHandler
                0x08003594                DMA2_Stream5_IRQHandler
                0x08003594                DMA1_Stream5_IRQHandler
                0x08003594                PVD_IRQHandler
                0x08003594                SDIO_IRQHandler
                0x08003594                TAMP_STAMP_IRQHandler
                0x08003594                CAN2_RX1_IRQHandler
                0x08003594                TIM8_TRG_COM_TIM14_IRQHandler
                0x08003594                TIM1_UP_TIM10_IRQHandler
                0x08003594                TIM8_UP_TIM13_IRQHandler
                0x08003594                I2C3_ER_IRQHandler
                0x08003594                EXTI0_IRQHandler
                0x08003594                I2C2_EV_IRQHandler
                0x08003594                CAN1_RX0_IRQHandler
                0x08003594                FPU_IRQHandler
                0x08003594                OTG_HS_WKUP_IRQHandler
                0x08003594                CAN2_SCE_IRQHandler
                0x08003594                DMA2_Stream2_IRQHandler
                0x08003594                TIM6_DAC_IRQHandler
                0x08003594                TIM1_BRK_TIM9_IRQHandler
                0x08003594                DCMI_IRQHandler
                0x08003594                CAN2_RX0_IRQHandler
                0x08003594                DMA2_Stream3_IRQHandler
                0x08003594                USART6_IRQHandler
                0x08003594                CAN1_RX1_IRQHandler
                0x08003594                UART5_IRQHandler
                0x08003594                TIM4_IRQHandler
                0x08003594                I2C1_EV_IRQHandler
                0x08003594                DMA1_Stream6_IRQHandler
                0x08003594                TIM3_IRQHandler
                0x08003594                RCC_IRQHandler
                0x08003594                TIM8_BRK_TIM12_IRQHandler
                0x08003594                Default_Handler
                0x08003594                EXTI15_10_IRQHandler
                0x08003594                DMA1_Stream7_IRQHandler
                0x08003594                TIM7_IRQHandler
                0x08003594                CAN2_TX_IRQHandler
                0x08003594                TIM5_IRQHandler
                0x08003594                DMA2_Stream7_IRQHandler
                0x08003594                I2C3_EV_IRQHandler
                0x08003594                EXTI9_5_IRQHandler
                0x08003594                RTC_WKUP_IRQHandler
                0x08003594                ETH_WKUP_IRQHandler
                0x08003594                SPI2_IRQHandler
                0x08003594                OTG_HS_EP1_IN_IRQHandler
                0x08003594                DMA1_Stream0_IRQHandler
                0x08003594                CAN1_TX_IRQHandler
                0x08003594                EXTI4_IRQHandler
                0x08003594                FSMC_IRQHandler
                0x08003594                ETH_IRQHandler
                0x08003594                OTG_HS_EP1_OUT_IRQHandler
                0x08003594                WWDG_IRQHandler
                0x08003594                TIM2_IRQHandler
                0x08003594                OTG_FS_WKUP_IRQHandler
                0x08003594                TIM1_TRG_COM_TIM11_IRQHandler
                0x08003594                OTG_HS_IRQHandler
                0x08003594                EXTI1_IRQHandler
                0x08003594                USART2_IRQHandler
                0x08003594                I2C2_ER_IRQHandler
                0x08003594                DMA2_Stream1_IRQHandler
                0x08003594                CAN1_SCE_IRQHandler
                0x08003594                FLASH_IRQHandler
                0x08003594                DMA2_Stream4_IRQHandler
                0x08003594                USART1_IRQHandler
                0x08003594                SPI3_IRQHandler
                0x08003594                I2C1_ER_IRQHandler
                0x08003594                DMA2_Stream6_IRQHandler
 *fill*         0x08003596        0x2 
 .text.HAL_Init
                0x08003598       0x44 ./Drivers/STM32F4xx_HAL_Driver/Src/stm32f4xx_hal.o
                0x08003598                HAL_Init
 .text.HAL_InitTick
                0x080035dc       0x60 ./Drivers/STM32F4xx_HAL_Driver/Src/stm32f4xx_hal.o
                0x080035dc                HAL_InitTick
 .text.HAL_IncTick
                0x0800363c       0x28 ./Drivers/STM32F4xx_HAL_Driver/Src/stm32f4xx_hal.o
                0x0800363c                HAL_IncTick
 .text.HAL_GetTick
                0x08003664       0x18 ./Drivers/STM32F4xx_HAL_Driver/Src/stm32f4xx_hal.o
                0x08003664                HAL_GetTick
 .text.HAL_Delay
                0x0800367c       0x48 ./Drivers/STM32F4xx_HAL_Driver/Src/stm32f4xx_hal.o
                0x0800367c                HAL_Delay
 .text.HAL_ADC_Init
                0x080036c4       0x86 ./Drivers/STM32F4xx_HAL_Driver/Src/stm32f4xx_hal_adc.o
                0x080036c4                HAL_ADC_Init
 .text.HAL_ADC_IRQHandler
                0x0800374a      0x220 ./Drivers/STM32F4xx_HAL_Driver/Src/stm32f4xx_hal_adc.o
                0x0800374a                HAL_ADC_IRQHandler
 *fill*         0x0800396a        0x2 
 .text.HAL_ADC_Start_DMA
                0x0800396c      0x220 ./Drivers/STM32F4xx_HAL_Driver/Src/stm32f4xx_hal_adc.o
                0x0800396c                HAL_ADC_Start_DMA
 .text.HAL_ADC_ConvHalfCpltCallback
                0x08003b8c       0x14 ./Drivers/STM32F4xx_HAL_Driver/Src/stm32f4xx_hal_adc.o
                0x08003b8c                HAL_ADC_ConvHalfCpltCallback
 .text.HAL_ADC_LevelOutOfWindowCallback
                0x08003ba0       0x14 ./Drivers/STM32F4xx_HAL_Driver/Src/stm32f4xx_hal_adc.o
                0x08003ba0                HAL_ADC_LevelOutOfWindowCallback
 .text.HAL_ADC_ErrorCallback
                0x08003bb4       0x14 ./Drivers/STM32F4xx_HAL_Driver/Src/stm32f4xx_hal_adc.o
                0x08003bb4                HAL_ADC_ErrorCallback
 .text.HAL_ADC_ConfigChannel
                0x08003bc8      0x244 ./Drivers/STM32F4xx_HAL_Driver/Src/stm32f4xx_hal_adc.o
                0x08003bc8                HAL_ADC_ConfigChannel
 .text.ADC_Init
                0x08003e0c      0x1f8 ./Drivers/STM32F4xx_HAL_Driver/Src/stm32f4xx_hal_adc.o
 .text.ADC_DMAConvCplt
                0x08004004       0xba ./Drivers/STM32F4xx_HAL_Driver/Src/stm32f4xx_hal_adc.o
 .text.ADC_DMAHalfConvCplt
                0x080040be       0x1c ./Drivers/STM32F4xx_HAL_Driver/Src/stm32f4xx_hal_adc.o
 .text.ADC_DMAError
                0x080040da       0x2e ./Drivers/STM32F4xx_HAL_Driver/Src/stm32f4xx_hal_adc.o
 .text.HAL_ADCEx_InjectedConvCpltCallback
                0x08004108       0x14 ./Drivers/STM32F4xx_HAL_Driver/Src/stm32f4xx_hal_adc_ex.o
                0x08004108                HAL_ADCEx_InjectedConvCpltCallback
 .text.__NVIC_SetPriorityGrouping
                0x0800411c       0x48 ./Drivers/STM32F4xx_HAL_Driver/Src/stm32f4xx_hal_cortex.o
 .text.__NVIC_GetPriorityGrouping
                0x08004164       0x1c ./Drivers/STM32F4xx_HAL_Driver/Src/stm32f4xx_hal_cortex.o
 .text.__NVIC_EnableIRQ
                0x08004180       0x3c ./Drivers/STM32F4xx_HAL_Driver/Src/stm32f4xx_hal_cortex.o
 .text.__NVIC_SetPriority
                0x080041bc       0x54 ./Drivers/STM32F4xx_HAL_Driver/Src/stm32f4xx_hal_cortex.o
 .text.NVIC_EncodePriority
                0x08004210       0x66 ./Drivers/STM32F4xx_HAL_Driver/Src/stm32f4xx_hal_cortex.o
 *fill*         0x08004276        0x2 
 .text.SysTick_Config
                0x08004278       0x44 ./Drivers/STM32F4xx_HAL_Driver/Src/stm32f4xx_hal_cortex.o
 .text.HAL_NVIC_SetPriorityGrouping
                0x080042bc       0x16 ./Drivers/STM32F4xx_HAL_Driver/Src/stm32f4xx_hal_cortex.o
                0x080042bc                HAL_NVIC_SetPriorityGrouping
 .text.HAL_NVIC_SetPriority
                0x080042d2       0x38 ./Drivers/STM32F4xx_HAL_Driver/Src/stm32f4xx_hal_cortex.o
                0x080042d2                HAL_NVIC_SetPriority
 .text.HAL_NVIC_EnableIRQ
                0x0800430a       0x1c ./Drivers/STM32F4xx_HAL_Driver/Src/stm32f4xx_hal_cortex.o
                0x0800430a                HAL_NVIC_EnableIRQ
 .text.HAL_SYSTICK_Config
                0x08004326       0x18 ./Drivers/STM32F4xx_HAL_Driver/Src/stm32f4xx_hal_cortex.o
                0x08004326                HAL_SYSTICK_Config
 .text.HAL_CRC_Init
                0x0800433e       0x38 ./Drivers/STM32F4xx_HAL_Driver/Src/stm32f4xx_hal_crc.o
                0x0800433e                HAL_CRC_Init
 .text.HAL_CRC_Calculate
                0x08004376       0x66 ./Drivers/STM32F4xx_HAL_Driver/Src/stm32f4xx_hal_crc.o
                0x08004376                HAL_CRC_Calculate
 .text.HAL_DMA_Init
                0x080043dc      0x15c ./Drivers/STM32F4xx_HAL_Driver/Src/stm32f4xx_hal_dma.o
                0x080043dc                HAL_DMA_Init
 .text.HAL_DMA_Start_IT
                0x08004538       0xb0 ./Drivers/STM32F4xx_HAL_Driver/Src/stm32f4xx_hal_dma.o
                0x08004538                HAL_DMA_Start_IT
 .text.HAL_DMA_Abort
                0x080045e8       0xe0 ./Drivers/STM32F4xx_HAL_Driver/Src/stm32f4xx_hal_dma.o
                0x080045e8                HAL_DMA_Abort
 .text.HAL_DMA_Abort_IT
                0x080046c8       0x44 ./Drivers/STM32F4xx_HAL_Driver/Src/stm32f4xx_hal_dma.o
                0x080046c8                HAL_DMA_Abort_IT
 .text.HAL_DMA_IRQHandler
                0x0800470c      0x314 ./Drivers/STM32F4xx_HAL_Driver/Src/stm32f4xx_hal_dma.o
                0x0800470c                HAL_DMA_IRQHandler
 .text.DMA_SetConfig
                0x08004a20       0x5c ./Drivers/STM32F4xx_HAL_Driver/Src/stm32f4xx_hal_dma.o
 .text.DMA_CalcBaseAndBitshift
                0x08004a7c       0x6c ./Drivers/STM32F4xx_HAL_Driver/Src/stm32f4xx_hal_dma.o
 .text.DMA_CheckFifoParam
                0x08004ae8       0xf8 ./Drivers/STM32F4xx_HAL_Driver/Src/stm32f4xx_hal_dma.o
 .text.HAL_GPIO_Init
                0x08004be0      0x338 ./Drivers/STM32F4xx_HAL_Driver/Src/stm32f4xx_hal_gpio.o
                0x08004be0                HAL_GPIO_Init
 .text.HAL_GPIO_ReadPin
                0x08004f18       0x30 ./Drivers/STM32F4xx_HAL_Driver/Src/stm32f4xx_hal_gpio.o
                0x08004f18                HAL_GPIO_ReadPin
 .text.HAL_GPIO_WritePin
                0x08004f48       0x32 ./Drivers/STM32F4xx_HAL_Driver/Src/stm32f4xx_hal_gpio.o
                0x08004f48                HAL_GPIO_WritePin
 .text.HAL_GPIO_TogglePin
                0x08004f7a       0x34 ./Drivers/STM32F4xx_HAL_Driver/Src/stm32f4xx_hal_gpio.o
                0x08004f7a                HAL_GPIO_TogglePin
 *fill*         0x08004fae        0x2 
 .text.HAL_GPIO_EXTI_IRQHandler
                0x08004fb0       0x30 ./Drivers/STM32F4xx_HAL_Driver/Src/stm32f4xx_hal_gpio.o
                0x08004fb0                HAL_GPIO_EXTI_IRQHandler
 .text.HAL_PCD_Init
                0x08004fe0      0x21e ./Drivers/STM32F4xx_HAL_Driver/Src/stm32f4xx_hal_pcd.o
                0x08004fe0                HAL_PCD_Init
 .text.HAL_PCD_Start
                0x080051fe       0x6a ./Drivers/STM32F4xx_HAL_Driver/Src/stm32f4xx_hal_pcd.o
                0x080051fe                HAL_PCD_Start
 .text.HAL_PCD_IRQHandler
                0x08005268      0x942 ./Drivers/STM32F4xx_HAL_Driver/Src/stm32f4xx_hal_pcd.o
                0x08005268                HAL_PCD_IRQHandler
 .text.HAL_PCD_SetAddress
                0x08005baa       0x48 ./Drivers/STM32F4xx_HAL_Driver/Src/stm32f4xx_hal_pcd.o
                0x08005baa                HAL_PCD_SetAddress
 .text.HAL_PCD_EP_Open
                0x08005bf2       0xd4 ./Drivers/STM32F4xx_HAL_Driver/Src/stm32f4xx_hal_pcd.o
                0x08005bf2                HAL_PCD_EP_Open
 .text.HAL_PCD_EP_Close
                0x08005cc6       0x94 ./Drivers/STM32F4xx_HAL_Driver/Src/stm32f4xx_hal_pcd.o
                0x08005cc6                HAL_PCD_EP_Close
 .text.HAL_PCD_EP_Receive
                0x08005d5a       0x76 ./Drivers/STM32F4xx_HAL_Driver/Src/stm32f4xx_hal_pcd.o
                0x08005d5a                HAL_PCD_EP_Receive
 .text.HAL_PCD_EP_Transmit
                0x08005dd0       0x74 ./Drivers/STM32F4xx_HAL_Driver/Src/stm32f4xx_hal_pcd.o
                0x08005dd0                HAL_PCD_EP_Transmit
 .text.HAL_PCD_EP_SetStall
                0x08005e44       0xc6 ./Drivers/STM32F4xx_HAL_Driver/Src/stm32f4xx_hal_pcd.o
                0x08005e44                HAL_PCD_EP_SetStall
 .text.HAL_PCD_EP_ClrStall
                0x08005f0a       0xac ./Drivers/STM32F4xx_HAL_Driver/Src/stm32f4xx_hal_pcd.o
                0x08005f0a                HAL_PCD_EP_ClrStall
 .text.HAL_PCD_EP_Abort
                0x08005fb6       0x62 ./Drivers/STM32F4xx_HAL_Driver/Src/stm32f4xx_hal_pcd.o
                0x08005fb6                HAL_PCD_EP_Abort
 .text.PCD_WriteEmptyTxFifo
                0x08006018      0x118 ./Drivers/STM32F4xx_HAL_Driver/Src/stm32f4xx_hal_pcd.o
 .text.PCD_EP_OutXfrComplete_int
                0x08006130      0x1d0 ./Drivers/STM32F4xx_HAL_Driver/Src/stm32f4xx_hal_pcd.o
 .text.PCD_EP_OutSetupPacket_int
                0x08006300       0x8c ./Drivers/STM32F4xx_HAL_Driver/Src/stm32f4xx_hal_pcd.o
 .text.HAL_PCDEx_SetTxFiFo
                0x0800638c       0x8e ./Drivers/STM32F4xx_HAL_Driver/Src/stm32f4xx_hal_pcd_ex.o
                0x0800638c                HAL_PCDEx_SetTxFiFo
 .text.HAL_PCDEx_SetRxFiFo
                0x0800641a       0x22 ./Drivers/STM32F4xx_HAL_Driver/Src/stm32f4xx_hal_pcd_ex.o
                0x0800641a                HAL_PCDEx_SetRxFiFo
 .text.HAL_PCDEx_LPM_Callback
                0x0800643c       0x18 ./Drivers/STM32F4xx_HAL_Driver/Src/stm32f4xx_hal_pcd_ex.o
                0x0800643c                HAL_PCDEx_LPM_Callback
 .text.HAL_RCC_OscConfig
                0x08006454      0x4f0 ./Drivers/STM32F4xx_HAL_Driver/Src/stm32f4xx_hal_rcc.o
                0x08006454                HAL_RCC_OscConfig
 .text.HAL_RCC_ClockConfig
                0x08006944      0x1cc ./Drivers/STM32F4xx_HAL_Driver/Src/stm32f4xx_hal_rcc.o
                0x08006944                HAL_RCC_ClockConfig
 .text.HAL_RCC_GetSysClockFreq
                0x08006b10      0x20c ./Drivers/STM32F4xx_HAL_Driver/Src/stm32f4xx_hal_rcc.o
                0x08006b10                HAL_RCC_GetSysClockFreq
 .text.HAL_RCC_GetHCLKFreq
                0x08006d1c       0x18 ./Drivers/STM32F4xx_HAL_Driver/Src/stm32f4xx_hal_rcc.o
                0x08006d1c                HAL_RCC_GetHCLKFreq
 .text.HAL_RCC_GetPCLK1Freq
                0x08006d34       0x28 ./Drivers/STM32F4xx_HAL_Driver/Src/stm32f4xx_hal_rcc.o
                0x08006d34                HAL_RCC_GetPCLK1Freq
 .text.HAL_RCC_GetPCLK2Freq
                0x08006d5c       0x28 ./Drivers/STM32F4xx_HAL_Driver/Src/stm32f4xx_hal_rcc.o
                0x08006d5c                HAL_RCC_GetPCLK2Freq
 .text.HAL_SPI_Init
                0x08006d84      0x112 ./Drivers/STM32F4xx_HAL_Driver/Src/stm32f4xx_hal_spi.o
                0x08006d84                HAL_SPI_Init
 .text.HAL_SPI_Transmit
                0x08006e96      0x288 ./Drivers/STM32F4xx_HAL_Driver/Src/stm32f4xx_hal_spi.o
                0x08006e96                HAL_SPI_Transmit
 .text.HAL_SPI_Receive
                0x0800711e      0x232 ./Drivers/STM32F4xx_HAL_Driver/Src/stm32f4xx_hal_spi.o
                0x0800711e                HAL_SPI_Receive
 .text.HAL_SPI_TransmitReceive
                0x08007350      0x352 ./Drivers/STM32F4xx_HAL_Driver/Src/stm32f4xx_hal_spi.o
                0x08007350                HAL_SPI_TransmitReceive
 *fill*         0x080076a2        0x2 
 .text.HAL_SPI_IRQHandler
                0x080076a4      0x200 ./Drivers/STM32F4xx_HAL_Driver/Src/stm32f4xx_hal_spi.o
                0x080076a4                HAL_SPI_IRQHandler
 .text.HAL_SPI_ErrorCallback
                0x080078a4       0x14 ./Drivers/STM32F4xx_HAL_Driver/Src/stm32f4xx_hal_spi.o
                0x080078a4                HAL_SPI_ErrorCallback
 .text.SPI_DMAAbortOnError
                0x080078b8       0x28 ./Drivers/STM32F4xx_HAL_Driver/Src/stm32f4xx_hal_spi.o
 .text.SPI_WaitFlagStateUntilTimeout
                0x080078e0      0x110 ./Drivers/STM32F4xx_HAL_Driver/Src/stm32f4xx_hal_spi.o
 .text.SPI_EndRxTransaction
                0x080079f0       0xca ./Drivers/STM32F4xx_HAL_Driver/Src/stm32f4xx_hal_spi.o
 *fill*         0x08007aba        0x2 
 .text.SPI_EndRxTxTransaction
                0x08007abc       0xa8 ./Drivers/STM32F4xx_HAL_Driver/Src/stm32f4xx_hal_spi.o
 .text.HAL_TIM_Base_Init
                0x08007b64       0x9e ./Drivers/STM32F4xx_HAL_Driver/Src/stm32f4xx_hal_tim.o
                0x08007b64                HAL_TIM_Base_Init
 *fill*         0x08007c02        0x2 
 .text.HAL_TIM_Base_Start
                0x08007c04       0xd0 ./Drivers/STM32F4xx_HAL_Driver/Src/stm32f4xx_hal_tim.o
                0x08007c04                HAL_TIM_Base_Start
 .text.HAL_TIM_PWM_Init
                0x08007cd4       0x9e ./Drivers/STM32F4xx_HAL_Driver/Src/stm32f4xx_hal_tim.o
                0x08007cd4                HAL_TIM_PWM_Init
 .text.HAL_TIM_PWM_MspInit
                0x08007d72       0x14 ./Drivers/STM32F4xx_HAL_Driver/Src/stm32f4xx_hal_tim.o
                0x08007d72                HAL_TIM_PWM_MspInit
 *fill*         0x08007d86        0x2 
 .text.HAL_TIM_PWM_Start
                0x08007d88      0x190 ./Drivers/STM32F4xx_HAL_Driver/Src/stm32f4xx_hal_tim.o
                0x08007d88                HAL_TIM_PWM_Start
 .text.HAL_TIM_OnePulse_Init
                0x08007f18       0xa0 ./Drivers/STM32F4xx_HAL_Driver/Src/stm32f4xx_hal_tim.o
                0x08007f18                HAL_TIM_OnePulse_Init
 .text.HAL_TIM_OnePulse_MspInit
                0x08007fb8       0x14 ./Drivers/STM32F4xx_HAL_Driver/Src/stm32f4xx_hal_tim.o
                0x08007fb8                HAL_TIM_OnePulse_MspInit
 .text.HAL_TIM_PWM_ConfigChannel
                0x08007fcc      0x184 ./Drivers/STM32F4xx_HAL_Driver/Src/stm32f4xx_hal_tim.o
                0x08007fcc                HAL_TIM_PWM_ConfigChannel
 .text.HAL_TIM_ConfigClockSource
                0x08008150      0x18e ./Drivers/STM32F4xx_HAL_Driver/Src/stm32f4xx_hal_tim.o
                0x08008150                HAL_TIM_ConfigClockSource
 .text.HAL_TIM_SlaveConfigSynchro
                0x080082de       0x84 ./Drivers/STM32F4xx_HAL_Driver/Src/stm32f4xx_hal_tim.o
                0x080082de                HAL_TIM_SlaveConfigSynchro
 *fill*         0x08008362        0x2 
 .text.TIM_Base_SetConfig
                0x08008364      0x158 ./Drivers/STM32F4xx_HAL_Driver/Src/stm32f4xx_hal_tim.o
                0x08008364                TIM_Base_SetConfig
 .text.TIM_OC1_SetConfig
                0x080084bc       0xe0 ./Drivers/STM32F4xx_HAL_Driver/Src/stm32f4xx_hal_tim.o
 .text.TIM_OC2_SetConfig
                0x0800859c       0xec ./Drivers/STM32F4xx_HAL_Driver/Src/stm32f4xx_hal_tim.o
                0x0800859c                TIM_OC2_SetConfig
 .text.TIM_OC3_SetConfig
                0x08008688       0xe8 ./Drivers/STM32F4xx_HAL_Driver/Src/stm32f4xx_hal_tim.o
 .text.TIM_OC4_SetConfig
                0x08008770       0xac ./Drivers/STM32F4xx_HAL_Driver/Src/stm32f4xx_hal_tim.o
 .text.TIM_SlaveTimer_SetConfig
                0x0800881c      0x122 ./Drivers/STM32F4xx_HAL_Driver/Src/stm32f4xx_hal_tim.o
 .text.TIM_TI1_ConfigInputStage
                0x0800893e       0x5e ./Drivers/STM32F4xx_HAL_Driver/Src/stm32f4xx_hal_tim.o
 .text.TIM_TI2_ConfigInputStage
                0x0800899c       0x60 ./Drivers/STM32F4xx_HAL_Driver/Src/stm32f4xx_hal_tim.o
 .text.TIM_ITRx_SetConfig
                0x080089fc       0x36 ./Drivers/STM32F4xx_HAL_Driver/Src/stm32f4xx_hal_tim.o
 .text.TIM_ETR_SetConfig
                0x08008a32       0x40 ./Drivers/STM32F4xx_HAL_Driver/Src/stm32f4xx_hal_tim.o
                0x08008a32                TIM_ETR_SetConfig
 .text.TIM_CCxChannelCmd
                0x08008a72       0x4a ./Drivers/STM32F4xx_HAL_Driver/Src/stm32f4xx_hal_tim.o
                0x08008a72                TIM_CCxChannelCmd
 .text.HAL_TIMEx_MasterConfigSynchronization
                0x08008abc       0xf8 ./Drivers/STM32F4xx_HAL_Driver/Src/stm32f4xx_hal_tim_ex.o
                0x08008abc                HAL_TIMEx_MasterConfigSynchronization
 .text.HAL_UART_Init
                0x08008bb4       0xa0 ./Drivers/STM32F4xx_HAL_Driver/Src/stm32f4xx_hal_uart.o
                0x08008bb4                HAL_UART_Init
 .text.HAL_UART_Transmit_DMA
                0x08008c54       0xe0 ./Drivers/STM32F4xx_HAL_Driver/Src/stm32f4xx_hal_uart.o
                0x08008c54                HAL_UART_Transmit_DMA
 .text.HAL_UARTEx_ReceiveToIdle_DMA
                0x08008d34       0xba ./Drivers/STM32F4xx_HAL_Driver/Src/stm32f4xx_hal_uart.o
                0x08008d34                HAL_UARTEx_ReceiveToIdle_DMA
 *fill*         0x08008dee        0x2 
 .text.HAL_UART_IRQHandler
                0x08008df0      0x524 ./Drivers/STM32F4xx_HAL_Driver/Src/stm32f4xx_hal_uart.o
                0x08008df0                HAL_UART_IRQHandler
 .text.HAL_UART_TxHalfCpltCallback
                0x08009314       0x14 ./Drivers/STM32F4xx_HAL_Driver/Src/stm32f4xx_hal_uart.o
                0x08009314                HAL_UART_TxHalfCpltCallback
 .text.HAL_UART_RxCpltCallback
                0x08009328       0x14 ./Drivers/STM32F4xx_HAL_Driver/Src/stm32f4xx_hal_uart.o
                0x08009328                HAL_UART_RxCpltCallback
 .text.HAL_UART_RxHalfCpltCallback
                0x0800933c       0x14 ./Drivers/STM32F4xx_HAL_Driver/Src/stm32f4xx_hal_uart.o
                0x0800933c                HAL_UART_RxHalfCpltCallback
 .text.HAL_UART_ErrorCallback
                0x08009350       0x14 ./Drivers/STM32F4xx_HAL_Driver/Src/stm32f4xx_hal_uart.o
                0x08009350                HAL_UART_ErrorCallback
 .text.UART_DMATransmitCplt
                0x08009364       0x9a ./Drivers/STM32F4xx_HAL_Driver/Src/stm32f4xx_hal_uart.o
 .text.UART_DMATxHalfCplt
                0x080093fe       0x1c ./Drivers/STM32F4xx_HAL_Driver/Src/stm32f4xx_hal_uart.o
 .text.UART_DMAReceiveCplt
                0x0800941a      0x12c ./Drivers/STM32F4xx_HAL_Driver/Src/stm32f4xx_hal_uart.o
 .text.UART_DMARxHalfCplt
                0x08009546       0x3c ./Drivers/STM32F4xx_HAL_Driver/Src/stm32f4xx_hal_uart.o
 .text.UART_DMAError
                0x08009582       0x94 ./Drivers/STM32F4xx_HAL_Driver/Src/stm32f4xx_hal_uart.o
 *fill*         0x08009616        0x2 
 .text.UART_Start_Receive_DMA
                0x08009618      0x134 ./Drivers/STM32F4xx_HAL_Driver/Src/stm32f4xx_hal_uart.o
                0x08009618                UART_Start_Receive_DMA
 .text.UART_EndTxTransfer
                0x0800974c       0x50 ./Drivers/STM32F4xx_HAL_Driver/Src/stm32f4xx_hal_uart.o
 .text.UART_EndRxTransfer
                0x0800979c       0xc6 ./Drivers/STM32F4xx_HAL_Driver/Src/stm32f4xx_hal_uart.o
 .text.UART_DMAAbortOnError
                0x08009862       0x28 ./Drivers/STM32F4xx_HAL_Driver/Src/stm32f4xx_hal_uart.o
 .text.UART_Transmit_IT
                0x0800988a       0xa0 ./Drivers/STM32F4xx_HAL_Driver/Src/stm32f4xx_hal_uart.o
 .text.UART_EndTransmit_IT
                0x0800992a       0x30 ./Drivers/STM32F4xx_HAL_Driver/Src/stm32f4xx_hal_uart.o
 .text.UART_Receive_IT
                0x0800995a      0x17c ./Drivers/STM32F4xx_HAL_Driver/Src/stm32f4xx_hal_uart.o
 *fill*         0x08009ad6        0x2 
 .text.UART_SetConfig
                0x08009ad8      0x4e8 ./Drivers/STM32F4xx_HAL_Driver/Src/stm32f4xx_hal_uart.o
 .text.USB_CoreInit
                0x08009fc0       0xc8 ./Drivers/STM32F4xx_HAL_Driver/Src/stm32f4xx_ll_usb.o
                0x08009fc0                USB_CoreInit
 .text.USB_SetTurnaroundTime
                0x0800a088      0x144 ./Drivers/STM32F4xx_HAL_Driver/Src/stm32f4xx_ll_usb.o
                0x0800a088                USB_SetTurnaroundTime
 .text.USB_EnableGlobalInt
                0x0800a1cc       0x22 ./Drivers/STM32F4xx_HAL_Driver/Src/stm32f4xx_ll_usb.o
                0x0800a1cc                USB_EnableGlobalInt
 .text.USB_DisableGlobalInt
                0x0800a1ee       0x22 ./Drivers/STM32F4xx_HAL_Driver/Src/stm32f4xx_ll_usb.o
                0x0800a1ee                USB_DisableGlobalInt
 .text.USB_SetCurrentMode
                0x0800a210       0x98 ./Drivers/STM32F4xx_HAL_Driver/Src/stm32f4xx_ll_usb.o
                0x0800a210                USB_SetCurrentMode
 .text.USB_DevInit
                0x0800a2a8      0x2c8 ./Drivers/STM32F4xx_HAL_Driver/Src/stm32f4xx_ll_usb.o
                0x0800a2a8                USB_DevInit
 .text.USB_FlushTxFifo
                0x0800a570       0x64 ./Drivers/STM32F4xx_HAL_Driver/Src/stm32f4xx_ll_usb.o
                0x0800a570                USB_FlushTxFifo
 .text.USB_FlushRxFifo
                0x0800a5d4       0x5c ./Drivers/STM32F4xx_HAL_Driver/Src/stm32f4xx_ll_usb.o
                0x0800a5d4                USB_FlushRxFifo
 .text.USB_SetDevSpeed
                0x0800a630       0x32 ./Drivers/STM32F4xx_HAL_Driver/Src/stm32f4xx_ll_usb.o
                0x0800a630                USB_SetDevSpeed
 .text.USB_GetDevSpeed
                0x0800a662       0x4a ./Drivers/STM32F4xx_HAL_Driver/Src/stm32f4xx_ll_usb.o
                0x0800a662                USB_GetDevSpeed
 .text.USB_ActivateEndpoint
                0x0800a6ac      0x10e ./Drivers/STM32F4xx_HAL_Driver/Src/stm32f4xx_ll_usb.o
                0x0800a6ac                USB_ActivateEndpoint
 *fill*         0x0800a7ba        0x2 
 .text.USB_DeactivateEndpoint
                0x0800a7bc      0x1b8 ./Drivers/STM32F4xx_HAL_Driver/Src/stm32f4xx_ll_usb.o
                0x0800a7bc                USB_DeactivateEndpoint
 .text.USB_EPStartXfer
                0x0800a974      0x53c ./Drivers/STM32F4xx_HAL_Driver/Src/stm32f4xx_ll_usb.o
                0x0800a974                USB_EPStartXfer
 .text.USB_EPStopXfer
                0x0800aeb0      0x154 ./Drivers/STM32F4xx_HAL_Driver/Src/stm32f4xx_ll_usb.o
                0x0800aeb0                USB_EPStopXfer
 .text.USB_WritePacket
                0x0800b004       0x7c ./Drivers/STM32F4xx_HAL_Driver/Src/stm32f4xx_ll_usb.o
                0x0800b004                USB_WritePacket
 .text.USB_ReadPacket
                0x0800b080       0xb0 ./Drivers/STM32F4xx_HAL_Driver/Src/stm32f4xx_ll_usb.o
                0x0800b080                USB_ReadPacket
 .text.USB_EPSetStall
                0x0800b130       0xdc ./Drivers/STM32F4xx_HAL_Driver/Src/stm32f4xx_ll_usb.o
                0x0800b130                USB_EPSetStall
 .text.USB_EPClearStall
                0x0800b20c       0xcc ./Drivers/STM32F4xx_HAL_Driver/Src/stm32f4xx_ll_usb.o
                0x0800b20c                USB_EPClearStall
 .text.USB_SetDevAddress
                0x0800b2d8       0x4c ./Drivers/STM32F4xx_HAL_Driver/Src/stm32f4xx_ll_usb.o
                0x0800b2d8                USB_SetDevAddress
 .text.USB_DevConnect
                0x0800b324       0x42 ./Drivers/STM32F4xx_HAL_Driver/Src/stm32f4xx_ll_usb.o
                0x0800b324                USB_DevConnect
 .text.USB_DevDisconnect
                0x0800b366       0x42 ./Drivers/STM32F4xx_HAL_Driver/Src/stm32f4xx_ll_usb.o
                0x0800b366                USB_DevDisconnect
 .text.USB_ReadInterrupts
                0x0800b3a8       0x26 ./Drivers/STM32F4xx_HAL_Driver/Src/stm32f4xx_ll_usb.o
                0x0800b3a8                USB_ReadInterrupts
 .text.USB_ReadDevAllOutEpInterrupt
                0x0800b3ce       0x34 ./Drivers/STM32F4xx_HAL_Driver/Src/stm32f4xx_ll_usb.o
                0x0800b3ce                USB_ReadDevAllOutEpInterrupt
 .text.USB_ReadDevAllInEpInterrupt
                0x0800b402       0x34 ./Drivers/STM32F4xx_HAL_Driver/Src/stm32f4xx_ll_usb.o
                0x0800b402                USB_ReadDevAllInEpInterrupt
 .text.USB_ReadDevOutEPInterrupt
                0x0800b436       0x3c ./Drivers/STM32F4xx_HAL_Driver/Src/stm32f4xx_ll_usb.o
                0x0800b436                USB_ReadDevOutEPInterrupt
 .text.USB_ReadDevInEPInterrupt
                0x0800b472       0x5c ./Drivers/STM32F4xx_HAL_Driver/Src/stm32f4xx_ll_usb.o
                0x0800b472                USB_ReadDevInEPInterrupt
 .text.USB_GetMode
                0x0800b4ce       0x1c ./Drivers/STM32F4xx_HAL_Driver/Src/stm32f4xx_ll_usb.o
                0x0800b4ce                USB_GetMode
 .text.USB_ActivateSetup
                0x0800b4ea       0x46 ./Drivers/STM32F4xx_HAL_Driver/Src/stm32f4xx_ll_usb.o
                0x0800b4ea                USB_ActivateSetup
 .text.USB_EP0_OutStart
                0x0800b530       0xbc ./Drivers/STM32F4xx_HAL_Driver/Src/stm32f4xx_ll_usb.o
                0x0800b530                USB_EP0_OutStart
 .text.USB_CoreReset
                0x0800b5ec       0x62 ./Drivers/STM32F4xx_HAL_Driver/Src/stm32f4xx_ll_usb.o
 *fill*         0x0800b64e        0x2 
 .text.USBD_CUSTOM_HID_Init
                0x0800b650      0x158 ./Middlewares/ST/STM32_USB_Device_Library/Class/CustomHID/Src/usbd_customhid.o
 .text.USBD_CUSTOM_HID_DeInit
                0x0800b7a8       0xf4 ./Middlewares/ST/STM32_USB_Device_Library/Class/CustomHID/Src/usbd_customhid.o
 .text.USBD_CUSTOM_HID_Setup
                0x0800b89c      0x248 ./Middlewares/ST/STM32_USB_Device_Library/Class/CustomHID/Src/usbd_customhid.o
 .text.USBD_CUSTOM_HID_SendReport
                0x0800bae4       0x68 ./Middlewares/ST/STM32_USB_Device_Library/Class/CustomHID/Src/usbd_customhid.o
                0x0800bae4                USBD_CUSTOM_HID_SendReport
 .text.USBD_CUSTOM_HID_GetFSCfgDesc
                0x0800bb4c       0x64 ./Middlewares/ST/STM32_USB_Device_Library/Class/CustomHID/Src/usbd_customhid.o
 .text.USBD_CUSTOM_HID_GetHSCfgDesc
                0x0800bbb0       0x64 ./Middlewares/ST/STM32_USB_Device_Library/Class/CustomHID/Src/usbd_customhid.o
 .text.USBD_CUSTOM_HID_GetOtherSpeedCfgDesc
                0x0800bc14       0x64 ./Middlewares/ST/STM32_USB_Device_Library/Class/CustomHID/Src/usbd_customhid.o
 .text.USBD_CUSTOM_HID_DataIn
                0x0800bc78       0x2e ./Middlewares/ST/STM32_USB_Device_Library/Class/CustomHID/Src/usbd_customhid.o
 .text.USBD_CUSTOM_HID_DataOut
                0x0800bca6       0x5a ./Middlewares/ST/STM32_USB_Device_Library/Class/CustomHID/Src/usbd_customhid.o
 .text.USBD_CUSTOM_HID_ReceivePacket
                0x0800bd00       0x4c ./Middlewares/ST/STM32_USB_Device_Library/Class/CustomHID/Src/usbd_customhid.o
                0x0800bd00                USBD_CUSTOM_HID_ReceivePacket
 .text.USBD_CUSTOM_HID_EP0_RxReady
                0x0800bd4c       0x58 ./Middlewares/ST/STM32_USB_Device_Library/Class/CustomHID/Src/usbd_customhid.o
 .text.USBD_CUSTOM_HID_GetDeviceQualifierDesc
                0x0800bda4       0x20 ./Middlewares/ST/STM32_USB_Device_Library/Class/CustomHID/Src/usbd_customhid.o
 .text.USBD_CUSTOM_HID_RegisterInterface
                0x0800bdc4       0x34 ./Middlewares/ST/STM32_USB_Device_Library/Class/CustomHID/Src/usbd_customhid.o
                0x0800bdc4                USBD_CUSTOM_HID_RegisterInterface
 .text.USBD_Init
                0x0800bdf8       0x60 ./Middlewares/ST/STM32_USB_Device_Library/Core/Src/usbd_core.o
                0x0800bdf8                USBD_Init
 .text.USBD_RegisterClass
                0x0800be58       0x6c ./Middlewares/ST/STM32_USB_Device_Library/Core/Src/usbd_core.o
                0x0800be58                USBD_RegisterClass
 .text.USBD_Start
                0x0800bec4       0x18 ./Middlewares/ST/STM32_USB_Device_Library/Core/Src/usbd_core.o
                0x0800bec4                USBD_Start
 .text.USBD_RunTestMode
                0x0800bedc       0x16 ./Middlewares/ST/STM32_USB_Device_Library/Core/Src/usbd_core.o
                0x0800bedc                USBD_RunTestMode
 .text.USBD_SetClassConfig
                0x0800bef2       0x38 ./Middlewares/ST/STM32_USB_Device_Library/Core/Src/usbd_core.o
                0x0800bef2                USBD_SetClassConfig
 .text.USBD_ClrClassConfig
                0x0800bf2a       0x34 ./Middlewares/ST/STM32_USB_Device_Library/Core/Src/usbd_core.o
                0x0800bf2a                USBD_ClrClassConfig
 .text.USBD_LL_SetupStage
                0x0800bf5e       0xaa ./Middlewares/ST/STM32_USB_Device_Library/Core/Src/usbd_core.o
                0x0800bf5e                USBD_LL_SetupStage
 .text.USBD_LL_DataOutStage
                0x0800c008      0x166 ./Middlewares/ST/STM32_USB_Device_Library/Core/Src/usbd_core.o
                0x0800c008                USBD_LL_DataOutStage
 .text.USBD_LL_DataInStage
                0x0800c16e      0x164 ./Middlewares/ST/STM32_USB_Device_Library/Core/Src/usbd_core.o
                0x0800c16e                USBD_LL_DataInStage
 .text.USBD_LL_Reset
                0x0800c2d2       0xa4 ./Middlewares/ST/STM32_USB_Device_Library/Core/Src/usbd_core.o
                0x0800c2d2                USBD_LL_Reset
 .text.USBD_LL_SetSpeed
                0x0800c376       0x20 ./Middlewares/ST/STM32_USB_Device_Library/Core/Src/usbd_core.o
                0x0800c376                USBD_LL_SetSpeed
 .text.USBD_LL_Suspend
                0x0800c396       0x38 ./Middlewares/ST/STM32_USB_Device_Library/Core/Src/usbd_core.o
                0x0800c396                USBD_LL_Suspend
 .text.USBD_LL_Resume
                0x0800c3ce       0x30 ./Middlewares/ST/STM32_USB_Device_Library/Core/Src/usbd_core.o
                0x0800c3ce                USBD_LL_Resume
 .text.USBD_LL_SOF
                0x0800c3fe       0x40 ./Middlewares/ST/STM32_USB_Device_Library/Core/Src/usbd_core.o
                0x0800c3fe                USBD_LL_SOF
 .text.USBD_LL_IsoINIncomplete
                0x0800c43e       0x64 ./Middlewares/ST/STM32_USB_Device_Library/Core/Src/usbd_core.o
                0x0800c43e                USBD_LL_IsoINIncomplete
 .text.USBD_LL_IsoOUTIncomplete
                0x0800c4a2       0x64 ./Middlewares/ST/STM32_USB_Device_Library/Core/Src/usbd_core.o
                0x0800c4a2                USBD_LL_IsoOUTIncomplete
 .text.USBD_LL_DevConnected
                0x0800c506       0x16 ./Middlewares/ST/STM32_USB_Device_Library/Core/Src/usbd_core.o
                0x0800c506                USBD_LL_DevConnected
 .text.USBD_LL_DevDisconnected
                0x0800c51c       0x46 ./Middlewares/ST/STM32_USB_Device_Library/Core/Src/usbd_core.o
                0x0800c51c                USBD_LL_DevDisconnected
 .text.USBD_CoreFindIF
                0x0800c562       0x1a ./Middlewares/ST/STM32_USB_Device_Library/Core/Src/usbd_core.o
                0x0800c562                USBD_CoreFindIF
 .text.USBD_CoreFindEP
                0x0800c57c       0x1a ./Middlewares/ST/STM32_USB_Device_Library/Core/Src/usbd_core.o
                0x0800c57c                USBD_CoreFindEP
 .text.USBD_GetEpDesc
                0x0800c596       0x70 ./Middlewares/ST/STM32_USB_Device_Library/Core/Src/usbd_core.o
                0x0800c596                USBD_GetEpDesc
 .text.USBD_GetNextDesc
                0x0800c606       0x38 ./Middlewares/ST/STM32_USB_Device_Library/Core/Src/usbd_core.o
                0x0800c606                USBD_GetNextDesc
 .text.SWAPBYTE
                0x0800c63e       0x3e ./Middlewares/ST/STM32_USB_Device_Library/Core/Src/usbd_ctlreq.o
 .text.USBD_StdDevReq
                0x0800c67c       0xe4 ./Middlewares/ST/STM32_USB_Device_Library/Core/Src/usbd_ctlreq.o
                0x0800c67c                USBD_StdDevReq
 .text.USBD_StdItfReq
                0x0800c760       0xd8 ./Middlewares/ST/STM32_USB_Device_Library/Core/Src/usbd_ctlreq.o
                0x0800c760                USBD_StdItfReq
 .text.USBD_StdEPReq
                0x0800c838      0x33a ./Middlewares/ST/STM32_USB_Device_Library/Core/Src/usbd_ctlreq.o
                0x0800c838                USBD_StdEPReq
 *fill*         0x0800cb72        0x2 
 .text.USBD_GetDescriptor
                0x0800cb74      0x2d4 ./Middlewares/ST/STM32_USB_Device_Library/Core/Src/usbd_ctlreq.o
 .text.USBD_SetAddress
                0x0800ce48       0x88 ./Middlewares/ST/STM32_USB_Device_Library/Core/Src/usbd_ctlreq.o
 .text.USBD_SetConfig
                0x0800ced0      0x154 ./Middlewares/ST/STM32_USB_Device_Library/Core/Src/usbd_ctlreq.o
 .text.USBD_GetConfig
                0x0800d024       0x6c ./Middlewares/ST/STM32_USB_Device_Library/Core/Src/usbd_ctlreq.o
 .text.USBD_GetStatus
                0x0800d090       0x68 ./Middlewares/ST/STM32_USB_Device_Library/Core/Src/usbd_ctlreq.o
 .text.USBD_SetFeature
                0x0800d0f8       0x52 ./Middlewares/ST/STM32_USB_Device_Library/Core/Src/usbd_ctlreq.o
 .text.USBD_ClrFeature
                0x0800d14a       0x44 ./Middlewares/ST/STM32_USB_Device_Library/Core/Src/usbd_ctlreq.o
 .text.USBD_ParseSetupRequest
                0x0800d18e       0x74 ./Middlewares/ST/STM32_USB_Device_Library/Core/Src/usbd_ctlreq.o
                0x0800d18e                USBD_ParseSetupRequest
 .text.USBD_CtlError
                0x0800d202       0x22 ./Middlewares/ST/STM32_USB_Device_Library/Core/Src/usbd_ctlreq.o
                0x0800d202                USBD_CtlError
 .text.USBD_GetString
                0x0800d224       0xa4 ./Middlewares/ST/STM32_USB_Device_Library/Core/Src/usbd_ctlreq.o
                0x0800d224                USBD_GetString
 .text.USBD_GetLen
                0x0800d2c8       0x34 ./Middlewares/ST/STM32_USB_Device_Library/Core/Src/usbd_ctlreq.o
 .text.USBD_CtlSendData
                0x0800d2fc       0x36 ./Middlewares/ST/STM32_USB_Device_Library/Core/Src/usbd_ioreq.o
                0x0800d2fc                USBD_CtlSendData
 .text.USBD_CtlContinueSendData
                0x0800d332       0x22 ./Middlewares/ST/STM32_USB_Device_Library/Core/Src/usbd_ioreq.o
                0x0800d332                USBD_CtlContinueSendData
 .text.USBD_CtlPrepareRx
                0x0800d354       0x3a ./Middlewares/ST/STM32_USB_Device_Library/Core/Src/usbd_ioreq.o
                0x0800d354                USBD_CtlPrepareRx
 .text.USBD_CtlContinueRx
                0x0800d38e       0x22 ./Middlewares/ST/STM32_USB_Device_Library/Core/Src/usbd_ioreq.o
                0x0800d38e                USBD_CtlContinueRx
 .text.USBD_CtlSendStatus
                0x0800d3b0       0x26 ./Middlewares/ST/STM32_USB_Device_Library/Core/Src/usbd_ioreq.o
                0x0800d3b0                USBD_CtlSendStatus
 .text.USBD_CtlReceiveStatus
                0x0800d3d6       0x26 ./Middlewares/ST/STM32_USB_Device_Library/Core/Src/usbd_ioreq.o
                0x0800d3d6                USBD_CtlReceiveStatus
 .text.MX_USB_DEVICE_Init
                0x0800d3fc       0x60 ./USB_DEVICE/App/usb_device.o
                0x0800d3fc                MX_USB_DEVICE_Init
 .text.CUSTOM_HID_Init_FS
                0x0800d45c       0x10 ./USB_DEVICE/App/usbd_custom_hid_if.o
 .text.CUSTOM_HID_DeInit_FS
                0x0800d46c       0x10 ./USB_DEVICE/App/usbd_custom_hid_if.o
 .text.CUSTOM_HID_OutEvent_FS
                0x0800d47c       0x30 ./USB_DEVICE/App/usbd_custom_hid_if.o
 .text.USBD_FS_DeviceDescriptor
                0x0800d4ac       0x24 ./USB_DEVICE/App/usbd_desc.o
                0x0800d4ac                USBD_FS_DeviceDescriptor
 .text.USBD_FS_LangIDStrDescriptor
                0x0800d4d0       0x24 ./USB_DEVICE/App/usbd_desc.o
                0x0800d4d0                USBD_FS_LangIDStrDescriptor
 .text.USBD_FS_ProductStrDescriptor
                0x0800d4f4       0x3c ./USB_DEVICE/App/usbd_desc.o
                0x0800d4f4                USBD_FS_ProductStrDescriptor
 .text.USBD_FS_ManufacturerStrDescriptor
                0x0800d530       0x28 ./USB_DEVICE/App/usbd_desc.o
                0x0800d530                USBD_FS_ManufacturerStrDescriptor
 .text.USBD_FS_SerialStrDescriptor
                0x0800d558       0x24 ./USB_DEVICE/App/usbd_desc.o
                0x0800d558                USBD_FS_SerialStrDescriptor
 .text.USBD_FS_ConfigStrDescriptor
                0x0800d57c       0x3c ./USB_DEVICE/App/usbd_desc.o
                0x0800d57c                USBD_FS_ConfigStrDescriptor
 .text.USBD_FS_InterfaceStrDescriptor
                0x0800d5b8       0x3c ./USB_DEVICE/App/usbd_desc.o
                0x0800d5b8                USBD_FS_InterfaceStrDescriptor
 .text.Get_SerialNum
                0x0800d5f4       0x58 ./USB_DEVICE/App/usbd_desc.o
 .text.IntToUnicode
                0x0800d64c       0x7e ./USB_DEVICE/App/usbd_desc.o
 *fill*         0x0800d6ca        0x2 
 .text.HAL_PCD_MspInit
                0x0800d6cc       0xa8 ./USB_DEVICE/Target/usbd_conf.o
                0x0800d6cc                HAL_PCD_MspInit
 .text.HAL_PCD_SetupStageCallback
                0x0800d774       0x24 ./USB_DEVICE/Target/usbd_conf.o
                0x0800d774                HAL_PCD_SetupStageCallback
 .text.HAL_PCD_DataOutStageCallback
                0x0800d798       0x36 ./USB_DEVICE/Target/usbd_conf.o
                0x0800d798                HAL_PCD_DataOutStageCallback
 .text.HAL_PCD_DataInStageCallback
                0x0800d7ce       0x34 ./USB_DEVICE/Target/usbd_conf.o
                0x0800d7ce                HAL_PCD_DataInStageCallback
 .text.HAL_PCD_SOFCallback
                0x0800d802       0x1c ./USB_DEVICE/Target/usbd_conf.o
                0x0800d802                HAL_PCD_SOFCallback
 .text.HAL_PCD_ResetCallback
                0x0800d81e       0x50 ./USB_DEVICE/Target/usbd_conf.o
                0x0800d81e                HAL_PCD_ResetCallback
 *fill*         0x0800d86e        0x2 
 .text.HAL_PCD_SuspendCallback
                0x0800d870       0x4c ./USB_DEVICE/Target/usbd_conf.o
                0x0800d870                HAL_PCD_SuspendCallback
 .text.HAL_PCD_ResumeCallback
                0x0800d8bc       0x1c ./USB_DEVICE/Target/usbd_conf.o
                0x0800d8bc                HAL_PCD_ResumeCallback
 .text.HAL_PCD_ISOOUTIncompleteCallback
                0x0800d8d8       0x24 ./USB_DEVICE/Target/usbd_conf.o
                0x0800d8d8                HAL_PCD_ISOOUTIncompleteCallback
 .text.HAL_PCD_ISOINIncompleteCallback
                0x0800d8fc       0x24 ./USB_DEVICE/Target/usbd_conf.o
                0x0800d8fc                HAL_PCD_ISOINIncompleteCallback
 .text.HAL_PCD_ConnectCallback
                0x0800d920       0x1c ./USB_DEVICE/Target/usbd_conf.o
                0x0800d920                HAL_PCD_ConnectCallback
 .text.HAL_PCD_DisconnectCallback
                0x0800d93c       0x1c ./USB_DEVICE/Target/usbd_conf.o
                0x0800d93c                HAL_PCD_DisconnectCallback
 .text.USBD_LL_Init
                0x0800d958       0x98 ./USB_DEVICE/Target/usbd_conf.o
                0x0800d958                USBD_LL_Init
 .text.USBD_LL_Start
                0x0800d9f0       0x36 ./USB_DEVICE/Target/usbd_conf.o
                0x0800d9f0                USBD_LL_Start
 .text.USBD_LL_OpenEP
                0x0800da26       0x4c ./USB_DEVICE/Target/usbd_conf.o
                0x0800da26                USBD_LL_OpenEP
 .text.USBD_LL_CloseEP
                0x0800da72       0x3e ./USB_DEVICE/Target/usbd_conf.o
                0x0800da72                USBD_LL_CloseEP
 .text.USBD_LL_StallEP
                0x0800dab0       0x3e ./USB_DEVICE/Target/usbd_conf.o
                0x0800dab0                USBD_LL_StallEP
 .text.USBD_LL_ClearStallEP
                0x0800daee       0x3e ./USB_DEVICE/Target/usbd_conf.o
                0x0800daee                USBD_LL_ClearStallEP
 .text.USBD_LL_IsStallEP
                0x0800db2c       0x58 ./USB_DEVICE/Target/usbd_conf.o
                0x0800db2c                USBD_LL_IsStallEP
 .text.USBD_LL_SetUSBAddress
                0x0800db84       0x3e ./USB_DEVICE/Target/usbd_conf.o
                0x0800db84                USBD_LL_SetUSBAddress
 .text.USBD_LL_Transmit
                0x0800dbc2       0x42 ./USB_DEVICE/Target/usbd_conf.o
                0x0800dbc2                USBD_LL_Transmit
 .text.USBD_LL_PrepareReceive
                0x0800dc04       0x42 ./USB_DEVICE/Target/usbd_conf.o
                0x0800dc04                USBD_LL_PrepareReceive
 *fill*         0x0800dc46        0x2 
 .text.USBD_static_malloc
                0x0800dc48       0x1c ./USB_DEVICE/Target/usbd_conf.o
                0x0800dc48                USBD_static_malloc
 .text.USBD_static_free
                0x0800dc64       0x14 ./USB_DEVICE/Target/usbd_conf.o
                0x0800dc64                USBD_static_free
 .text.USBD_Get_USB_Status
                0x0800dc78       0x58 ./USB_DEVICE/Target/usbd_conf.o
                0x0800dc78                USBD_Get_USB_Status
 .text.snprintf
                0x0800dcd0       0x6c /home/zuidec/Programs/st/stm32cubeide_1.17.0/plugins/com.st.stm32cube.ide.mcu.externaltools.gnu-tools-for-stm32.13.3.rel1.linux64_1.0.0.202410170706/tools/bin/../lib/gcc/arm-none-eabi/13.3.1/../../../../arm-none-eabi/lib/thumb/v7e-m+fp/hard/libc_nano.a(libc_a-snprintf.o)
                0x0800dcd0                snprintf
                0x0800dcd0                sniprintf
 .text.memset   0x0800dd3c       0x10 /home/zuidec/Programs/st/stm32cubeide_1.17.0/plugins/com.st.stm32cube.ide.mcu.externaltools.gnu-tools-for-stm32.13.3.rel1.linux64_1.0.0.202410170706/tools/bin/../lib/gcc/arm-none-eabi/13.3.1/../../../../arm-none-eabi/lib/thumb/v7e-m+fp/hard/libc_nano.a(libc_a-memset.o)
                0x0800dd3c                memset
 .text.__errno  0x0800dd4c        0xc /home/zuidec/Programs/st/stm32cubeide_1.17.0/plugins/com.st.stm32cube.ide.mcu.externaltools.gnu-tools-for-stm32.13.3.rel1.linux64_1.0.0.202410170706/tools/bin/../lib/gcc/arm-none-eabi/13.3.1/../../../../arm-none-eabi/lib/thumb/v7e-m+fp/hard/libc_nano.a(libc_a-errno.o)
                0x0800dd4c                __errno
 .text.__libc_init_array
                0x0800dd58       0x48 /home/zuidec/Programs/st/stm32cubeide_1.17.0/plugins/com.st.stm32cube.ide.mcu.externaltools.gnu-tools-for-stm32.13.3.rel1.linux64_1.0.0.202410170706/tools/bin/../lib/gcc/arm-none-eabi/13.3.1/../../../../arm-none-eabi/lib/thumb/v7e-m+fp/hard/libc_nano.a(libc_a-init.o)
                0x0800dd58                __libc_init_array
 .text.__retarget_lock_acquire_recursive
                0x0800dda0        0x2 /home/zuidec/Programs/st/stm32cubeide_1.17.0/plugins/com.st.stm32cube.ide.mcu.externaltools.gnu-tools-for-stm32.13.3.rel1.linux64_1.0.0.202410170706/tools/bin/../lib/gcc/arm-none-eabi/13.3.1/../../../../arm-none-eabi/lib/thumb/v7e-m+fp/hard/libc_nano.a(libc_a-lock.o)
                0x0800dda0                __retarget_lock_acquire_recursive
 .text.__retarget_lock_release_recursive
                0x0800dda2        0x2 /home/zuidec/Programs/st/stm32cubeide_1.17.0/plugins/com.st.stm32cube.ide.mcu.externaltools.gnu-tools-for-stm32.13.3.rel1.linux64_1.0.0.202410170706/tools/bin/../lib/gcc/arm-none-eabi/13.3.1/../../../../arm-none-eabi/lib/thumb/v7e-m+fp/hard/libc_nano.a(libc_a-lock.o)
                0x0800dda2                __retarget_lock_release_recursive
 .text.memcpy   0x0800dda4       0x1c /home/zuidec/Programs/st/stm32cubeide_1.17.0/plugins/com.st.stm32cube.ide.mcu.externaltools.gnu-tools-for-stm32.13.3.rel1.linux64_1.0.0.202410170706/tools/bin/../lib/gcc/arm-none-eabi/13.3.1/../../../../arm-none-eabi/lib/thumb/v7e-m+fp/hard/libc_nano.a(libc_a-memcpy-stub.o)
                0x0800dda4                memcpy
 .text._free_r  0x0800ddc0       0x94 /home/zuidec/Programs/st/stm32cubeide_1.17.0/plugins/com.st.stm32cube.ide.mcu.externaltools.gnu-tools-for-stm32.13.3.rel1.linux64_1.0.0.202410170706/tools/bin/../lib/gcc/arm-none-eabi/13.3.1/../../../../arm-none-eabi/lib/thumb/v7e-m+fp/hard/libc_nano.a(libc_a-freer.o)
                0x0800ddc0                _free_r
 .text.sbrk_aligned
                0x0800de54       0x44 /home/zuidec/Programs/st/stm32cubeide_1.17.0/plugins/com.st.stm32cube.ide.mcu.externaltools.gnu-tools-for-stm32.13.3.rel1.linux64_1.0.0.202410170706/tools/bin/../lib/gcc/arm-none-eabi/13.3.1/../../../../arm-none-eabi/lib/thumb/v7e-m+fp/hard/libc_nano.a(libc_a-mallocr.o)
 .text._malloc_r
                0x0800de98      0x100 /home/zuidec/Programs/st/stm32cubeide_1.17.0/plugins/com.st.stm32cube.ide.mcu.externaltools.gnu-tools-for-stm32.13.3.rel1.linux64_1.0.0.202410170706/tools/bin/../lib/gcc/arm-none-eabi/13.3.1/../../../../arm-none-eabi/lib/thumb/v7e-m+fp/hard/libc_nano.a(libc_a-mallocr.o)
                0x0800de98                _malloc_r
 .text.__malloc_lock
                0x0800df98        0xc /home/zuidec/Programs/st/stm32cubeide_1.17.0/plugins/com.st.stm32cube.ide.mcu.externaltools.gnu-tools-for-stm32.13.3.rel1.linux64_1.0.0.202410170706/tools/bin/../lib/gcc/arm-none-eabi/13.3.1/../../../../arm-none-eabi/lib/thumb/v7e-m+fp/hard/libc_nano.a(libc_a-mlock.o)
                0x0800df98                __malloc_lock
 .text.__malloc_unlock
                0x0800dfa4        0xc /home/zuidec/Programs/st/stm32cubeide_1.17.0/plugins/com.st.stm32cube.ide.mcu.externaltools.gnu-tools-for-stm32.13.3.rel1.linux64_1.0.0.202410170706/tools/bin/../lib/gcc/arm-none-eabi/13.3.1/../../../../arm-none-eabi/lib/thumb/v7e-m+fp/hard/libc_nano.a(libc_a-mlock.o)
                0x0800dfa4                __malloc_unlock
 .text.__ssputs_r
                0x0800dfb0       0xb6 /home/zuidec/Programs/st/stm32cubeide_1.17.0/plugins/com.st.stm32cube.ide.mcu.externaltools.gnu-tools-for-stm32.13.3.rel1.linux64_1.0.0.202410170706/tools/bin/../lib/gcc/arm-none-eabi/13.3.1/../../../../arm-none-eabi/lib/thumb/v7e-m+fp/hard/libc_nano.a(libc_a-nano-svfprintf.o)
                0x0800dfb0                __ssputs_r
 *fill*         0x0800e066        0x2 
 .text._svfprintf_r
                0x0800e068      0x1f8 /home/zuidec/Programs/st/stm32cubeide_1.17.0/plugins/com.st.stm32cube.ide.mcu.externaltools.gnu-tools-for-stm32.13.3.rel1.linux64_1.0.0.202410170706/tools/bin/../lib/gcc/arm-none-eabi/13.3.1/../../../../arm-none-eabi/lib/thumb/v7e-m+fp/hard/libc_nano.a(libc_a-nano-svfprintf.o)
                0x0800e068                _svfprintf_r
                0x0800e068                _svfiprintf_r
 .text._printf_common
                0x0800e260       0xda /home/zuidec/Programs/st/stm32cubeide_1.17.0/plugins/com.st.stm32cube.ide.mcu.externaltools.gnu-tools-for-stm32.13.3.rel1.linux64_1.0.0.202410170706/tools/bin/../lib/gcc/arm-none-eabi/13.3.1/../../../../arm-none-eabi/lib/thumb/v7e-m+fp/hard/libc_nano.a(libc_a-nano-vfprintf_i.o)
                0x0800e260                _printf_common
 *fill*         0x0800e33a        0x2 
 .text._printf_i
                0x0800e33c      0x23c /home/zuidec/Programs/st/stm32cubeide_1.17.0/plugins/com.st.stm32cube.ide.mcu.externaltools.gnu-tools-for-stm32.13.3.rel1.linux64_1.0.0.202410170706/tools/bin/../lib/gcc/arm-none-eabi/13.3.1/../../../../arm-none-eabi/lib/thumb/v7e-m+fp/hard/libc_nano.a(libc_a-nano-vfprintf_i.o)
                0x0800e33c                _printf_i
 .text.memmove  0x0800e578       0x34 /home/zuidec/Programs/st/stm32cubeide_1.17.0/plugins/com.st.stm32cube.ide.mcu.externaltools.gnu-tools-for-stm32.13.3.rel1.linux64_1.0.0.202410170706/tools/bin/../lib/gcc/arm-none-eabi/13.3.1/../../../../arm-none-eabi/lib/thumb/v7e-m+fp/hard/libc_nano.a(libc_a-memmove.o)
                0x0800e578                memmove
 .text._sbrk_r  0x0800e5ac       0x20 /home/zuidec/Programs/st/stm32cubeide_1.17.0/plugins/com.st.stm32cube.ide.mcu.externaltools.gnu-tools-for-stm32.13.3.rel1.linux64_1.0.0.202410170706/tools/bin/../lib/gcc/arm-none-eabi/13.3.1/../../../../arm-none-eabi/lib/thumb/v7e-m+fp/hard/libc_nano.a(libc_a-sbrkr.o)
                0x0800e5ac                _sbrk_r
 .text._realloc_r
                0x0800e5cc       0x5c /home/zuidec/Programs/st/stm32cubeide_1.17.0/plugins/com.st.stm32cube.ide.mcu.externaltools.gnu-tools-for-stm32.13.3.rel1.linux64_1.0.0.202410170706/tools/bin/../lib/gcc/arm-none-eabi/13.3.1/../../../../arm-none-eabi/lib/thumb/v7e-m+fp/hard/libc_nano.a(libc_a-reallocr.o)
                0x0800e5cc                _realloc_r
 .text._malloc_usable_size_r
                0x0800e628       0x10 /home/zuidec/Programs/st/stm32cubeide_1.17.0/plugins/com.st.stm32cube.ide.mcu.externaltools.gnu-tools-for-stm32.13.3.rel1.linux64_1.0.0.202410170706/tools/bin/../lib/gcc/arm-none-eabi/13.3.1/../../../../arm-none-eabi/lib/thumb/v7e-m+fp/hard/libc_nano.a(libc_a-msizer.o)
                0x0800e628                _malloc_usable_size_r
 *(.glue_7)
 .glue_7        0x0800e638        0x0 linker stubs
 *(.glue_7t)
 .glue_7t       0x0800e638        0x0 linker stubs
 *(.eh_frame)
 .eh_frame      0x0800e638        0x0 /home/zuidec/Programs/st/stm32cubeide_1.17.0/plugins/com.st.stm32cube.ide.mcu.externaltools.gnu-tools-for-stm32.13.3.rel1.linux64_1.0.0.202410170706/tools/bin/../lib/gcc/arm-none-eabi/13.3.1/thumb/v7e-m+fp/hard/crtbegin.o
 *(.init)
 .init          0x0800e638        0x4 /home/zuidec/Programs/st/stm32cubeide_1.17.0/plugins/com.st.stm32cube.ide.mcu.externaltools.gnu-tools-for-stm32.13.3.rel1.linux64_1.0.0.202410170706/tools/bin/../lib/gcc/arm-none-eabi/13.3.1/thumb/v7e-m+fp/hard/crti.o
                0x0800e638                _init
 .init          0x0800e63c        0x8 /home/zuidec/Programs/st/stm32cubeide_1.17.0/plugins/com.st.stm32cube.ide.mcu.externaltools.gnu-tools-for-stm32.13.3.rel1.linux64_1.0.0.202410170706/tools/bin/../lib/gcc/arm-none-eabi/13.3.1/thumb/v7e-m+fp/hard/crtn.o
 *(.fini)
 .fini          0x0800e644        0x4 /home/zuidec/Programs/st/stm32cubeide_1.17.0/plugins/com.st.stm32cube.ide.mcu.externaltools.gnu-tools-for-stm32.13.3.rel1.linux64_1.0.0.202410170706/tools/bin/../lib/gcc/arm-none-eabi/13.3.1/thumb/v7e-m+fp/hard/crti.o
                0x0800e644                _fini
 .fini          0x0800e648        0x8 /home/zuidec/Programs/st/stm32cubeide_1.17.0/plugins/com.st.stm32cube.ide.mcu.externaltools.gnu-tools-for-stm32.13.3.rel1.linux64_1.0.0.202410170706/tools/bin/../lib/gcc/arm-none-eabi/13.3.1/thumb/v7e-m+fp/hard/crtn.o
                0x0800e650                        . = ALIGN (0x4)
                0x0800e650                        _etext = .

.vfp11_veneer   0x0800e650        0x0
 .vfp11_veneer  0x0800e650        0x0 linker stubs

.v4_bx          0x0800e650        0x0
 .v4_bx         0x0800e650        0x0 linker stubs

.iplt           0x0800e650        0x0
 .iplt          0x0800e650        0x0 /home/zuidec/Programs/st/stm32cubeide_1.17.0/plugins/com.st.stm32cube.ide.mcu.externaltools.gnu-tools-for-stm32.13.3.rel1.linux64_1.0.0.202410170706/tools/bin/../lib/gcc/arm-none-eabi/13.3.1/thumb/v7e-m+fp/hard/crtbegin.o

.rodata         0x0800e650       0xc0
                0x0800e650                        . = ALIGN (0x4)
 *(.rodata)
 .rodata        0x0800e650       0x1c ./Core/Src/main.o
 .rodata        0x0800e66c       0x4d ./USB_DEVICE/App/usbd_desc.o
 *(.rodata*)
 *fill*         0x0800e6b9        0x3 
 .rodata.AHBPrescTable
                0x0800e6bc       0x10 ./Core/Src/system_stm32f4xx.o
                0x0800e6bc                AHBPrescTable
 .rodata.APBPrescTable
                0x0800e6cc        0x8 ./Core/Src/system_stm32f4xx.o
                0x0800e6cc                APBPrescTable
 .rodata.flagBitshiftOffset.0
                0x0800e6d4        0x8 ./Drivers/STM32F4xx_HAL_Driver/Src/stm32f4xx_hal_dma.o
 .rodata._svfprintf_r.str1.1
                0x0800e6dc       0x33 /home/zuidec/Programs/st/stm32cubeide_1.17.0/plugins/com.st.stm32cube.ide.mcu.externaltools.gnu-tools-for-stm32.13.3.rel1.linux64_1.0.0.202410170706/tools/bin/../lib/gcc/arm-none-eabi/13.3.1/../../../../arm-none-eabi/lib/thumb/v7e-m+fp/hard/libc_nano.a(libc_a-nano-svfprintf.o)
                                 0x11 (size before relaxing)
 .rodata._printf_i.str1.1
                0x0800e70f       0x22 /home/zuidec/Programs/st/stm32cubeide_1.17.0/plugins/com.st.stm32cube.ide.mcu.externaltools.gnu-tools-for-stm32.13.3.rel1.linux64_1.0.0.202410170706/tools/bin/../lib/gcc/arm-none-eabi/13.3.1/../../../../arm-none-eabi/lib/thumb/v7e-m+fp/hard/libc_nano.a(libc_a-nano-vfprintf_i.o)
                0x0800e734                        . = ALIGN (0x4)
 *fill*         0x0800e70f        0x1 

.ARM.extab      0x0800e710        0x0
                0x0800e710                        . = ALIGN (0x4)
 *(.ARM.extab* .gnu.linkonce.armextab.*)
                0x0800e710                        . = ALIGN (0x4)

.ARM            0x0800e710        0x8
                0x0800e710                        . = ALIGN (0x4)
                0x0800e710                        __exidx_start = .
 *(.ARM.exidx*)
 .ARM.exidx     0x0800e710        0x8 /home/zuidec/Programs/st/stm32cubeide_1.17.0/plugins/com.st.stm32cube.ide.mcu.externaltools.gnu-tools-for-stm32.13.3.rel1.linux64_1.0.0.202410170706/tools/bin/../lib/gcc/arm-none-eabi/13.3.1/../../../../arm-none-eabi/lib/thumb/v7e-m+fp/hard/libc_nano.a(libc_a-memchr.o)
 .ARM.exidx     0x0800e718        0x0 /home/zuidec/Programs/st/stm32cubeide_1.17.0/plugins/com.st.stm32cube.ide.mcu.externaltools.gnu-tools-for-stm32.13.3.rel1.linux64_1.0.0.202410170706/tools/bin/../lib/gcc/arm-none-eabi/13.3.1/thumb/v7e-m+fp/hard/libgcc.a(_udivmoddi4.o)
                                  0x8 (size before relaxing)
                0x0800e718                        __exidx_end = .
                0x0800e718                        . = ALIGN (0x4)

.preinit_array  0x0800e718        0x0
                0x0800e718                        . = ALIGN (0x4)
                0x0800e718                        PROVIDE (__preinit_array_start = .)
 *(.preinit_array*)
                0x0800e718                        PROVIDE (__preinit_array_end = .)
                0x0800e718                        . = ALIGN (0x4)

.init_array     0x0800e718        0x4
                0x0800e718                        . = ALIGN (0x4)
                0x0800e718                        PROVIDE (__init_array_start = .)
 *(SORT_BY_NAME(.init_array.*))
 *(.init_array*)
 .init_array    0x0800e718        0x4 /home/zuidec/Programs/st/stm32cubeide_1.17.0/plugins/com.st.stm32cube.ide.mcu.externaltools.gnu-tools-for-stm32.13.3.rel1.linux64_1.0.0.202410170706/tools/bin/../lib/gcc/arm-none-eabi/13.3.1/thumb/v7e-m+fp/hard/crtbegin.o
                0x0800e71c                        PROVIDE (__init_array_end = .)
                0x0800e71c                        . = ALIGN (0x4)

.fini_array     0x0800e71c        0x4
                0x0800e71c                        . = ALIGN (0x4)
                [!provide]                        PROVIDE (__fini_array_start = .)
 *(SORT_BY_NAME(.fini_array.*))
 *(.fini_array*)
 .fini_array    0x0800e71c        0x4 /home/zuidec/Programs/st/stm32cubeide_1.17.0/plugins/com.st.stm32cube.ide.mcu.externaltools.gnu-tools-for-stm32.13.3.rel1.linux64_1.0.0.202410170706/tools/bin/../lib/gcc/arm-none-eabi/13.3.1/thumb/v7e-m+fp/hard/crtbegin.o
                [!provide]                        PROVIDE (__fini_array_end = .)
                0x0800e720                        . = ALIGN (0x4)
                0x0800e720                        _sidata = LOADADDR (.data)

.rel.dyn        0x0800e720        0x0
 .rel.iplt      0x0800e720        0x0 /home/zuidec/Programs/st/stm32cubeide_1.17.0/plugins/com.st.stm32cube.ide.mcu.externaltools.gnu-tools-for-stm32.13.3.rel1.linux64_1.0.0.202410170706/tools/bin/../lib/gcc/arm-none-eabi/13.3.1/thumb/v7e-m+fp/hard/crtbegin.o

.data           0x20000000      0x170 load address 0x0800e720
                0x20000000                        . = ALIGN (0x4)
                0x20000000                        _sdata = .
 *(.data)
 *(.data*)
 .data.flash_handle
                0x20000000        0xc ./Core/Src/main.o
                0x20000000                flash_handle
 .data.SystemCoreClock
                0x2000000c        0x4 ./Core/Src/system_stm32f4xx.o
                0x2000000c                SystemCoreClock
 .data.uwTickPrio
                0x20000010        0x4 ./Drivers/STM32F4xx_HAL_Driver/Src/stm32f4xx_hal.o
                0x20000010                uwTickPrio
 .data.uwTickFreq
                0x20000014        0x1 ./Drivers/STM32F4xx_HAL_Driver/Src/stm32f4xx_hal.o
                0x20000014                uwTickFreq
 *fill*         0x20000015        0x3 
 .data.USBD_CUSTOM_HID
                0x20000018       0x38 ./Middlewares/ST/STM32_USB_Device_Library/Class/CustomHID/Src/usbd_customhid.o
                0x20000018                USBD_CUSTOM_HID
 .data.USBD_CUSTOM_HID_CfgDesc
                0x20000050       0x29 ./Middlewares/ST/STM32_USB_Device_Library/Class/CustomHID/Src/usbd_customhid.o
 *fill*         0x20000079        0x3 
 .data.USBD_CUSTOM_HID_Desc
                0x2000007c        0x9 ./Middlewares/ST/STM32_USB_Device_Library/Class/CustomHID/Src/usbd_customhid.o
 *fill*         0x20000085        0x3 
 .data.USBD_CUSTOM_HID_DeviceQualifierDesc
                0x20000088        0xa ./Middlewares/ST/STM32_USB_Device_Library/Class/CustomHID/Src/usbd_customhid.o
 .data.CUSTOMHIDInEpAdd
                0x20000092        0x1 ./Middlewares/ST/STM32_USB_Device_Library/Class/CustomHID/Src/usbd_customhid.o
 .data.CUSTOMHIDOutEpAdd
                0x20000093        0x1 ./Middlewares/ST/STM32_USB_Device_Library/Class/CustomHID/Src/usbd_customhid.o
 .data.CUSTOM_HID_ReportDesc_FS
                0x20000094       0x2c ./USB_DEVICE/App/usbd_custom_hid_if.o
 .data.USBD_CustomHID_fops_FS
                0x200000c0       0x10 ./USB_DEVICE/App/usbd_custom_hid_if.o
                0x200000c0                USBD_CustomHID_fops_FS
 .data.FS_Desc  0x200000d0       0x1c ./USB_DEVICE/App/usbd_desc.o
                0x200000d0                FS_Desc
 .data.USBD_FS_DeviceDesc
                0x200000ec       0x12 ./USB_DEVICE/App/usbd_desc.o
                0x200000ec                USBD_FS_DeviceDesc
 *fill*         0x200000fe        0x2 
 .data.USBD_LangIDDesc
                0x20000100        0x4 ./USB_DEVICE/App/usbd_desc.o
                0x20000100                USBD_LangIDDesc
 .data.USBD_StringSerial
                0x20000104       0x1a ./USB_DEVICE/App/usbd_desc.o
                0x20000104                USBD_StringSerial
 *fill*         0x2000011e        0x2 
 .data._impure_ptr
                0x20000120        0x4 /home/zuidec/Programs/st/stm32cubeide_1.17.0/plugins/com.st.stm32cube.ide.mcu.externaltools.gnu-tools-for-stm32.13.3.rel1.linux64_1.0.0.202410170706/tools/bin/../lib/gcc/arm-none-eabi/13.3.1/../../../../arm-none-eabi/lib/thumb/v7e-m+fp/hard/libc_nano.a(libc_a-impure.o)
                0x20000120                _impure_ptr
 .data._impure_data
                0x20000124       0x4c /home/zuidec/Programs/st/stm32cubeide_1.17.0/plugins/com.st.stm32cube.ide.mcu.externaltools.gnu-tools-for-stm32.13.3.rel1.linux64_1.0.0.202410170706/tools/bin/../lib/gcc/arm-none-eabi/13.3.1/../../../../arm-none-eabi/lib/thumb/v7e-m+fp/hard/libc_nano.a(libc_a-impure.o)
                0x20000124                _impure_data
 *(.RamFunc)
 *(.RamFunc*)
                0x20000170                        . = ALIGN (0x4)
                0x20000170                        _edata = .
                0x0800e890                        _siccmram = LOADADDR (.ccmram)

.igot.plt       0x20000170        0x0 load address 0x0800e890
 .igot.plt      0x20000170        0x0 /home/zuidec/Programs/st/stm32cubeide_1.17.0/plugins/com.st.stm32cube.ide.mcu.externaltools.gnu-tools-for-stm32.13.3.rel1.linux64_1.0.0.202410170706/tools/bin/../lib/gcc/arm-none-eabi/13.3.1/thumb/v7e-m+fp/hard/crtbegin.o

.ccmram         0x10000000        0x0 load address 0x0800e890
                0x10000000                        . = ALIGN (0x4)
                0x10000000                        _sccmram = .
 *(.ccmram)
 *(.ccmram*)
                0x10000000                        . = ALIGN (0x4)
                0x10000000                        _eccmram = .
                0x10000000                        . = ALIGN (0x4)

.bss            0x20000170     0x1030
                0x20000170                        _sbss = .
                0x20000170                        __bss_start__ = _sbss
 *(.bss)
 .bss           0x20000170       0x1c /home/zuidec/Programs/st/stm32cubeide_1.17.0/plugins/com.st.stm32cube.ide.mcu.externaltools.gnu-tools-for-stm32.13.3.rel1.linux64_1.0.0.202410170706/tools/bin/../lib/gcc/arm-none-eabi/13.3.1/thumb/v7e-m+fp/hard/crtbegin.o
 *(.bss*)
 .bss.crc_handle
                0x2000018c        0x4 ./Core/Src/com_packet.o
 .bss.hadc1     0x20000190       0x48 ./Core/Src/main.o
                0x20000190                hadc1
 .bss.hdma_adc1
                0x200001d8       0x60 ./Core/Src/main.o
                0x200001d8                hdma_adc1
 .bss.hcrc      0x20000238        0x8 ./Core/Src/main.o
                0x20000238                hcrc
 .bss.hspi1     0x20000240       0x58 ./Core/Src/main.o
                0x20000240                hspi1
 .bss.htim3     0x20000298       0x48 ./Core/Src/main.o
                0x20000298                htim3
 .bss.htim4     0x200002e0       0x48 ./Core/Src/main.o
                0x200002e0                htim4
 .bss.htim8     0x20000328       0x48 ./Core/Src/main.o
                0x20000328                htim8
 .bss.huart4    0x20000370       0x48 ./Core/Src/main.o
                0x20000370                huart4
 .bss.huart3    0x200003b8       0x48 ./Core/Src/main.o
                0x200003b8                huart3
 .bss.hdma_uart4_rx
                0x20000400       0x60 ./Core/Src/main.o
                0x20000400                hdma_uart4_rx
 .bss.hdma_uart4_tx
                0x20000460       0x60 ./Core/Src/main.o
                0x20000460                hdma_uart4_tx
 .bss.hdma_usart3_rx
                0x200004c0       0x60 ./Core/Src/main.o
                0x200004c0                hdma_usart3_rx
 .bss.hdma_usart3_tx
                0x20000520       0x60 ./Core/Src/main.o
                0x20000520                hdma_usart3_tx
 .bss.adc_buffer
                0x20000580        0x4 ./Core/Src/main.o
                0x20000580                adc_buffer
 .bss.IRQ_Calibrate_Flag
                0x20000584        0x1 ./Core/Src/main.o
                0x20000584                IRQ_Calibrate_Flag
 *fill*         0x20000585        0x3 
 .bss.cyclic_report
                0x20000588        0x8 ./Core/Src/main.o
                0x20000588                cyclic_report
 .bss.roll_calibrations
                0x20000590       0x18 ./Core/Src/main.o
                0x20000590                roll_calibrations
 .bss.pitch_calibrations
                0x200005a8       0x18 ./Core/Src/main.o
                0x200005a8                pitch_calibrations
 .bss.pitch_motor
                0x200005c0       0x20 ./Core/Src/main.o
                0x200005c0                pitch_motor
 .bss.roll_motor
                0x200005e0       0x20 ./Core/Src/main.o
                0x200005e0                roll_motor
 .bss.roll_filter
                0x20000600        0x8 ./Core/Src/main.o
                0x20000600                roll_filter
 .bss.pitch_filter
                0x20000608        0x8 ./Core/Src/main.o
                0x20000608                pitch_filter
 .bss.__sbrk_heap_end
                0x20000610        0x4 ./Core/Src/sysmem.o
 .bss.uart_instances
                0x20000614       0x20 ./Core/Src/uart.o
 .bss.uart_instance_id
                0x20000634        0x1 ./Core/Src/uart.o
 *fill*         0x20000635        0x3 
 .bss.uwTick    0x20000638        0x4 ./Drivers/STM32F4xx_HAL_Driver/Src/stm32f4xx_hal.o
                0x20000638                uwTick
 .bss.cfgidx.0  0x2000063c        0x1 ./Middlewares/ST/STM32_USB_Device_Library/Core/Src/usbd_ctlreq.o
 *fill*         0x2000063d        0x3 
 .bss.hUsbDeviceFS
                0x20000640      0x2dc ./USB_DEVICE/App/usb_device.o
                0x20000640                hUsbDeviceFS
 .bss.USBD_StrDesc
                0x2000091c      0x200 ./USB_DEVICE/App/usbd_desc.o
                0x2000091c                USBD_StrDesc
 .bss.hpcd_USB_OTG_FS
                0x20000b1c      0x4e4 ./USB_DEVICE/Target/usbd_conf.o
                0x20000b1c                hpcd_USB_OTG_FS
 .bss.mem.0     0x20001000       0x58 ./USB_DEVICE/Target/usbd_conf.o
 .bss.__sf      0x20001058      0x138 /home/zuidec/Programs/st/stm32cubeide_1.17.0/plugins/com.st.stm32cube.ide.mcu.externaltools.gnu-tools-for-stm32.13.3.rel1.linux64_1.0.0.202410170706/tools/bin/../lib/gcc/arm-none-eabi/13.3.1/../../../../arm-none-eabi/lib/thumb/v7e-m+fp/hard/libc_nano.a(libc_a-findfp.o)
                0x20001058                __sf
 .bss.errno     0x20001190        0x4 /home/zuidec/Programs/st/stm32cubeide_1.17.0/plugins/com.st.stm32cube.ide.mcu.externaltools.gnu-tools-for-stm32.13.3.rel1.linux64_1.0.0.202410170706/tools/bin/../lib/gcc/arm-none-eabi/13.3.1/../../../../arm-none-eabi/lib/thumb/v7e-m+fp/hard/libc_nano.a(libc_a-reent.o)
                0x20001190                errno
 .bss.__lock___malloc_recursive_mutex
                0x20001194        0x1 /home/zuidec/Programs/st/stm32cubeide_1.17.0/plugins/com.st.stm32cube.ide.mcu.externaltools.gnu-tools-for-stm32.13.3.rel1.linux64_1.0.0.202410170706/tools/bin/../lib/gcc/arm-none-eabi/13.3.1/../../../../arm-none-eabi/lib/thumb/v7e-m+fp/hard/libc_nano.a(libc_a-lock.o)
                0x20001194                __lock___malloc_recursive_mutex
 *fill*         0x20001195        0x3 
 .bss.__malloc_sbrk_start
                0x20001198        0x4 /home/zuidec/Programs/st/stm32cubeide_1.17.0/plugins/com.st.stm32cube.ide.mcu.externaltools.gnu-tools-for-stm32.13.3.rel1.linux64_1.0.0.202410170706/tools/bin/../lib/gcc/arm-none-eabi/13.3.1/../../../../arm-none-eabi/lib/thumb/v7e-m+fp/hard/libc_nano.a(libc_a-mallocr.o)
                0x20001198                __malloc_sbrk_start
 .bss.__malloc_free_list
                0x2000119c        0x4 /home/zuidec/Programs/st/stm32cubeide_1.17.0/plugins/com.st.stm32cube.ide.mcu.externaltools.gnu-tools-for-stm32.13.3.rel1.linux64_1.0.0.202410170706/tools/bin/../lib/gcc/arm-none-eabi/13.3.1/../../../../arm-none-eabi/lib/thumb/v7e-m+fp/hard/libc_nano.a(libc_a-mallocr.o)
                0x2000119c                __malloc_free_list
 *(COMMON)
                0x200011a0                        . = ALIGN (0x4)
                0x200011a0                        _ebss = .
                0x200011a0                        __bss_end__ = _ebss

._user_heap_stack
                0x200011a0      0x600
                0x200011a0                        . = ALIGN (0x8)
                [!provide]                        PROVIDE (end = .)
                0x200011a0                        PROVIDE (_end = .)
                0x200013a0                        . = (. + _Min_Heap_Size)
 *fill*         0x200011a0      0x200 
                0x200017a0                        . = (. + _Min_Stack_Size)
 *fill*         0x200013a0      0x400 
                0x200017a0                        . = ALIGN (0x8)

/DISCARD/
 libc.a(*)
 libm.a(*)
 libgcc.a(*)

.ARM.attributes
                0x00000000       0x30
 *(.ARM.attributes)
 .ARM.attributes
                0x00000000       0x22 /home/zuidec/Programs/st/stm32cubeide_1.17.0/plugins/com.st.stm32cube.ide.mcu.externaltools.gnu-tools-for-stm32.13.3.rel1.linux64_1.0.0.202410170706/tools/bin/../lib/gcc/arm-none-eabi/13.3.1/thumb/v7e-m+fp/hard/crti.o
 .ARM.attributes
                0x00000022       0x34 /home/zuidec/Programs/st/stm32cubeide_1.17.0/plugins/com.st.stm32cube.ide.mcu.externaltools.gnu-tools-for-stm32.13.3.rel1.linux64_1.0.0.202410170706/tools/bin/../lib/gcc/arm-none-eabi/13.3.1/thumb/v7e-m+fp/hard/crtbegin.o
 .ARM.attributes
                0x00000056       0x34 ./Core/Src/bitutils.o
 .ARM.attributes
                0x0000008a       0x34 ./Core/Src/calibration.o
 .ARM.attributes
                0x000000be       0x34 ./Core/Src/com_packet.o
 .ARM.attributes
                0x000000f2       0x34 ./Core/Src/fifo.o
 .ARM.attributes
                0x00000126       0x34 ./Core/Src/input_filter.o
 .ARM.attributes
                0x0000015a       0x34 ./Core/Src/main.o
 .ARM.attributes
                0x0000018e       0x34 ./Core/Src/stepper.o
 .ARM.attributes
                0x000001c2       0x34 ./Core/Src/stm32f4xx_hal_msp.o
 .ARM.attributes
                0x000001f6       0x34 ./Core/Src/stm32f4xx_it.o
 .ARM.attributes
                0x0000022a       0x34 ./Core/Src/sysmem.o
 .ARM.attributes
                0x0000025e       0x34 ./Core/Src/system_stm32f4xx.o
 .ARM.attributes
                0x00000292       0x34 ./Core/Src/uart.o
 .ARM.attributes
                0x000002c6       0x34 ./Core/Src/w25q16jv.o
 .ARM.attributes
                0x000002fa       0x21 ./Core/Startup/startup_stm32f407vetx.o
 .ARM.attributes
                0x0000031b       0x34 ./Drivers/STM32F4xx_HAL_Driver/Src/stm32f4xx_hal.o
 .ARM.attributes
                0x0000034f       0x34 ./Drivers/STM32F4xx_HAL_Driver/Src/stm32f4xx_hal_adc.o
 .ARM.attributes
                0x00000383       0x34 ./Drivers/STM32F4xx_HAL_Driver/Src/stm32f4xx_hal_adc_ex.o
 .ARM.attributes