../Core/Src/main.c:107:5:main	1464	static
../Core/Src/main.c:277:6:SystemClock_Config	88	static
../Core/Src/main.c:319:6:init_steppers	8	static
../Core/Src/main.c:343:6:init_flash	4	static
../Core/Src/main.c:350:6:init_cyclic_input	16	static
../Core/Src/main.c:360:6:update_cyclic_input	16	static
../Core/Src/main.c:374:6:HAL_ADC_ConvCpltCallback	16	static
../Core/Src/main.c:379:6:calibration_routine	104	static
../Core/Src/main.c:405:6:calibrate_axis	192	static
../Core/Src/main.c:446:6:load_calibrations	56	dynamic
../Core/Src/main.c:460:6:save_calibrations	88	dynamic
../Core/Src/main.c:481:6:HAL_GPIO_EXTI_Callback	16	static
../Core/Src/main.c:490:6:Error_Handler	4	static,ignoring_inline_asm
