../Core/Src/main.c:126:5:main	1448	static
../Core/Src/main.c:288:6:SystemClock_Config	88	static
../Core/Src/main.c:334:13:MX_ADC1_Init	24	static
../Core/Src/main.c:395:13:MX_CRC_Init	8	static
../Core/Src/main.c:421:13:MX_SPI1_Init	8	static
../Core/Src/main.c:459:13:MX_TIM3_Init	32	static
../Core/Src/main.c:504:13:MX_TIM4_Init	80	static
../Core/Src/main.c:570:13:MX_TIM8_Init	40	static
../Core/Src/main.c:621:13:MX_UART4_Init	8	static
../Core/Src/main.c:654:13:MX_USART3_UART_Init	8	static
../Core/Src/main.c:685:13:MX_DMA_Init	16	static
../Core/Src/main.c:716:13:MX_GPIO_Init	56	static
../Core/Src/main.c:851:6:init_steppers	8	static
../Core/Src/main.c:875:6:init_flash	4	static
../Core/Src/main.c:885:6:init_cyclic_input	16	static
../Core/Src/main.c:895:6:update_cyclic_input	16	static
../Core/Src/main.c:909:6:HAL_ADC_ConvCpltCallback	16	static
../Core/Src/main.c:914:6:calibration_routine	104	static
../Core/Src/main.c:939:6:calibrate_axis	192	static
../Core/Src/main.c:980:6:load_calibrations	56	dynamic
../Core/Src/main.c:994:6:save_calibrations	88	dynamic
../Core/Src/main.c:1015:6:HAL_GPIO_EXTI_Callback	16	static
../Core/Src/main.c:1024:6:Error_Handler	4	static,ignoring_inline_asm
