../Core/Src/main.c:108:5:main	1464	static
../Core/Src/main.c:285:6:SystemClock_Config	88	static
../Core/Src/main.c:327:6:init_steppers	8	static
../Core/Src/main.c:351:6:init_flash	4	static
../Core/Src/main.c:358:6:init_cyclic_input	16	static
../Core/Src/main.c:368:6:update_cyclic_input	16	static
../Core/Src/main.c:382:6:HAL_ADC_ConvCpltCallback	16	static
../Core/Src/main.c:387:6:calibration_routine	104	static
../Core/Src/main.c:413:6:calibrate_axis	192	static
../Core/Src/main.c:454:6:load_calibrations	56	dynamic
../Core/Src/main.c:468:6:save_calibrations	88	dynamic
../Core/Src/main.c:489:6:HAL_GPIO_EXTI_Callback	16	static
../Core/Src/main.c:498:6:Error_Handler	4	static,ignoring_inline_asm
