../Middlewares/ST/STM32_USB_Device_Library/Class/CustomHID/Src/usbd_customhid.c:248:16:USBD_CUSTOM_HID_Init	24	static
../Middlewares/ST/STM32_USB_Device_Library/Class/CustomHID/Src/usbd_customhid.c:313:16:USBD_CUSTOM_HID_DeInit	16	static
../Middlewares/ST/STM32_USB_Device_Library/Class/CustomHID/Src/usbd_customhid.c:352:16:USBD_CUSTOM_HID_Setup	40	static
../Middlewares/ST/STM32_USB_Device_Library/Class/CustomHID/Src/usbd_customhid.c:549:9:USBD_CUSTOM_HID_SendReport	32	static
../Middlewares/ST/STM32_USB_Device_Library/Class/CustomHID/Src/usbd_customhid.c:587:17:USBD_CUSTOM_HID_GetFSCfgDesc	24	static
../Middlewares/ST/STM32_USB_Device_Library/Class/CustomHID/Src/usbd_customhid.c:615:17:USBD_CUSTOM_HID_GetHSCfgDesc	24	static
../Middlewares/ST/STM32_USB_Device_Library/Class/CustomHID/Src/usbd_customhid.c:643:17:USBD_CUSTOM_HID_GetOtherSpeedCfgDesc	24	static
../Middlewares/ST/STM32_USB_Device_Library/Class/CustomHID/Src/usbd_customhid.c:672:16:USBD_CUSTOM_HID_DataIn	16	static
../Middlewares/ST/STM32_USB_Device_Library/Class/CustomHID/Src/usbd_customhid.c:690:16:USBD_CUSTOM_HID_DataOut	24	static
../Middlewares/ST/STM32_USB_Device_Library/Class/CustomHID/Src/usbd_customhid.c:717:9:USBD_CUSTOM_HID_ReceivePacket	24	static
../Middlewares/ST/STM32_USB_Device_Library/Class/CustomHID/Src/usbd_customhid.c:747:16:USBD_CUSTOM_HID_EP0_RxReady	24	static
../Middlewares/ST/STM32_USB_Device_Library/Class/CustomHID/Src/usbd_customhid.c:773:17:USBD_CUSTOM_HID_GetDeviceQualifierDesc	16	static
../Middlewares/ST/STM32_USB_Device_Library/Class/CustomHID/Src/usbd_customhid.c:786:9:USBD_CUSTOM_HID_RegisterInterface	16	static
